******************************************************************************
              TMS320C55x Linker PC v4.4.1                      
******************************************************************************
>> Linked Fri Feb 23 09:27:32 2018

OUTPUT FILE NAME:   <Project3_v2.out>
ENTRY POINT SYMBOL: "_c_int00"  address: 0000b6dd


MEMORY CONFIGURATION

         name            origin    length      used     unused   attr    fill
                        (bytes)   (bytes)    (bytes)   (bytes)
----------------------  --------  ---------  --------  --------  ----  --------
  DARAM                 000000c0   0000fe40  0000bf00  00003f40  RWIX
  VECT                  0000ff00   00000100  00000100  00000000  RWIX
  SARAM                 00010000   00040000  00000000  00040000  RWIX


SECTION ALLOCATION MAP
(Addresses surrounded by []'s are displayed for convenience only!)

output                                                          attributes/
section   page  orgn(bytes) orgn(words) len(bytes) len(words)   input sections
--------  ----  ----------- ----------- ---------- ----------   --------------
.vers        0   [ 00000000 ]  00000000          *   0000003c   COPY SECTION
                 [ 00000000 ]  00000000          *   0000003c   hellocfg.obj (.vers)

.prd         0   [ 000000c0 ]  00000060          *   00000000   UNINITIALIZED

.text        0     000000c0  [ 00000060 ] 000039d6          *   
                   000000c0  [ 00000060 ] 00000c3c          *   cslVC5505.lib : csl_i2c.obj (.text)
                   00000cfc  [ 0000067e ] 00000b18          *                 : csl_sar.obj (.text)
                   00001814  [ 00000c0a ] 000009f3          *                 : csl_i2s.obj (.text)
                   00002207  [ 00001103+] 0000068d          *                 : csl_gpio.obj (.text)
                   00002894  [ 0000144a ] 00000555          *   aic3204.obj (.text)
                   00002de9  [ 000016f4+] 0000026e          *   audioProcessing.obj (.text)
                   00003057  [ 0000182b+] 000001e7          *   ezdsp5535bsl.lib : ezdsp5535_led.obj (.text)
                   0000323e  [ 0000191f ] 0000017a          *                    : ezdsp5535_sar.obj (.text)
                   000033b8  [ 000019dc ] 00000107          *                    : ezdsp5535_i2s.obj (.text)
                   000034bf  [ 00001a5f+] 000000a1          *   rts55x.lib : divul.obj (.text)
                   00003560  [ 00001ab0 ] 0000008e          *   ezdsp5535bsl.lib : ezdsp5535_i2c.obj (.text)
                   000035ee  [ 00001af7 ] 0000008c          *   myfir.obj (.text)
                   0000367a  [ 00001b3d ] 00000087          *   ezdsp5535bsl.lib : ezdsp5535_gpio.obj (.text)
                   00003701  [ 00001b80+] 00000075          *   rts55x.lib : sinit.obj (.text)
                   00003776  [ 00001bbb ] 00000072          *              : remul.obj (.text)
                   000037e8  [ 00001bf4 ] 0000006f          *              : atexit.obj (.text)
                   00003857  [ 00001c2b ] 00000001          *   --HOLE-- [fill = 20]
                   00003858  [ 00001c2c ] 00000067          *   bios.a55L : c55_enable.o55L (.text)
                   000038bf  [ 00001c5f ] 00000001          *   --HOLE-- [fill = 20]
                   000038c0  [ 00001c60 ] 0000005c          *             : tsk_stup.o55L (.text)
                   0000391c  [ 00001c8e ] 00000054          *   ezdsp5535bsl.lib : ezdsp5535.obj (.text)
                   00003970  [ 00001cb8 ] 00000043          *   main.obj (.text)
                   000039b3  [ 00001cd9+] 0000003f          *   rts55x.lib : memcpy.obj (.text)
                   000039f2  [ 00001cf9 ] 0000003e          *              : exit.obj (.text)
                   00003a30  [ 00001d18 ] 00000039          *   myNCO.obj (.text)
                   00003a69  [ 00001d34+] 00000013          *   rts55x.lib : lmpy.obj (.text)
                   00003a7c  [ 00001d3e ] 00000012          *              : _lock.obj (.text)
                   00003a8e  [ 00001d47 ] 00000007          *              : exit.obj (.text:CIO_breakpoint)
                   00003a95  [ 00001d4a ] 00000001          *   --HOLE-- [fill = 20]

.data        0   [ 000000c0 ]  00000060          *   00000000   UNINITIALIZED

.mem         0   [ 00003a96 ]  00001d4b          *   00000001   UNINITIALIZED
                 [ 00003a96 ]  00001d4b          *   00000001   hellocfg.obj (.mem)

.bios        0     00003a98  [ 00001d4c ] 000020fc          *   
                   00003a98  [ 00001d4c ] 000003d4          *   bios.a55L : swi.o55L (.bios)
                   00003e6c  [ 00001f36 ] 000003a3          *   lnkrtdx.a55L : rtdx.o55L (.bios)
                   0000420f  [ 00002107+] 0000035f          *   bios.a55L : hwi_disp_asm.o55L (.bios)
                   0000456e  [ 000022b7 ] 00000002          *   --HOLE-- [fill = 20]
                   00004570  [ 000022b8 ] 0000018b          *             : sem_pend.o55L (.bios)
                   000046fb  [ 0000237d+] 00000186          *             : prd.o55L (.bios)
                   00004881  [ 00002440 ] 00000003          *   --HOLE-- [fill = 20]
                   00004884  [ 00002442 ] 00000185          *             : knl_run.o55L (.bios)
                   00004a09  [ 00002504 ] 00000003          *   --HOLE-- [fill = 20]
                   00004a0c  [ 00002506 ] 00000144          *             : knl_tick.o55L (.bios)
                   00004b50  [ 000025a8 ] 00000130          *             : rta.o55L (.bios)
                   00004c80  [ 00002640 ] 00000119          *             : pip.o55L (.bios)
                   00004d99  [ 000026cc+] 0000010e          *             : knl_swit.o55L (.bios)
                   00004ea7  [ 00002753 ] 00000001          *   --HOLE-- [fill = 20]
                   00004ea8  [ 00002754 ] 00000104          *             : sem_dopo.o55L (.bios)
                   00004fac  [ 000027d6 ] 000000f8          *             : tsk_exit.o55L (.bios)
                   000050a4  [ 00002852 ] 000000f6          *             : tsk_setu.o55L (.bios)
                   0000519a  [ 000028cd ] 00000002          *   --HOLE-- [fill = 20]
                   0000519c  [ 000028ce ] 000000bf          *             : tsk_stup.o55L (.bios)
                   0000525b  [ 0000292d+] 000000a2          *             : c55_c.o55L (.bios)
                   000052fd  [ 0000297e ] 00000003          *   --HOLE-- [fill = 20]
                   00005300  [ 00002980 ] 00000090          *   bios5505.a55L : clk5505_start.o55L (.bios)
                   00005390  [ 000029c8 ] 0000008d          *   bios.a55L : knl_chec.o55L (.bios)
                   0000541d  [ 00002a0e ] 00000003          *   --HOLE-- [fill = 20]
                   00005420  [ 00002a10 ] 0000008d          *   bios5505.a55L : clk5505_isr.o55L (.bios)
                   000054ad  [ 00002a56 ] 00000003          *   --HOLE-- [fill = 20]
                   000054b0  [ 00002a58 ] 00000087          *                 : clk5505_htime.o55L (.bios)
                   00005537  [ 00002a9b+] 00000082          *   bios.a55L : sem_post_asm.o55L (.bios)
                   000055b9  [ 00002adc ] 00000003          *   --HOLE-- [fill = 20]
                   000055bc  [ 00002ade ] 00000068          *   bios5505.a55L : clk5505_meas.o55L (.bios)
                   00005624  [ 00002b12 ] 00000062          *   bios.a55L : log_printf.o55L (.bios)
                   00005686  [ 00002b43 ] 00000002          *   --HOLE-- [fill = 20]
                   00005688  [ 00002b44 ] 0000005f          *             : knl_exit.o55L (.bios)
                   000056e7  [ 00002b73 ] 00000001          *   --HOLE-- [fill = 20]
                   000056e8  [ 00002b74 ] 0000005b          *             : knl_ipos.o55L (.bios)
                   00005743  [ 00002ba1 ] 00000001          *   --HOLE-- [fill = 20]
                   00005744  [ 00002ba2 ] 00000058          *             : lck.o55L (.bios)
                   0000579c  [ 00002bce ] 00000051          *             : log.o55L (.bios)
                   000057ed  [ 00002bf6+] 0000004e          *             : sem_pend_counting.o55L (.bios)
                   0000583b  [ 00002c1d ] 00000001          *   --HOLE-- [fill = 20]
                   0000583c  [ 00002c1e ] 00000048          *             : sem_post.o55L (.bios)
                   00005884  [ 00002c42 ] 00000048          *             : sts.o55L (.bios)
                   000058cc  [ 00002c66 ] 00000048          *             : sys_exit.o55L (.bios)
                   00005914  [ 00002c8a ] 00000047          *             : idl_busy.o55L (.bios)
                   0000595b  [ 00002cad+] 00000046          *             : idl_cal.o55L (.bios)
                   000059a1  [ 00002cd0+] 00000043          *             : rta_andn.o55L (.bios)
                   000059e4  [ 00002cf2 ] 00000036          *             : utl_putc.o55L (.bios)
                   00005a1a  [ 00002d0d ] 00000002          *   --HOLE-- [fill = 20]
                   00005a1c  [ 00002d0e ] 00000034          *             : knl_post.o55L (.bios)
                   00005a50  [ 00002d28 ] 00000034          *   bios5505.a55L : clk_itime.o55L (.bios)
                   00005a84  [ 00002d42 ] 00000025          *   bios.a55L : fxn.o55L (.bios)
                   00005aa9  [ 00002d54+] 00000024          *             : idl_stub.o55L (.bios)
                   00005acd  [ 00002d66 ] 00000003          *   --HOLE-- [fill = 20]
                   00005ad0  [ 00002d68 ] 00000023          *             : utl_doab.o55L (.bios)
                   00005af3  [ 00002d79 ] 00000001          *   --HOLE-- [fill = 20]
                   00005af4  [ 00002d7a ] 00000020          *             : utl_doer.o55L (.bios)
                   00005b14  [ 00002d8a ] 0000001a          *             : hwi_xable.o55L (.bios)
                   00005b2e  [ 00002d97 ] 00000017          *             : clk_run.o55L (.bios)
                   00005b45  [ 00002da2 ] 00000003          *   --HOLE-- [fill = 20]
                   00005b48  [ 00002da4 ] 00000017          *             : sys_abor.o55L (.bios)
                   00005b5f  [ 00002daf+] 0000000c          *             : idl.o55L (.bios)
                   00005b6b  [ 00002db5+] 00000009          *             : swi_disable.o55L (.bios)
                   00005b74  [ 00002dba ] 00000008          *             : utl_halt.o55L (.bios)
                   00005b7c  [ 00002dbe ] 00000007          *             : sts_set.o55L (.bios)
                   00005b83  [ 00002dc1+] 00000006          *             : gbl_vers.o55L (.bios)
                   00005b89  [ 00002dc4 ] 00000003          *   --HOLE-- [fill = 20]
                   00005b8c  [ 00002dc6 ] 00000002          *             : fxn_c.o55L (.bios)
                   00005b8e  [ 00002dc7 ] 00000002          *   --HOLE-- [fill = 20]
                   00005b90  [ 00002dc8 ] 00000002          *   bios5505.a55L : clk5505_wdog.o55L (.bios)
                   00005b92  [ 00002dc9 ] 00000002          *   --HOLE-- [fill = 20]

.cinit       0   [ 00005b94 ]  00002dca          *   0000081a   
                 [ 00005b94 ]  00002dca          *   000002a8   hellocfg.obj (.cinit)
                 [ 000060e4 ]  00003072          *   00000208   myNCO.obj (.cinit)
                 [ 000064f4 ]  0000327a          *   00000115   audioProcessing.obj (.cinit)
                 [ 0000671e ]  0000338f          *   000000af   bios.a55L : biosdata.o55L (.cinit)
                 [ 0000687c ]  0000343e          *   000000a0             : knl.o55L (.cinit)
                 [ 000069bc ]  000034de          *   00000031             : tsk.o55L (.cinit)
                 [ 00006a1e ]  0000350f          *   0000002e             : tsk_stup.o55L (.cinit)
                 [ 00006a7a ]  0000353d          *   00000019             : rta.o55L (.cinit)
                 [ 00006aac ]  00003556          *   00000017   rtdxx.lib : buffer1.o55L (.cinit)
                 [ 00006ada ]  0000356d          *   0000000f   bios.a55L : utl_putc.o55L (.cinit)
                 [ 00006af8 ]  0000357c          *   0000000c   ezdsp5535bsl.lib : ezdsp5535_sar.obj (.cinit)
                 [ 00006b10 ]  00003588          *   0000000b   bios.a55L : knl_tick.o55L (.cinit)
                 [ 00006b26 ]  00003593          *   0000000a             : obj_init.o55L (.cinit)
                 [ 00006b3a ]  0000359d          *   0000000a             : sys.o55L (.cinit)
                 [ 00006b4e ]  000035a7          *   0000000a   rts55x.lib : _lock.obj (.cinit)
                 [ 00006b62 ]  000035b1          *   0000000a              : exit.obj (.cinit)
                 [ 00006b76 ]  000035bb          *   00000009   lnkrtdx.a55L : rtdx.o55L (.cinit)
                 [ 00006b88 ]  000035c4          *   00000008   cslVC5505.lib : csl_i2s.obj (.cinit)
                 [ 00006b98 ]  000035cc          *   00000008   rts55x.lib : atexit.obj (.cinit)
                 [ 00006ba8 ]  000035d4          *   00000005   bios.a55L : idl_busy.o55L (.cinit)
                 [ 00006bb2 ]  000035d9          *   00000005             : knl_swit.o55L (.cinit)
                 [ 00006bbc ]  000035de          *   00000005   rts55x.lib : sinit.obj (.cinit)
                 [ 00006bc6 ]  000035e3          *   00000001   --HOLE-- [fill = 0]

.bss         0   [ 00006bc8 ]  000035e4          *   0000078e   UNINITIALIZED
                 [ 00006bc8 ]  000035e4          *   00000320   audioProcessing.obj (.bss)
                 [ 00007208 ]  00003904          *   00000202   myNCO.obj (.bss)
                 [ 0000760c ]  00003b06          *   000000c2   rts55x.lib : atexit.obj (.bss)
                 [ 00007790 ]  00003bc8          *   0000008a   bios.a55L : knl.o55L (.bss)
                 [ 000078a4 ]  00003c52          *   00000030             : tsk.o55L (.bss)
                 [ 00007904 ]  00003c82          *   0000002a   cslVC5505.lib : csl_i2s.obj (.bss)
                 [ 00007958 ]  00003cac          *   00000028   bios.a55L : tsk_stup.o55L (.bss)
                 [ 000079a8 ]  00003cd4          *   00000023             : obj_init.o55L (.bss)
                 [ 000079ee ]  00003cf7          *   00000001   --HOLE--
                 [ 000079f0 ]  00003cf8          *   00000014             : sys.o55L (.bss)
                 [ 00007a18 ]  00003d0c          *   00000014   hellocfg.obj (.bss)
                 [ 00007a40 ]  00003d20          *   00000012   cslVC5505.lib : csl_i2c.obj (.bss)
                 [ 00007a64 ]  00003d32          *   0000000c   bios5505.a55L : clk5505_data.o55L (.bss)
                 [ 00007a7c ]  00003d3e          *   00000008   bios.a55L : knl_tick.o55L (.bss)
                 [ 00007a8c ]  00003d46          *   00000008   ezdsp5535bsl.lib : ezdsp5535_sar.obj (.bss)
                 [ 00007a9c ]  00003d4e          *   00000006   bios.a55L : utl_putc.o55L (.bss)
                 [ 00007aa8 ]  00003d54          *   00000006   rtdxx.lib : buffer1.o55L (.bss)
                 [ 00007ab4 ]  00003d5a          *   00000004   bios.a55L : clk_data.o55L (.bss)
                 [ 00007abc ]  00003d5e          *   00000004   ezdsp5535bsl.lib : ezdsp5535_gpio.obj (.bss)
                 [ 00007ac4 ]  00003d62          *   00000004   rts55x.lib : _lock.obj (.bss)
                 [ 00007acc ]  00003d66          *   00000004              : exit.obj (.bss)
                 [ 00007ad4 ]  00003d6a          *   00000002   bios.a55L : clk_data2.o55L (.bss)
                 [ 00007ad8 ]  00003d6c          *   00000002             : mem_asm.o55L (.bss)
                 [ 00007adc ]  00003d6e          *   00000002   ezdsp5535bsl.lib : ezdsp5535_i2s.obj (.bss)
                 [ 00007ae0 ]  00003d70          *   00000002   rts55x.lib : sinit.obj (.bss)

.sysstack 
*            0   [ 00007ae4 ]  00003d72          *   00000100   UNINITIALIZED
                 [ 00007ae4 ]  00003d72          *   00000100   --HOLE--

.stack       0   [ 00007ce4 ]  00003e72          *   00000400   UNINITIALIZED
                 [ 00007ce4 ]  00003e72          *   00000400   --HOLE--

.DARAM$heap 
*            0   [ 000084e4 ]  00004272          *   00000500   UNINITIALIZED
                 [ 000084e4 ]  00004272          *   00000500   --HOLE--

.TSK_idle$stk 
*            0   [ 00008ee4 ]  00004772          *   00000500   UNINITIALIZED
                 [ 00008ee4 ]  00004772          *   00000500   hellocfg.obj (.TSK_idle$stk)

.rtdx_text 
*            0     000098e4  [ 00004c72 ] 00000942          *   
                   000098e4  [ 00004c72 ] 000001db          *   rtdxx.lib : buffer1.o55L (.rtdx_text:_RTDX_write_next)
                   00009abf  [ 00004d5f+] 0000017c          *             : buffer1.o55L (.rtdx_text:_RTDX_Buffer_WriteCB)
                   00009c3b  [ 00004e1d+] 0000010f          *             : rtdx_mon.o55L (.rtdx_text:_RTDX_Init_RT_Monitor)
                   00009d4a  [ 00004ea5 ] 000000ec          *             : rtdx_mon.o55L (.rtdx_text:_RTDX_Poll)
                   00009e36  [ 00004f1b ] 000000b5          *             : buffer1.o55L (.rtdx_text:_claim)
                   00009eeb  [ 00004f75+] 00000093          *             : rtdx_mon.o55L (.rtdx_text:_StartXFer)
                   00009f7e  [ 00004fbf ] 00000088          *             : rtdx_mon.o55L (.rtdx_text:_RTDX_Mon_Queue)
                   0000a006  [ 00005003 ] 00000065          *             : rtdx_mon.o55L (.rtdx_text:_RTDX_H2TPoll)
                   0000a06b  [ 00005035+] 00000053          *             : buffer1.o55L (.rtdx_text:_RTDX_Buffer_Initialize)
                   0000a0be  [ 0000505f ] 0000004b          *             : buffer2.o55L (.rtdx_text:_RTDX_Buffer_ReadCB)
                   0000a109  [ 00005084+] 0000003c          *             : rtdx_mon.o55L (.rtdx_text:_RTDX_Final_RT_Monitor)
                   0000a145  [ 000050a2+] 0000003b          *             : buffer1.o55L (.rtdx_text:_RTDX_Buffer_Size)
                   0000a180  [ 000050c0 ] 0000002a          *             : intr_tgt.o55L (.rtdx_text:_RTDX_Mask_IER)
                   0000a1aa  [ 000050d5 ] 00000022          *             : buffer2.o55L (.rtdx_text:_RTDX_Buffer_Read)
                   0000a1cc  [ 000050e6 ] 0000001e          *             : intr_tgt.o55L (.rtdx_text:_RTDX_Set_IER)
                   0000a1ea  [ 000050f5 ] 0000001c          *             : buffer1.o55L (.rtdx_text:_RTDX_Buffer_Write)
                   0000a206  [ 00005103 ] 00000017          *             : rtdx_mon.o55L (.rtdx_text:_Allow_EmuAccess)
                   0000a21d  [ 0000510e+] 00000004          *             : rtdx_mon.o55L (.rtdx_text:_Disallow_EmuAccess)
                   0000a221  [ 00005110+] 00000004          *             : rtdx_mon.o55L (.rtdx_text:_Wait)
                   0000a225  [ 00005112 ] 00000001          *   --HOLE-- [fill = 20]

.sysdata     0   [ 0000a228 ]  00005114          *   000000ce   UNINITIALIZED
                 [ 0000a228 ]  00005114          *   000000b0   bios.a55L : biosdata.o55L (.sysdata)
                 [ 0000a388 ]  000051c4          *   00000016             : rta.o55L (.sysdata)
                 [ 0000a3b4 ]  000051da          *   00000006   lnkrtdx.a55L : rtdx.o55L (.sysdata)
                 [ 0000a3c0 ]  000051e0          *   00000002   bios.a55L : idl_busy.o55L (.sysdata)

.hst         0   [ 0000a3c4 ]  000051e2          *   0000001a   UNINITIALIZED
                 [ 0000a3c4 ]  000051e2          *   0000001a   hellocfg.obj (.hst)

.clk         0   [ 0000a3f8 ]  000051fc          *   00000004   UNINITIALIZED
                 [ 0000a3f8 ]  000051fc          *   00000004   hellocfg.obj (.clk)

.LOG_system$buf 
*            0   [ 0000a400 ]  00005200          *   00000200   UNINITIALIZED
                 [ 0000a400 ]  00005200          *   00000200   hellocfg.obj (.LOG_system$buf)

.trace$buf 
*            0   [ 0000a800 ]  00005400          *   00000400   UNINITIALIZED
                 [ 0000a800 ]  00005400          *   00000400   hellocfg.obj (.trace$buf)

.trace       0   [ 0000b000 ]  00005800          *   00000200   
                 [ 0000b000 ]  00005800          *   00000200   --HOLE-- [fill = 00]

.sysinit     0     0000b400  [ 00005a00 ] 00000350          *   
                   0000b400  [ 00005a00 ] 00000111          *   bios.a55L : mem_init.o55L (.sysinit)
                   0000b511  [ 00005a88+] 000000d5          *   hellocfg.obj (.sysinit)
                   0000b5e6  [ 00005af3 ] 00000002          *   --HOLE-- [fill = 20]
                   0000b5e8  [ 00005af4 ] 00000084          *   bios.a55L : tsk_init.o55L (.sysinit)
                   0000b66c  [ 00005b36 ] 00000071          *             : autoinit.o55L (.sysinit)
                   0000b6dd  [ 00005b6e+] 0000006f          *             : boot.o55L (.sysinit)
                   0000b74c  [ 00005ba6 ] 00000002          *             : obj_init.o55L (.sysinit)
                   0000b74e  [ 00005ba7 ] 00000002          *   --HOLE-- [fill = 20]

.rtdx_data 
*            0   [ 0000b750 ]  00005ba8          *   00000128   UNINITIALIZED
                 [ 0000b750 ]  00005ba8          *   00000102   hellocfg.obj (.rtdx_data)
                 [ 0000b954 ]  00005caa          *   00000012   rtdxx.lib : rtdx_mon.o55L (.rtdx_data)
                 [ 0000b978 ]  00005cbc          *   00000010             : buffer1.o55L (.rtdx_data)
                 [ 0000b998 ]  00005ccc          *   00000004   bios.a55L : rtdx_data.o55L (.rtdx_data)

.hwi_disp_sec 
*            0   [ 0000b9a0 ]  00005cd0          *   000000c0   UNINITIALIZED
                 [ 0000b9a0 ]  00005cd0          *   000000c0   bios.a55L : hwi_disp_asm.o55L (.hwi_disp_sec)

.const       0   [ 0000bb20 ]  00005d90          *   000000af   
                 [ 0000bb20 ]  00005d90          *   0000004f   bios.a55L : tsk_stup.o55L (.const)
                 [ 0000bbbe ]  00005ddf          *   00000001   --HOLE-- [fill = 0]
                 [ 0000bbc0 ]  00005de0          *   00000023             : utl_doab.o55L (.const)
                 [ 0000bc06 ]  00005e03          *   00000001   --HOLE-- [fill = 0]
                 [ 0000bc08 ]  00005e04          *   00000022             : utl_doer.o55L (.const)
                 [ 0000bc4c ]  00005e26          *   0000000d   main.obj (.const:.string)
                 [ 0000bc66 ]  00005e33          *   00000001   --HOLE-- [fill = 0]
                 [ 0000bc68 ]  00005e34          *   00000006   rtdxx.lib : rtdx_mon.o55L (.const)
                 [ 0000bc74 ]  00005e3a          *   00000004             : buffer1.o55L (.const)
                 [ 0000bc7c ]  00005e3e          *   00000001   bios.a55L : tsk.o55L (.const)

.printf      0   [ 0000bc7e ]  00005e3f          *   0000007b   COPY SECTION
                 [ 0000bc7e ]  00005e3f          *   0000007b   hellocfg.obj (.printf)

.pip         0   [ 0000bc80 ]  00005e40          *   00000064   UNINITIALIZED
                 [ 0000bc80 ]  00005e40          *   00000064   hellocfg.obj (.pip)

.hst0        0   [ 0000bd48 ]  00005ea4          *   00000040   UNINITIALIZED
                 [ 0000bd48 ]  00005ea4          *   00000040   hellocfg.obj (.hst0)

.swi         0   [ 0000bdc8 ]  00005ee4          *   0000003c   UNINITIALIZED
                 [ 0000bdc8 ]  00005ee4          *   0000003c   hellocfg.obj (.swi)

.tsk         0   [ 0000be40 ]  00005f20          *   0000002c   UNINITIALIZED
                 [ 0000be40 ]  00005f20          *   0000002c   hellocfg.obj (.tsk)

.sts         0   [ 0000be98 ]  00005f4c          *   00000028   UNINITIALIZED
                 [ 0000be98 ]  00005f4c          *   00000028   hellocfg.obj (.sts)

.gblinit     0   [ 0000bee8 ]  00005f74          *   00000021   
                 [ 0000bee8 ]  00005f74          *   00000021   hellocfg.obj (.gblinit)

.log         0   [ 0000bf2c ]  00005f96          *   00000014   UNINITIALIZED
                 [ 0000bf2c ]  00005f96          *   00000014   hellocfg.obj (.log)

.idl         0   [ 0000bf54 ]  00005faa          *   0000000c   UNINITIALIZED
                 [ 0000bf54 ]  00005faa          *   0000000c   hellocfg.obj (.idl)

.idlcal      0   [ 0000bf6c ]  00005fb6          *   0000000c   UNINITIALIZED
                 [ 0000bf6c ]  00005fb6          *   0000000c   hellocfg.obj (.idlcal)

.args        0   [ 0000bf84 ]  00005fc2          *   00000008   
                 [ 0000bf84 ]  00005fc2          *   00000008   --HOLE-- [fill = 0]

.hst1        0   [ 0000bf94 ]  00005fca          *   00000008   UNINITIALIZED
                 [ 0000bf94 ]  00005fca          *   00000008   hellocfg.obj (.hst1)

.sys         0   [ 0000bfa4 ]  00005fd2          *   00000008   UNINITIALIZED
                 [ 0000bfa4 ]  00005fd2          *   00000008   hellocfg.obj (.sys)

.pinit       0   [ 0000bfb4 ]  00005fda          *   00000006   
                 [ 0000bfb4 ]  00005fda          *   00000002   rtdxx.lib : buffer1.o55L (.pinit)
                 [ 0000bfb8 ]  00005fdc          *   00000002             : rtdx_mon.o55L (.pinit)
                 [ 0000bfbc ]  00005fde          *   00000002   --HOLE-- [fill = 0]

.trcdata     0   [ 0000bfc0 ]  00005fe0          *   00000003   
                 [ 0000bfc0 ]  00005fe0          *   00000003   bios.a55L : trc.o55L (.trcdata)

.hwi_vec     0     0000ff00  [ 00007f80 ] 00000100          *   
                   0000ff00  [ 00007f80 ] 00000100          *   hellocfg.obj (.hwi_vec)


GLOBAL SYMBOLS: SORTED ALPHABETICALLY BY Name 

abs. value/
byte addr   word addr   name
---------   ---------   ----
00000002                $TI_capability$C5500$CallingConvention
00000002                $TI_capability$C5500$MemoryModel
00000001                $TI_capability_requires_rev3
            000035e4    .bss
            00000060    .data
000000c0                .text
00000014                BIOSDATA_O_CLK_D_COUNTSPMS
0000000e                BIOSDATA_O_CLK_D_DIRTY
00000016                BIOSDATA_O_CLK_D_IDLETIME
00000018                BIOSDATA_O_CLK_D_ISRHOOK
00000010                BIOSDATA_O_CLK_D_PRD
0000001a                BIOSDATA_O_CLK_D_TABBEG
00000012                BIOSDATA_O_CLK_D_TDDR
0000001c                BIOSDATA_O_CLK_D_TIMEFXN
00000006                BIOSDATA_O_CLK_HTIMEDIV
00000008                BIOSDATA_O_CLK_HTIMEMULT
0000000a                BIOSDATA_O_CLK_LTIMEDIV
0000000c                BIOSDATA_O_CLK_LTIMEMULT
0000001e                BIOSDATA_O_CLK_R_TIMH
0000001f                BIOSDATA_O_CLK_R_TIML
00000020                BIOSDATA_O_HST_D_CHANMASK
000000a0                BIOSDATA_O_HST_D_TABBEGADDR
000000a2                BIOSDATA_O_HST_D_TABENDADDR
00000088                BIOSDATA_O_HWI_D_SPSAVE
0000008a                BIOSDATA_O_HWI_D_SSPSAVE
0000008c                BIOSDATA_O_HWI_D_STKBOTADDR
00000090                BIOSDATA_O_HWI_D_STKTOPADDR
0000008e                BIOSDATA_O_HWI_D_SYSTKBOTADDR
00000092                BIOSDATA_O_HWI_D_SYSTKTOPADDR
00000022                BIOSDATA_O_IDL_D_CALBEG
00000024                BIOSDATA_O_IDL_D_CALIBRATE
00000026                BIOSDATA_O_IDL_D_TABBEG
00000028                BIOSDATA_O_LOG_D_SYSTEM
00000098                BIOSDATA_O_MEM_D_FREELIST
0000009a                BIOSDATA_O_MEM_D_LOCKADDR
00000096                BIOSDATA_O_MEM_D_MEMTAB
00000095                BIOSDATA_O_MEM_D_NUMSEGMENTS
0000009c                BIOSDATA_O_MEM_D_UNLOCKADDR
0000002a                BIOSDATA_O_PIP_D_TABBEG
0000002c                BIOSDATA_O_PIP_D_TABLEN
0000002e                BIOSDATA_O_PRD_D_CUR
00000030                BIOSDATA_O_PRD_D_ELAPSED
00000031                BIOSDATA_O_PRD_D_PREVTIM
00000032                BIOSDATA_O_PRD_D_SCALAR
00000034                BIOSDATA_O_PRD_D_SWIHANDLE
00000036                BIOSDATA_O_PRD_D_TABBEG
00000038                BIOSDATA_O_PRD_D_TABLEN
0000003a                BIOSDATA_O_PRD_D_THOOK
0000003c                BIOSDATA_O_PRD_D_TICKH
0000003d                BIOSDATA_O_PRD_D_TICKL
000000a8                BIOSDATA_O_RTDX_D_BUFREAD
000000aa                BIOSDATA_O_RTDX_D_BUFWRITE
00000046                BIOSDATA_O_SWI_D_CURFXN
00000042                BIOSDATA_O_SWI_D_CURMASK
00000045                BIOSDATA_O_SWI_D_CURMBOX
00000043                BIOSDATA_O_SWI_D_CURSET
00000040                BIOSDATA_O_SWI_D_EXECADDR
00000044                BIOSDATA_O_SWI_D_LOCK
00000048                BIOSDATA_O_SWI_D_RDYBEG
0000004a                BIOSDATA_O_SWI_D_RDYTAB
0000003e                BIOSDATA_O_SWI_D_RUNADDR
0000009e                BIOSDATA_O_SYS
000000a4                BIOSDATA_O_TSK_D_IDLSTKADDR
000000a6                BIOSDATA_O_TSK_D_IDLSYSTKADDR
0000b511                BIOS_init
0000b5a2                BIOS_start
00000000                BUF$
00000001                BUF_ENABLED
00003a8f                C$$EXIT
            00005114    C55_BIOSDATAOBJ
00000001                CLK$
000051fc                CLK_A_TABBEG
0000a3f8                CLK_A_TABBEGb
00000001                CLK_CALDIV
00000004                CLK_CALMULT
0000c350                CLK_COUNTSPMS
00000000                CLK_COUNTSPMSHIGH
            0000512a    CLK_D_idletime
            0000512c    CLK_D_isrhook
            0000512e    CLK_D_tabbeg
            00005130    CLK_D_timefxn
00005b39                CLK_F_dispRun
000054f0                CLK_F_gethtime
00005a50                CLK_F_itime
00005b39                CLK_HOOKFXN
00000001                CLK_HTIMEDIV
00000002                CLK_HTIMEMULT
0000c350                CLK_HTIMEPERLTIME
00000010                CLK_IMR0TINTMASK
00000000                CLK_IMR1TINTMASK
00000000                CLK_INTBIT
00000004                CLK_INTID
00000001                CLK_LTIMEDIV
000186a0                CLK_LTIMEMULT
000003e8                CLK_MICROSECS
            000051fe    CLK_NULL
0000c34f                CLK_PRD
00000000                CLK_PRDHIGH
00001810                CLK_REGS
            00005132    CLK_R_timh
            00005133    CLK_R_timl
00000020                CLK_TCR
00000000                CLK_TDDR
00000000                CLK_TDDRHIGH
000054f0                CLK_TIMEFXN
00000001                CLK_TIMER0ARG
00005468                CLK_TIMER0FUNC
00000000                CLK_TIMER1ARG
00005a84                CLK_TIMER1FUNC
00000000                CLK_TIMER2ARG
00005a84                CLK_TIMER2FUNC
00000046                CLK_TIMERIFR
00000045                CLK_TIMERIMR
00000010                CLK_TIMERIMRMASK
00000000                CLK_TIMERNUM
00000001                CLK_USETIMER
            00003d12    DARAM
00004272                DARAM$B
000084e4                DARAM$Bb
00000a00                DARAM$L
00000000                DEV$
00000000                DGN$
00000000                DHL$
00000000                DHL_gChannelsAvailable
00000000                DIO$
00000000                DIO_NUMSWIBASE
00000000                DIO_NUMTSKBASE
00000000                DIO_STATIC
00000000                DPI$
00005a84                FXN_F_nop
00005a86                FXN_F_run
00005aa7                FXN_F_selfLoop
00005aa3                FXN_F_zero
00000001                GBL$
00005205                GBL_A_VERSION
00005b8c                GBL_BIOS_BOOTFXN
00f80000                GBL_CACHEICRTAG1
00f81000                GBL_CACHEICRTAG2
00000002                GBL_CACHETYPE
00000000                GBL_CALLCSLCFGINIT
00004e20                GBL_CLKIN
00000001                GBL_CLKMD
00001581                GBL_CLKTYPE
00000001                GBL_DCRPOSTEDWRITE
00001581                GBL_DSPSUBTYPE
00000037                GBL_DSPTYPE
00000000                GBL_ENABLEICACHE
00000001                GBL_ENABLEINST
00000042                GBL_FOOTPRINT
000186a0                GBL_FREQ
00000001                GBL_LARGEMODEL
00000000                GBL_MODIFYCLKMD
00000000                GBL_NULL
00008000                GBL_PLLDIV0
00008003                GBL_PLLDIV1
0000000f                GBL_PLLM
00000000                GBL_PROCID
00000000                GBL_ROM
00000000                GBL_SUPPORTCSL
0000dbef                GBL_TRCMASKVALUE
00000000                GBL_USERINIT
00005b8c                GBL_USERINITFXN
00000001                GBL_boot
            00005fe2    GBL_initdone
            00003e72    GBL_stackbeg
            00004271    GBL_stackend
            00003d72    GBL_sysstackbeg
            00003e71    GBL_sysstackend
00000000                GIO$
00005b8c                GIO_CREATEFXN
00005b8c                GIO_DELETEFXN
00005b8c                GIO_PENDFXN
00005b8c                GIO_POSTFXN
00000000                HOOK$
00000000                HOOK_KNLID
00000001                HST$
000051e2                HST_A_TABBEG
0000a3c4                HST_A_TABBEGb
000051fc                HST_A_TABEND
0000a3f8                HST_A_TABENDb
00000000                HST_BIOSLINK
00000000                HST_DSM
            00003d12    HST_DSMBUFSEG
00000400                HST_DSMMEMSIZE
            00005134    HST_D_chanmask
            000051b4    HST_D_tabbegaddr
            000051b6    HST_D_tabendaddr
000000ff                HST_MAXFRAMEALLOWED
00000040                HST_MAXFRAMESET
00000000                HST_NONE
00000001                HST_RTDX
00000001                HWI$
0000ff00                HWI_A_VECS
00000018                HWI_BERR
00000019                HWI_DLOG
            000051a8    HWI_D_inhwi
            0000519c    HWI_D_spsave
            0000519e    HWI_D_sspsave
            000051a0    HWI_D_stkbotaddr
            000051a4    HWI_D_stktopaddr
            000051a2    HWI_D_systkbotaddr
            000051a6    HWI_D_systktopaddr
0000420f                HWI_F_dispatch
0000000a                HWI_INT10
0000000b                HWI_INT11
0000000c                HWI_INT12
0000000d                HWI_INT13
0000000e                HWI_INT14
0000000f                HWI_INT15
00000010                HWI_INT16
00000011                HWI_INT17
00000012                HWI_INT18
00000013                HWI_INT19
00000002                HWI_INT2
00000014                HWI_INT20
00000015                HWI_INT21
00000016                HWI_INT22
00000017                HWI_INT23
00000003                HWI_INT3
00000004                HWI_INT4
00000005                HWI_INT5
00000006                HWI_INT6
00000007                HWI_INT7
00000008                HWI_INT8
00000009                HWI_INT9
00000001                HWI_NMI
00000000                HWI_RESET
0000001a                HWI_RTOS
0000001b                HWI_SINT27
0000001c                HWI_SINT28
0000001d                HWI_SINT29
0000001e                HWI_SINT30
0000001f                HWI_SINT31
00000004                HWI_TINT
00000000                HWI_ZEROTAB
00003a69                I$$LMPY
00000001                IDL$
            00005fb0    IDL0
            00005fbc    IDL0$
            00005fb2    IDL1
            00005fbe    IDL1$
00005fb6                IDL_A_CALBEG
0000bf6c                IDL_A_CALBEGb
00005faa                IDL_A_TABBEG
0000bf54                IDL_A_TABBEGb
00000000                IDL_CALIBRERROR
00005aa9                IDL_CALIBRFXN
            000051e0    IDL_D_busyObj
            00005136    IDL_D_calbeg
            00005138    IDL_D_calibrate
            0000513a    IDL_D_tabbeg
            00005fb4    IDL_END
            00005fc0    IDL_END$
00005914                IDL_F_busy
00005b5f                IDL_F_loop
00000001                IDL_USECLKIDLTIME
            00005f6e    IDL_busyObj
            00005eb5    IDL_busyObj$avgfmt
00000001                IDL_busyObj$filter
00000001                IDL_busyObj$iA
00000000                IDL_busyObj$iB
00000001                IDL_busyObj$iC
            00005eaf    IDL_busyObj$maxfmt
00000000                IDL_busyObj$operation
            00005f6c    IDL_busyObj$stsobj
            00005eb2    IDL_busyObj$sumfmt
00000002                IDL_busyObj$unittype
            00005fae    IDL_cpuLoad
            00005fba    IDL_cpuLoad$
00000001                ISRC$
00004de7                KNL_glue
            00005ee4    KNL_swi
00000001                KNL_swi$dorta
00000000                KNL_swi$ord
00000000                KNL_swi$pri
            00005f4e    KNL_swi$sts
            00005e57    KNL_swi$sts$avgfmt
00000002                KNL_swi$sts$filter
00000001                KNL_swi$sts$filtmaxmult
00000001                KNL_swi$sts$filtsummult
            00005e47    KNL_swi$sts$maxfmt
            00005f4c    KNL_swi$sts$stsobj
            00005e4f    KNL_swi$sts$sumfmt
00000000                KNL_swi$sts$unittype
00000000                KNL_swi$swi
00004e26                KNL_tick_stub
00000001                LCK$
            000051da    LNKCTRL
            000051db    LNK_D_dataReadyMask
            000051da    LNK_D_fromHostMask
            000051dd    LNK_D_readDone
            000051de    LNK_D_readFail
            000051dc    LNK_D_readPend
            000051df    LNK_D_writeFail
00003e6e                LNK_F_checkChanEnabled
00003ec7                LNK_F_dataPump
00003e95                LNK_F_getChanPtr
00003e7c                LNK_F_getNextChan
00003e6c                LNK_F_init
000041ea                LNK_F_readCallBack
            00005faa    LNK_dataPump
            00005fb6    LNK_dataPump$
00004032                LNK_newin
00004116                LNK_newout
00003ec7                LNK_rcloop
00003f1b                LNK_rdrtry
00003f25                LNK_rrloop
00003fa5                LNK_wrloop
00003f9b                LNK_wrrtry
00000001                LOG$
00005f96                LOG_A_TABBEG
0000bf2c                LOG_A_TABBEGb
00005faa                LOG_A_TABEND
0000bf54                LOG_A_TABENDb
00000002                LOG_A_TABLEN
            0000513c    LOG_D_system
00000001                LOG_ENABLED
0000579c                LOG_F_event
            00005f96    LOG_system
            00005200    LOG_system$buf
00000000                LOG_system$datatype
00000000                LOG_system$log
00000200                LOG_system$size
00000000                MBX$
00000001                MEM$
            00003d12    MEM_MALLOCSEG
00000000                MEM_NULL
            00003d12    MEM_SEGZERO
00000001                MEM_gNumHeap
00000000                MSGQ$
00000000                MSGQ_USEMSGQ
00000000                OBJ$
00000000                PIP$
00005e40                PIP_A_TABBEG
0000bc80                PIP_A_TABBEGb
00005ea4                PIP_A_TABEND
0000bd48                PIP_A_TABENDb
00000002                PIP_A_TABLEN
            0000513e    PIP_D_tabbeg
            00005140    PIP_D_tablen
00004cd6                PIP_F_give
00004cd4                PIP_F_probe
00004d48                PIP_F_start
00004c80                PIP_F_take
00000064                PIP_OBJSIZE
00000000                PIP_gNextId
00000002                PIP_gNumEmbed
00000000                POOL$
00000000                POOL_USEPOOL
00000001                PRD$
00000060                PRD_A_TABBEG
000000c0                PRD_A_TABBEGb
00000060                PRD_A_TABEND
000000c0                PRD_A_TABENDb
00000000                PRD_A_TABLEN
            00005142    PRD_D_cur
            00005144    PRD_D_elapsed
            00005145    PRD_D_prevtim
            00005146    PRD_D_scalar
            00005148    PRD_D_swihandle
            0000514a    PRD_D_tabbeg
            0000514c    PRD_D_tablen
            0000514e    PRD_D_thook
            00005150    PRD_D_tickh
            00005151    PRD_D_tickl
000046fb                PRD_F_swi
00004820                PRD_F_tick
00004000                PRD_SCALAR
00000000                PRD_SWIHANDLE
00004e26                PRD_THOOKFXN
            000051fc    PRD_clock
00000001                PWRM$
00000000                PWRM_PWRM_ADAPTCLK
00005b8c                PWRM_PWRM_BOOTHOOKFXN
00000023                PWRM_PWRM_CAPSMASK
0000003f                PWRM_PWRM_DS_IDLEMASK
00000000                PWRM_PWRM_ENABLE
00000005                PWRM_PWRM_IDLEMASK
00000000                PWRM_PWRM_IER0
00000000                PWRM_PWRM_IER1
00000640                PWRM_PWRM_INITMILVOLTS
0000000f                PWRM_PWRM_INITSP
00000000                PWRM_PWRM_SCALING
00000001                QUE$
            000051c4    RTA_D_fromHost
            000051c8    RTA_D_logval
            000051d2    RTA_D_stsval
            000051c6    RTA_D_toHost
000059a1                RTA_F_andn
00004bd9                RTA_F_dispatch
00004b50                RTA_F_getlog
00004b7c                RTA_F_getsts
000059b7                RTA_F_or
00004bab                RTA_F_readblk
00004bbe                RTA_F_resetmem
00004bba                RTA_F_writeword
            00005fac    RTA_dispatcher
            00005fb8    RTA_dispatcher$
            000051e4    RTA_fromHost
            00005fca    RTA_fromHost$buf
00000008                RTA_fromHost$framesize
00000000                RTA_fromHost$hst
00000001                RTA_fromHost$id
00000000                RTA_fromHost$mode
            00005e40    RTA_fromHost$pipe
            00003d14    RTA_fromHost$pipe$dtab
            00005e42    RTA_fromHost$pipe$rd
            00005e44    RTA_fromHost$pipe$rdaddr
            00005e48    RTA_fromHost$pipe$rdcurdesc
            00005e46    RTA_fromHost$pipe$rdsize
            00005e58    RTA_fromHost$pipe$rdstshdl
            00005e5a    RTA_fromHost$pipe$wr
            00005e5c    RTA_fromHost$pipe$wraddr
            00005e60    RTA_fromHost$pipe$wrcurdesc
            00005e5e    RTA_fromHost$pipe$wrsize
            00005e70    RTA_fromHost$pipe$wrstshdl
            000051e8    RTA_fromHost$rtdx
            000051f0    RTA_toHost
            00005ea4    RTA_toHost$buf
00000040                RTA_toHost$framesize
00000000                RTA_toHost$hst
00000000                RTA_toHost$id
00000001                RTA_toHost$mode
            00005e72    RTA_toHost$pipe
            00003d1a    RTA_toHost$pipe$dtab
            00005e74    RTA_toHost$pipe$rd
            00005e76    RTA_toHost$pipe$rdaddr
            00005e7a    RTA_toHost$pipe$rdcurdesc
            00005e78    RTA_toHost$pipe$rdsize
            00005e8a    RTA_toHost$pipe$rdstshdl
            00005e8c    RTA_toHost$pipe$wr
            00005e8e    RTA_toHost$pipe$wraddr
            00005e92    RTA_toHost$pipe$wrcurdesc
            00005e90    RTA_toHost$pipe$wrsize
            00005ea2    RTA_toHost$pipe$wrstshdl
            000051f4    RTA_toHost$rtdx
00000001                RTDX$
00000102                RTDX_BUFMEMSIZE
            00003d12    RTDX_DATAMEMSEG
            000051bc    RTDX_D_BufRead
            000051be    RTDX_D_BufWrite
00000000                RTDX_MODE
00000001                RTDX_USERTDX
00000000                RTDX_USERTEXECUTION
ffffffff                SARAM
00000000                SEM$
00000000                SIO$
00000001                STS$
00005f4c                STS_A_TABBEG
0000be98                STS_A_TABBEGb
00005f74                STS_A_TABEND
0000bee8                STS_A_TABENDb
000058a6                STS_F_add
00005884                STS_F_delta
000058be                STS_F_reset
00000001                SWI$
            00005ef8    SWIPing
00000001                SWIPing$dorta
00000001                SWIPing$ord
00000007                SWIPing$pri
            00005f56    SWIPing$sts
            00005e71    SWIPing$sts$avgfmt
00000002                SWIPing$sts$filter
00000001                SWIPing$sts$filtmaxmult
00000001                SWIPing$sts$filtsummult
            00005e61    SWIPing$sts$maxfmt
            00005f54    SWIPing$sts$stsobj
            00005e69    SWIPing$sts$sumfmt
00000000                SWIPing$sts$unittype
00000000                SWIPing$swi
            00005f0c    SWIPong
00000001                SWIPong$dorta
00000002                SWIPong$ord
00000007                SWIPong$pri
            00005f5e    SWIPong$sts
            00005e8b    SWIPong$sts$avgfmt
00000002                SWIPong$sts$filter
00000001                SWIPong$sts$filtmaxmult
00000001                SWIPong$sts$filtsummult
            00005e7b    SWIPong$sts$maxfmt
            00005f5c    SWIPong$sts$stsobj
            00005e83    SWIPong$sts$sumfmt
00000000                SWIPong$sts$unittype
00000000                SWIPong$swi
00005ee4                SWI_A_TABBEG
0000bdc8                SWI_A_TABBEGb
00005f20                SWI_A_TABEND
0000be40                SWI_A_TABENDb
00000003                SWI_A_TABLEN
            0000515a    SWI_D_curfxn
            00005156    SWI_D_curmask
            00005159    SWI_D_curmbox
            00005157    SWI_D_curset
            00005154    SWI_D_execaddr
            0000519a    SWI_D_inswi
            00005158    SWI_D_lock
            0000515c    SWI_D_rdybeg
            0000515e    SWI_D_rdytab
            00005152    SWI_D_runaddr
00000000                SWI_EHOOKFXN
00003bde                SWI_EXECFXN
00003a98                SWI_F_enable
00003bde                SWI_F_exec
00003b56                SWI_F_exec_sync
00003acb                SWI_F_post
00003cca                SWI_F_run
00000000                SWI_IHOOKFXN
00003cca                SWI_RUNFXN
00000001                SYS$
            00005fd2    SYS$config
00005ad0                SYS_ABORTFXN
00005af4                SYS_ERRORFXN
00005b74                SYS_EXITFXN
000059e4                SYS_PUTCFXN
00004000                TRC_GBLTARG
            00005fe1    TRC_R_mask
            00005fe0    TRC_cinit
00000001                TSK$
            000051b8    TSK_D_idlstkaddr
            000051ba    TSK_D_idlsystkaddr
00000000                TSK_NUM_HOOKS
00000001                TSK_PRIORITY
00000000                TSK_READYFXN
00000000                TSK_STACKSEG
00000400                TSK_STACKSIZE
00000000                TSK_SWITCHFXN
00000100                TSK_SYSTACKSIZE
00005b8c                TSK_VCREATEFXN
00005b8c                TSK_VDELETEFXN
00005b8c                TSK_VEXITFXN
            00005f26    TSK_idle
00000001                TSK_idle$ord
00000000                TSK_idle$pri
            00004772    TSK_idle$stack
            00004b54    TSK_idle$stkptr
            00005f66    TSK_idle$sts
            00005ea5    TSK_idle$sts$avgfmt
00000002                TSK_idle$sts$filter
00000001                TSK_idle$sts$filtmaxmult
00000001                TSK_idle$sts$filtsummult
            00005e95    TSK_idle$sts$maxfmt
            00005f64    TSK_idle$sts$stsobj
            00005e9d    TSK_idle$sts$sumfmt
00000000                TSK_idle$sts$unittype
            00004b72    TSK_idle$sysstack
            00004c54    TSK_idle$sysstkptr
00000000                TSK_idle$tsk
            00005f3e    TSK_idle$tskobj
00000000                UDEV$
ffffffff                VECT
00002da6                _AIC3204_rget
0000289e                _AIC3204_rset
0000b511                _BIOS_init
0000b5a2                _BIOS_start
000052d3                _C55_clearIFR0
000052e8                _C55_clearIFR1
0000525b                _C55_disableIMR0
0000527e                _C55_disableIMR1
0000388c                _C55_disableInt
000052a1                _C55_enableIMR0
000052ba                _C55_enableIMR1
00003858                _C55_enableInt
0000c350                _CLK_COUNTSPMS
            00003d5a    _CLK_DFLTMICROSECS
            00005128    _CLK_D_countspms
            00005122    _CLK_D_dirty
            00003d5c    _CLK_D_microseconds
            00005124    _CLK_D_prd
            00005126    _CLK_D_tddr
0000c34f                _CLK_PRD
00001810                _CLK_REGS
00000020                _CLK_TCR
00000000                _CLK_TDDR
00000000                _CLK_TIMERNUM
00000001                _CLK_USETIMER
00005b39                _CLK_dispRun
00005420                _CLK_dispatch
000054e4                _CLK_getfhtime
000054f0                _CLK_getshtime
            0000511a    _CLK_htimeDiv
            0000511c    _CLK_htimeMult
            00003d6a    _CLK_htimePerLtime
00005468                _CLK_isr
            0000512c    _CLK_isrhook
00005a50                _CLK_itime
            0000511e    _CLK_ltimeDiv
            00005120    _CLK_ltimeMult
000055bc                _CLK_measure
00005b2e                _CLK_run
00005300                _CLK_start
00005388                _CLK_stop
            00005132    _CLK_time
            00003d38    _CLK_timer0arg
            00003d32    _CLK_timer0func
            00003d3a    _CLK_timer1arg
            00003d34    _CLK_timer1func
            00003d3c    _CLK_timer2arg
            00003d36    _CLK_timer2func
00001810                _CLK_timer5505
00001c14                _CLK_timerIAFR
00000000                _CLK_timerNum
00005b90                _CLK_wdogdisable
000028c0                _ConfigureAic3204
            00003d12    _DARAM
00004272                _DARAM_base
000084e4                _DARAM_baseb
00000a00                _DARAM_length
000036e3                _EZDSP5535_GPIO_getInput
0000367a                _EZDSP5535_GPIO_init
000036a5                _EZDSP5535_GPIO_setDirection
000036c9                _EZDSP5535_GPIO_setOutput
00003560                _EZDSP5535_I2C_init
000035c6                _EZDSP5535_I2C_read
00003595                _EZDSP5535_I2C_reset
000035a0                _EZDSP5535_I2C_write
000034ad                _EZDSP5535_I2S_close
000033b8                _EZDSP5535_I2S_init
00003411                _EZDSP5535_I2S_readLeft
00003470                _EZDSP5535_I2S_readRight
00003443                _EZDSP5535_I2S_writeLeft
00003491                _EZDSP5535_I2S_writeRight
0000308d                _EZDSP5535_LED_getall
00003057                _EZDSP5535_LED_init
00003182                _EZDSP5535_LED_off
0000314d                _EZDSP5535_LED_on
000030df                _EZDSP5535_LED_setall
000031b5                _EZDSP5535_LED_toggle
00003304                _EZDSP5535_SAR_getKey
0000323e                _EZDSP5535_SAR_init
00003210                _EZDSP5535_XF_get
00003205                _EZDSP5535_XF_off
000031fa                _EZDSP5535_XF_on
0000321f                _EZDSP5535_XF_toggle
00003962                _EZDSP5535_init
0000391c                _EZDSP5535_wait
00003950                _EZDSP5535_waitusec
00005b8c                _FXN_F_nop
            00005116    _GBL_clkIn
            00005118    _GBL_freq
00005b83                _GBL_getVersion
            00005114    _GBL_procId
000026f2                _GPIO_clearInt
0000224b                _GPIO_close
0000226f                _GPIO_config
000024a2                _GPIO_configBit
000025ea                _GPIO_disableInt
00002668                _GPIO_enableInt
000022f4                _GPIO_getConfig
00002207                _GPIO_open
0000237c                _GPIO_read
00002805                _GPIO_reset
0000277e                _GPIO_statusBit
000023ff                _GPIO_write
            00003d5e    _GpioObj
000051e2                _HST_A_TABBEG
000051fc                _HST_A_TABEND
            00005e3f    _HST_HOST_CHANNEL_DRIVER
00000018                _HWI_BERR
00000019                _HWI_DLOG
            000051a8    _HWI_D_inhwi
            0000519c    _HWI_D_spsave
            0000519e    _HWI_D_sspsave
0000448e                _HWI_F_DispIsr0
0000420f                _HWI_F_dispatch
00002ff9                _HWI_I2S_Rx
00002fb6                _HWI_I2S_Tx
0000000a                _HWI_INT10
0000000b                _HWI_INT11
0000000c                _HWI_INT12
0000000d                _HWI_INT13
0000000e                _HWI_INT14
0000000f                _HWI_INT15
00000010                _HWI_INT16
00000011                _HWI_INT17
00000012                _HWI_INT18
00000013                _HWI_INT19
00000002                _HWI_INT2
00000014                _HWI_INT20
00000015                _HWI_INT21
00000016                _HWI_INT22
00000017                _HWI_INT23
00000003                _HWI_INT3
00000004                _HWI_INT4
00000005                _HWI_INT5
00000006                _HWI_INT6
00000007                _HWI_INT7
00000008                _HWI_INT8
00000009                _HWI_INT9
00000001                _HWI_NMI
00000000                _HWI_RESET
0000001a                _HWI_RTOS
0000001b                _HWI_SINT27
0000001c                _HWI_SINT28
0000001d                _HWI_SINT29
0000001e                _HWI_SINT30
0000001f                _HWI_SINT31
            00004272    _HWI_STKBOTTOM
            00003e72    _HWI_STKTOP
            00003e72    _HWI_SYSSTKBOTTOM
            00003d72    _HWI_SYSSTKTOP
00000004                _HWI_TINT
            0000519c    _HWI_data
00005b14                _HWI_disable
            00005cd0    _HWI_dispatchTab
00005b24                _HWI_enable
00005b28                _HWI_restore
00000169                _I2C_config
00000b34                _I2C_eventDisable
00000a00                _I2C_eventEnable
000002ce                _I2C_getConfig
00000ce0                _I2C_getEventId
000000c0                _I2C_init
000007e2                _I2C_read
00000c53                _I2C_setCallback
000003a4                _I2C_setup
0000059e                _I2C_write
00001c49                _I2S_close
00001814                _I2S_open
00001cfb                _I2S_read
0000210b                _I2S_reset
0000195b                _I2S_setup
000021bc                _I2S_transEnable
00001fb5                _I2S_write
            00005fb0    _IDL0
            00005fb2    _IDL1
00005914                _IDL_busy
            00005f6e    _IDL_busyObj
0000595b                _IDL_calibrate
            00005fae    _IDL_cpuLoad
00005940                _IDL_init
00005b5f                _IDL_loop
00005aa9                _IDL_stub
            00003c1c    _KNL_alarm
00005390                _KNL_check
            00003c44    _KNL_curqueue
            00003c3c    _KNL_curtask
            00003c40    _KNL_curtime
            00003c24    _KNL_dummy
00005688                _KNL_enter
000056c8                _KNL_exit
000053eb                _KNL_idle
            00003c50    _KNL_idlefxn
            00003c20    _KNL_inactive
000056e8                _KNL_ipost
00005408                _KNL_max
            00003c46    _KNL_maxqueue
00005a1c                _KNL_post
            00003c3e    _KNL_prevtask
            00003c22    _KNL_priority
            00003bca    _KNL_queues
00004884                _KNL_run
00004e46                _KNL_saveIsrFrame
            00003bc9    _KNL_set
            00003c1e    _KNL_setpri
            00005ee4    _KNL_swi
            00003c42    _KNL_swiptr
00004d99                _KNL_switch
            00003c4a    _KNL_tcreatefxn
            00003c4c    _KNL_tdeletefxn
00004b40                _KNL_tick
            00003c4e    _KNL_treadyfxn
            00003c48    _KNL_tswitchfxn
            00003bc8    _KNL_wFlag
            00003c1a    _KNL_wList
00005764                _LCK_pend
00005744                _LCK_post
000041ea                _LNK_F_readCallBack
            00005faa    _LNK_dataPump
00005f96                _LOG_A_TABBEG
00005faa                _LOG_A_TABEND
00000002                _LOG_A_TABLEN
            0000513c    _LOG_D_system
0000579c                _LOG_event
00005624                _LOG_printf
            00005f96    _LOG_system
            00003d6c    _MEM
            000051a9    _MEM_D_NUMSEGMENTS
            000051ac    _MEM_D_freelist
            000051ae    _MEM_D_lockaddr
            000051aa    _MEM_D_memtab
            000051b0    _MEM_D_unlockaddr
0000b400                _MEM_init
            00003d0c    _MEM_memtab
0000b74c                _OBJ_init
            00003cf0    _OBJ_segtab
            00003cd4    _OBJ_table
00005e40                _PIP_A_TABBEG
00005ea4                _PIP_A_TABEND
            00005151    _PRD_D_tick
            000051fc    _PRD_clock
00004b50                _RTA_F_getlog
            00005fac    _RTA_dispatcher
            000051e4    _RTA_fromHost
            000051f0    _RTA_toHost
            00005ba8    _RTDX_Buffer
            00005cce    _RTDX_Buffer_End
0000a06b                _RTDX_Buffer_Initialize
0000a1aa                _RTDX_Buffer_Read
0000a0be                _RTDX_Buffer_ReadCB
0000a145                _RTDX_Buffer_Size
            00005ccc    _RTDX_Buffer_Start
0000a1ea                _RTDX_Buffer_Write
00009abf                _RTDX_Buffer_WriteCB
0000a109                _RTDX_Final_RT_Monitor
0000a006                _RTDX_H2TPoll
00009c3b                _RTDX_Init_RT_Monitor
00000003                _RTDX_JTAGONLY
00000001                _RTDX_LMM
0000a180                _RTDX_Mask_IER
00009f7e                _RTDX_Mon_Queue
00009d4a                _RTDX_Poll
0000a1cc                _RTDX_Set_IER
00000000                _RTDX_interrupt_mask
            00005cc2    _RTDX_writing
ffffffff                _SARAM
0000127f                _SAR_A2DMeasParamSet
000016f9                _SAR_GPODirSet
00000df6                _SAR_chanClose
00000e7a                _SAR_chanConfig
00001176                _SAR_chanCycSet
00000d79                _SAR_chanInit
00000d94                _SAR_chanOpen
00000f62                _SAR_chanSetup
00000d59                _SAR_deInit
00000ef0                _SAR_getConfig
000017d5                _SAR_getStatus
00000cfc                _SAR_init
0000123e                _SAR_readData
000011c5                _SAR_startConversion
000011f7                _SAR_stopConversion
            00003d12    _SEG0
000057ed                _SEM_pend
00004570                _SEM_pendEnterKnl
00005537                _SEM_post
00005537                _SEM_postBinary
0000583c                _SEM_postEnterKnl
00005f4c                _STS_A_TABBEG
00005f74                _STS_A_TABEND
000058a6                _STS_add
00005884                _STS_delta
000058be                _STS_reset
00005b7c                _STS_set
            00005ef8    _SWIPing
00002f8b                _SWIPingFunc
            00005f0c    _SWIPong
00002f60                _SWIPongFunc
            0000515a    _SWI_D_curfxn
            00005156    _SWI_D_curmask
            0000519a    _SWI_D_inswi
            00005158    _SWI_D_lock
            0000515c    _SWI_D_rdybeg
            00005152    _SWI_data
00005b6b                _SWI_disable
00003a98                _SWI_enable
00003acb                _SWI_post
            000051b2    _SYS
            00005800    _SYS_PUTCBEG
            000059ff    _SYS_PUTCEND
00005b48                _SYS_abort
000058cc                _SYS_exit
            00003cf8    _SYS_exitStack
            00003d08    _SYS_exitStackPtr
            00003d0a    _SYS_exitStackTop
            00003d4a    _SarHandle
            00003d46    _SarObj
            00005fe1    _TRC_R_mask
            00003c70    _TSK
            00003c54    _TSK_ATTRS
            00003c62    _TSK_config
00004fac                _TSK_exit
            00005f26    _TSK_idle
0000b5e8                _TSK_init
            00003c52    _TSK_nTasks
            00003c53    _TSK_pid
000050a4                _TSK_setup
000051f8                _TSK_startup
            00003c72    _TSK_timerSem
00005ad0                _UTL_doAbort
00005af4                _UTL_doError
000059e4                _UTL_doPutc
00005b74                _UTL_halt
ffffffff                _VECT
            000051c2    __HOOK_NUMHOOKS
            000051c0    __HOOK_knlId
            00003cc0    __MEM_mutex
00004ea8                __SEM_dopost
            00004272    __STACK_END
00000800                __STACK_SIZE
00000200                __SYSSTACK_SIZE
            00003cac    __TSK_mutex
00003757                ___add_dtor
            00003b06    ___atexit_func_id__
ffffffff                ___binit__
            000035e4    ___bss__
ffffffff                ___c_args__
            00002dca    ___cinit__
            00000060    ___data__
            00000060    ___edata__
            00003d72    ___end__
00003a96                ___etext__
            00005fda    ___pinit__
000000c0                ___text__
            00003d66    __cleanup_ptr
000034bf                __divul
            00003d68    __dtors_ptr
            00003d62    __lock
00003a69                __mpyli
00003a8c                __nop
00003a84                __register_lock
00003a7c                __register_unlock
00003776                __remul
            00003e72    __stack
            00003d72    __sysstack
            00003d64    __unlock
00003a8e                _abort
00002894                _aic3204_init
000037e8                _atexit
00002f16                _audioProcessingInit
0000b66c                _auto_init
0000b6dd                _c_int00
00003701                _call_dtors
00003a5f                _clearPA
            0000384c    _delayLineHPF
            0000379f    _delayLineLPF
            00003900    _delayLinePtr
            00003d70    _dtors
000039f2                _exit
            000038fc    _filtState
            000038fe    _filterPtr
            00003caa    _fsError
            00003d20    _gI2cObj
            00003d60    _hGpio
            00003d6e    _hI2s
            00003d30    _i2cHandle
            00003902    _idl
            00003d4c    _keyCnt1
            00003d4d    _keyCnt2
00003970                _main
000039b3                _memcpy
00002e75                _monitorSW1
00002de9                _monitorSW2
            00003662    _myHPF
            000035e4    _myLPF
00003a30                _myNCO
            000038fd    _myNH
000035ee                _myfir
            00003cab    _ouError
            00003d49    _preKey
            00003d58    _rtdxNullChanCnt
            00003d59    _rtdxNullFuncCnt
            00005cbc    _rtdx_buffer_state
            00005caa    _rtdx_mon_state
            000038f8    _rxIndex
            000036df    _rxPingPong
            000038fa    _sw1State
            000038fb    _sw2State
            00003903    _swi
            00005fa0    _trace
            000038f9    _txIndex
            0000373f    _txPingPong
ffffffff                binit
            00002dca    cinit
            00000060    edata
            00003d72    end
00003a96                etext
            00005f74    gblinit
0000ff00                hwi0
0000ff08                hwi1
0000ff50                hwi10
0000ff58                hwi11
0000ff60                hwi12
0000ff68                hwi13
0000ff70                hwi14
0000ff78                hwi15
0000ff80                hwi16
0000ff88                hwi17
0000ff90                hwi18
0000ff98                hwi19
0000ff10                hwi2
0000ffa0                hwi20
0000ffa8                hwi21
0000ffb0                hwi22
0000ffb8                hwi23
0000ffc0                hwi24
0000ffc8                hwi25
0000ffd0                hwi26
0000ffd8                hwi27
0000ffe0                hwi28
0000ffe8                hwi29
0000ff18                hwi3
0000fff0                hwi30
0000fff8                hwi31
0000ff20                hwi4
0000ff28                hwi5
0000ff30                hwi6
0000ff38                hwi7
0000ff40                hwi8
0000ff48                hwi9
000059ce                iRTA_F_or
00003dd0                logPost
            00005fda    pinit
00003e22                stsPost
            00005fa0    trace
            00005400    trace$buf
00000001                trace$datatype
00000000                trace$log
00000400                trace$size


GLOBAL SYMBOLS: SORTED BY Symbol Address 

abs. value/
byte addr   word addr   name
---------   ---------   ----
00000000                BUF$
00000000                CLK_COUNTSPMSHIGH
00000000                CLK_IMR1TINTMASK
00000000                CLK_INTBIT
00000000                CLK_PRDHIGH
00000000                CLK_TDDR
00000000                CLK_TDDRHIGH
00000000                CLK_TIMER1ARG
00000000                CLK_TIMER2ARG
00000000                CLK_TIMERNUM
00000000                DEV$
00000000                DGN$
00000000                DHL$
00000000                DHL_gChannelsAvailable
00000000                DIO$
00000000                DIO_NUMSWIBASE
00000000                DIO_NUMTSKBASE
00000000                DIO_STATIC
00000000                DPI$
00000000                GBL_CALLCSLCFGINIT
00000000                GBL_ENABLEICACHE
00000000                GBL_MODIFYCLKMD
00000000                GBL_NULL
00000000                GBL_PROCID
00000000                GBL_ROM
00000000                GBL_SUPPORTCSL
00000000                GBL_USERINIT
00000000                GIO$
00000000                HOOK$
00000000                HOOK_KNLID
00000000                HST_BIOSLINK
00000000                HST_DSM
00000000                HST_NONE
00000000                HWI_RESET
00000000                HWI_ZEROTAB
00000000                IDL_CALIBRERROR
00000000                IDL_busyObj$iB
00000000                IDL_busyObj$operation
00000000                KNL_swi$ord
00000000                KNL_swi$pri
00000000                KNL_swi$sts$unittype
00000000                KNL_swi$swi
00000000                LOG_system$datatype
00000000                LOG_system$log
00000000                MBX$
00000000                MEM_NULL
00000000                MSGQ$
00000000                MSGQ_USEMSGQ
00000000                OBJ$
00000000                PIP$
00000000                PIP_gNextId
00000000                POOL$
00000000                POOL_USEPOOL
00000000                PRD_A_TABLEN
00000000                PRD_SWIHANDLE
00000000                PWRM_PWRM_ADAPTCLK
00000000                PWRM_PWRM_ENABLE
00000000                PWRM_PWRM_IER0
00000000                PWRM_PWRM_IER1
00000000                PWRM_PWRM_SCALING
00000000                RTA_fromHost$hst
00000000                RTA_fromHost$mode
00000000                RTA_toHost$hst
00000000                RTA_toHost$id
00000000                RTDX_MODE
00000000                RTDX_USERTEXECUTION
00000000                SEM$
00000000                SIO$
00000000                SWIPing$sts$unittype
00000000                SWIPing$swi
00000000                SWIPong$sts$unittype
00000000                SWIPong$swi
00000000                SWI_EHOOKFXN
00000000                SWI_IHOOKFXN
00000000                TSK_NUM_HOOKS
00000000                TSK_READYFXN
00000000                TSK_STACKSEG
00000000                TSK_SWITCHFXN
00000000                TSK_idle$pri
00000000                TSK_idle$sts$unittype
00000000                TSK_idle$tsk
00000000                UDEV$
00000000                _CLK_TDDR
00000000                _CLK_TIMERNUM
00000000                _CLK_timerNum
00000000                _HWI_RESET
00000000                _RTDX_interrupt_mask
00000000                trace$log
00000001                $TI_capability_requires_rev3
00000001                BUF_ENABLED
00000001                CLK$
00000001                CLK_CALDIV
00000001                CLK_HTIMEDIV
00000001                CLK_LTIMEDIV
00000001                CLK_TIMER0ARG
00000001                CLK_USETIMER
00000001                GBL$
00000001                GBL_CLKMD
00000001                GBL_DCRPOSTEDWRITE
00000001                GBL_ENABLEINST
00000001                GBL_LARGEMODEL
00000001                GBL_boot
00000001                HST$
00000001                HST_RTDX
00000001                HWI$
00000001                HWI_NMI
00000001                IDL$
00000001                IDL_USECLKIDLTIME
00000001                IDL_busyObj$filter
00000001                IDL_busyObj$iA
00000001                IDL_busyObj$iC
00000001                ISRC$
00000001                KNL_swi$dorta
00000001                KNL_swi$sts$filtmaxmult
00000001                KNL_swi$sts$filtsummult
00000001                LCK$
00000001                LOG$
00000001                LOG_ENABLED
00000001                MEM$
00000001                MEM_gNumHeap
00000001                PRD$
00000001                PWRM$
00000001                QUE$
00000001                RTA_fromHost$id
00000001                RTA_toHost$mode
00000001                RTDX$
00000001                RTDX_USERTDX
00000001                STS$
00000001                SWI$
00000001                SWIPing$dorta
00000001                SWIPing$ord
00000001                SWIPing$sts$filtmaxmult
00000001                SWIPing$sts$filtsummult
00000001                SWIPong$dorta
00000001                SWIPong$sts$filtmaxmult
00000001                SWIPong$sts$filtsummult
00000001                SYS$
00000001                TSK$
00000001                TSK_PRIORITY
00000001                TSK_idle$ord
00000001                TSK_idle$sts$filtmaxmult
00000001                TSK_idle$sts$filtsummult
00000001                _CLK_USETIMER
00000001                _HWI_NMI
00000001                _RTDX_LMM
00000001                trace$datatype
00000002                $TI_capability$C5500$CallingConvention
00000002                $TI_capability$C5500$MemoryModel
00000002                CLK_HTIMEMULT
00000002                GBL_CACHETYPE
00000002                HWI_INT2
00000002                IDL_busyObj$unittype
00000002                KNL_swi$sts$filter
00000002                LOG_A_TABLEN
00000002                PIP_A_TABLEN
00000002                PIP_gNumEmbed
00000002                SWIPing$sts$filter
00000002                SWIPong$ord
00000002                SWIPong$sts$filter
00000002                TSK_idle$sts$filter
00000002                _HWI_INT2
00000002                _LOG_A_TABLEN
00000003                HWI_INT3
00000003                SWI_A_TABLEN
00000003                _HWI_INT3
00000003                _RTDX_JTAGONLY
00000004                CLK_CALMULT
00000004                CLK_INTID
00000004                HWI_INT4
00000004                HWI_TINT
00000004                _HWI_INT4
00000004                _HWI_TINT
00000005                HWI_INT5
00000005                PWRM_PWRM_IDLEMASK
00000005                _HWI_INT5
00000006                BIOSDATA_O_CLK_HTIMEDIV
00000006                HWI_INT6
00000006                _HWI_INT6
00000007                HWI_INT7
00000007                SWIPing$pri
00000007                SWIPong$pri
00000007                _HWI_INT7
00000008                BIOSDATA_O_CLK_HTIMEMULT
00000008                HWI_INT8
00000008                RTA_fromHost$framesize
00000008                _HWI_INT8
00000009                HWI_INT9
00000009                _HWI_INT9
0000000a                BIOSDATA_O_CLK_LTIMEDIV
0000000a                HWI_INT10
0000000a                _HWI_INT10
0000000b                HWI_INT11
0000000b                _HWI_INT11
0000000c                BIOSDATA_O_CLK_LTIMEMULT
0000000c                HWI_INT12
0000000c                _HWI_INT12
0000000d                HWI_INT13
0000000d                _HWI_INT13
0000000e                BIOSDATA_O_CLK_D_DIRTY
0000000e                HWI_INT14
0000000e                _HWI_INT14
0000000f                GBL_PLLM
0000000f                HWI_INT15
0000000f                PWRM_PWRM_INITSP
0000000f                _HWI_INT15
00000010                BIOSDATA_O_CLK_D_PRD
00000010                CLK_IMR0TINTMASK
00000010                CLK_TIMERIMRMASK
00000010                HWI_INT16
00000010                _HWI_INT16
00000011                HWI_INT17
00000011                _HWI_INT17
00000012                BIOSDATA_O_CLK_D_TDDR
00000012                HWI_INT18
00000012                _HWI_INT18
00000013                HWI_INT19
00000013                _HWI_INT19
00000014                BIOSDATA_O_CLK_D_COUNTSPMS
00000014                HWI_INT20
00000014                _HWI_INT20
00000015                HWI_INT21
00000015                _HWI_INT21
00000016                BIOSDATA_O_CLK_D_IDLETIME
00000016                HWI_INT22
00000016                _HWI_INT22
00000017                HWI_INT23
00000017                _HWI_INT23
00000018                BIOSDATA_O_CLK_D_ISRHOOK
00000018                HWI_BERR
00000018                _HWI_BERR
00000019                HWI_DLOG
00000019                _HWI_DLOG
0000001a                BIOSDATA_O_CLK_D_TABBEG
0000001a                HWI_RTOS
0000001a                _HWI_RTOS
0000001b                HWI_SINT27
0000001b                _HWI_SINT27
0000001c                BIOSDATA_O_CLK_D_TIMEFXN
0000001c                HWI_SINT28
0000001c                _HWI_SINT28
0000001d                HWI_SINT29
0000001d                _HWI_SINT29
0000001e                BIOSDATA_O_CLK_R_TIMH
0000001e                HWI_SINT30
0000001e                _HWI_SINT30
0000001f                BIOSDATA_O_CLK_R_TIML
0000001f                HWI_SINT31
0000001f                _HWI_SINT31
00000020                BIOSDATA_O_HST_D_CHANMASK
00000020                CLK_TCR
00000020                _CLK_TCR
00000022                BIOSDATA_O_IDL_D_CALBEG
00000023                PWRM_PWRM_CAPSMASK
00000024                BIOSDATA_O_IDL_D_CALIBRATE
00000026                BIOSDATA_O_IDL_D_TABBEG
00000028                BIOSDATA_O_LOG_D_SYSTEM
0000002a                BIOSDATA_O_PIP_D_TABBEG
0000002c                BIOSDATA_O_PIP_D_TABLEN
0000002e                BIOSDATA_O_PRD_D_CUR
00000030                BIOSDATA_O_PRD_D_ELAPSED
00000031                BIOSDATA_O_PRD_D_PREVTIM
00000032                BIOSDATA_O_PRD_D_SCALAR
00000034                BIOSDATA_O_PRD_D_SWIHANDLE
00000036                BIOSDATA_O_PRD_D_TABBEG
00000037                GBL_DSPTYPE
00000038                BIOSDATA_O_PRD_D_TABLEN
0000003a                BIOSDATA_O_PRD_D_THOOK
0000003c                BIOSDATA_O_PRD_D_TICKH
0000003d                BIOSDATA_O_PRD_D_TICKL
0000003e                BIOSDATA_O_SWI_D_RUNADDR
0000003f                PWRM_PWRM_DS_IDLEMASK
00000040                BIOSDATA_O_SWI_D_EXECADDR
00000040                HST_MAXFRAMESET
00000040                RTA_toHost$framesize
00000042                BIOSDATA_O_SWI_D_CURMASK
00000042                GBL_FOOTPRINT
00000043                BIOSDATA_O_SWI_D_CURSET
00000044                BIOSDATA_O_SWI_D_LOCK
00000045                BIOSDATA_O_SWI_D_CURMBOX
00000045                CLK_TIMERIMR
00000046                BIOSDATA_O_SWI_D_CURFXN
00000046                CLK_TIMERIFR
00000048                BIOSDATA_O_SWI_D_RDYBEG
0000004a                BIOSDATA_O_SWI_D_RDYTAB
00000060                PRD_A_TABBEG
00000060                PRD_A_TABEND
00000064                PIP_OBJSIZE
00000088                BIOSDATA_O_HWI_D_SPSAVE
0000008a                BIOSDATA_O_HWI_D_SSPSAVE
0000008c                BIOSDATA_O_HWI_D_STKBOTADDR
0000008e                BIOSDATA_O_HWI_D_SYSTKBOTADDR
00000090                BIOSDATA_O_HWI_D_STKTOPADDR
00000092                BIOSDATA_O_HWI_D_SYSTKTOPADDR
00000095                BIOSDATA_O_MEM_D_NUMSEGMENTS
00000096                BIOSDATA_O_MEM_D_MEMTAB
00000098                BIOSDATA_O_MEM_D_FREELIST
0000009a                BIOSDATA_O_MEM_D_LOCKADDR
0000009c                BIOSDATA_O_MEM_D_UNLOCKADDR
0000009e                BIOSDATA_O_SYS
000000a0                BIOSDATA_O_HST_D_TABBEGADDR
000000a2                BIOSDATA_O_HST_D_TABENDADDR
000000a4                BIOSDATA_O_TSK_D_IDLSTKADDR
000000a6                BIOSDATA_O_TSK_D_IDLSYSTKADDR
000000a8                BIOSDATA_O_RTDX_D_BUFREAD
000000aa                BIOSDATA_O_RTDX_D_BUFWRITE
            00000060    .data
000000c0                .text
000000c0                PRD_A_TABBEGb
000000c0                PRD_A_TABENDb
000000c0                _I2C_init
            00000060    ___data__
            00000060    ___edata__
000000c0                ___text__
            00000060    edata
000000ff                HST_MAXFRAMEALLOWED
00000100                TSK_SYSTACKSIZE
00000102                RTDX_BUFMEMSIZE
00000169                _I2C_config
00000200                LOG_system$size
00000200                __SYSSTACK_SIZE
000002ce                _I2C_getConfig
000003a4                _I2C_setup
000003e8                CLK_MICROSECS
00000400                HST_DSMMEMSIZE
00000400                TSK_STACKSIZE
00000400                trace$size
0000059e                _I2C_write
00000640                PWRM_PWRM_INITMILVOLTS
000007e2                _I2C_read
00000800                __STACK_SIZE
00000a00                DARAM$L
00000a00                _DARAM_length
00000a00                _I2C_eventEnable
00000b34                _I2C_eventDisable
00000c53                _I2C_setCallback
00000ce0                _I2C_getEventId
00000cfc                _SAR_init
00000d59                _SAR_deInit
00000d79                _SAR_chanInit
00000d94                _SAR_chanOpen
00000df6                _SAR_chanClose
00000e7a                _SAR_chanConfig
00000ef0                _SAR_getConfig
00000f62                _SAR_chanSetup
00001176                _SAR_chanCycSet
000011c5                _SAR_startConversion
000011f7                _SAR_stopConversion
0000123e                _SAR_readData
0000127f                _SAR_A2DMeasParamSet
00001581                GBL_CLKTYPE
00001581                GBL_DSPSUBTYPE
000016f9                _SAR_GPODirSet
000017d5                _SAR_getStatus
00001810                CLK_REGS
00001810                _CLK_REGS
00001810                _CLK_timer5505
00001814                _I2S_open
0000195b                _I2S_setup
00001c14                _CLK_timerIAFR
00001c49                _I2S_close
00001cfb                _I2S_read
00001fb5                _I2S_write
0000210b                _I2S_reset
000021bc                _I2S_transEnable
00002207                _GPIO_open
0000224b                _GPIO_close
0000226f                _GPIO_config
000022f4                _GPIO_getConfig
0000237c                _GPIO_read
000023ff                _GPIO_write
000024a2                _GPIO_configBit
[...]
00004c80                PIP_F_take
00004cd4                PIP_F_probe
00004cd6                PIP_F_give
00004d48                PIP_F_start
00004d99                _KNL_switch
00004de7                KNL_glue
00004e20                GBL_CLKIN
00004e26                KNL_tick_stub
00004e26                PRD_THOOKFXN
00004e46                _KNL_saveIsrFrame
00004ea8                __SEM_dopost
00004fac                _TSK_exit
000050a4                _TSK_setup
000051e2                HST_A_TABBEG
000051e2                _HST_A_TABBEG
000051f8                _TSK_startup
000051fc                CLK_A_TABBEG
000051fc                HST_A_TABEND
000051fc                _HST_A_TABEND
00005205                GBL_A_VERSION
0000525b                _C55_disableIMR0
0000527e                _C55_disableIMR1
000052a1                _C55_enableIMR0
000052ba                _C55_enableIMR1
000052d3                _C55_clearIFR0
000052e8                _C55_clearIFR1
00005300                _CLK_start
00005388                _CLK_stop
00005390                _KNL_check
000053eb                _KNL_idle
00005408                _KNL_max
00005420                _CLK_dispatch
00005468                CLK_TIMER0FUNC
00005468                _CLK_isr
000054e4                _CLK_getfhtime
000054f0                CLK_F_gethtime
000054f0                CLK_TIMEFXN
000054f0                _CLK_getshtime
00005537                _SEM_post
00005537                _SEM_postBinary
000055bc                _CLK_measure
00005624                _LOG_printf
00005688                _KNL_enter
000056c8                _KNL_exit
000056e8                _KNL_ipost
00005744                _LCK_post
00005764                _LCK_pend
0000579c                LOG_F_event
0000579c                _LOG_event
000057ed                _SEM_pend
0000583c                _SEM_postEnterKnl
00005884                STS_F_delta
00005884                _STS_delta
000058a6                STS_F_add
000058a6                _STS_add
000058be                STS_F_reset
000058be                _STS_reset
000058cc                _SYS_exit
00005914                IDL_F_busy
00005914                _IDL_busy
00005940                _IDL_init
0000595b                _IDL_calibrate
000059a1                RTA_F_andn
000059b7                RTA_F_or
000059ce                iRTA_F_or
000059e4                SYS_PUTCFXN
000059e4                _UTL_doPutc
00005a1c                _KNL_post
00005a50                CLK_F_itime
00005a50                _CLK_itime
00005a84                CLK_TIMER1FUNC
00005a84                CLK_TIMER2FUNC
00005a84                FXN_F_nop
00005a86                FXN_F_run
00005aa3                FXN_F_zero
00005aa7                FXN_F_selfLoop
00005aa9                IDL_CALIBRFXN
00005aa9                _IDL_stub
00005ad0                SYS_ABORTFXN
00005ad0                _UTL_doAbort
00005af4                SYS_ERRORFXN
00005af4                _UTL_doError
00005b14                _HWI_disable
00005b24                _HWI_enable
00005b28                _HWI_restore
00005b2e                _CLK_run
00005b39                CLK_F_dispRun
00005b39                CLK_HOOKFXN
00005b39                _CLK_dispRun
00005b48                _SYS_abort
00005b5f                IDL_F_loop
00005b5f                _IDL_loop
00005b6b                _SWI_disable
00005b74                SYS_EXITFXN
00005b74                _UTL_halt
00005b7c                _STS_set
00005b83                _GBL_getVersion
00005b8c                GBL_BIOS_BOOTFXN
00005b8c                GBL_USERINITFXN
00005b8c                GIO_CREATEFXN
00005b8c                GIO_DELETEFXN
00005b8c                GIO_PENDFXN
00005b8c                GIO_POSTFXN
00005b8c                PWRM_PWRM_BOOTHOOKFXN
00005b8c                TSK_VCREATEFXN
00005b8c                TSK_VDELETEFXN
00005b8c                TSK_VEXITFXN
00005b8c                _FXN_F_nop
00005b90                _CLK_wdogdisable
            00002dca    ___cinit__
            00002dca    cinit
00005e40                PIP_A_TABBEG
00005e40                _PIP_A_TABBEG
00005ea4                PIP_A_TABEND
00005ea4                _PIP_A_TABEND
00005ee4                SWI_A_TABBEG
00005f20                SWI_A_TABEND
00005f4c                STS_A_TABBEG
00005f4c                _STS_A_TABBEG
00005f74                STS_A_TABEND
00005f74                _STS_A_TABEND
00005f96                LOG_A_TABBEG
00005f96                _LOG_A_TABBEG
00005faa                IDL_A_TABBEG
00005faa                LOG_A_TABEND
00005faa                _LOG_A_TABEND
00005fb6                IDL_A_CALBEG
            000035e4    .bss
            000035e4    ___bss__
            000035e4    _myLPF
            00003662    _myHPF
            000036df    _rxPingPong
            0000373f    _txPingPong
            0000379f    _delayLineLPF
            0000384c    _delayLineHPF
            000038f8    _rxIndex
            000038f9    _txIndex
            000038fa    _sw1State
            000038fb    _sw2State
            000038fc    _filtState
            000038fd    _myNH
            000038fe    _filterPtr
            00003900    _delayLinePtr
            00003902    _idl
            00003903    _swi
            00003b06    ___atexit_func_id__
            00003bc8    _KNL_wFlag
            00003bc9    _KNL_set
            00003bca    _KNL_queues
            00003c1a    _KNL_wList
            00003c1c    _KNL_alarm
            00003c1e    _KNL_setpri
            00003c20    _KNL_inactive
            00003c22    _KNL_priority
            00003c24    _KNL_dummy
            00003c3c    _KNL_curtask
            00003c3e    _KNL_prevtask
            00003c40    _KNL_curtime
            00003c42    _KNL_swiptr
            00003c44    _KNL_curqueue
            00003c46    _KNL_maxqueue
            00003c48    _KNL_tswitchfxn
            00003c4a    _KNL_tcreatefxn
            00003c4c    _KNL_tdeletefxn
            00003c4e    _KNL_treadyfxn
            00003c50    _KNL_idlefxn
            00003c52    _TSK_nTasks
            00003c53    _TSK_pid
            00003c54    _TSK_ATTRS
            00003c62    _TSK_config
            00003c70    _TSK
            00003c72    _TSK_timerSem
            00003caa    _fsError
            00003cab    _ouError
            00003cac    __TSK_mutex
            00003cc0    __MEM_mutex
            00003cd4    _OBJ_table
            00003cf0    _OBJ_segtab
            00003cf8    _SYS_exitStack
            00003d08    _SYS_exitStackPtr
            00003d0a    _SYS_exitStackTop
            00003d0c    _MEM_memtab
            00003d12    DARAM
            00003d12    HST_DSMBUFSEG
            00003d12    MEM_MALLOCSEG
            00003d12    MEM_SEGZERO
            00003d12    RTDX_DATAMEMSEG
            00003d12    _DARAM
            00003d12    _SEG0
            00003d14    RTA_fromHost$pipe$dtab
            00003d1a    RTA_toHost$pipe$dtab
            00003d20    _gI2cObj
            00003d30    _i2cHandle
            00003d32    _CLK_timer0func
            00003d34    _CLK_timer1func
            00003d36    _CLK_timer2func
            00003d38    _CLK_timer0arg
            00003d3a    _CLK_timer1arg
            00003d3c    _CLK_timer2arg
            00003d46    _SarObj
            00003d49    _preKey
            00003d4a    _SarHandle
            00003d4c    _keyCnt1
            00003d4d    _keyCnt2
            00003d58    _rtdxNullChanCnt
            00003d59    _rtdxNullFuncCnt
            00003d5a    _CLK_DFLTMICROSECS
            00003d5c    _CLK_D_microseconds
            00003d5e    _GpioObj
            00003d60    _hGpio
            00003d62    __lock
            00003d64    __unlock
            00003d66    __cleanup_ptr
            00003d68    __dtors_ptr
            00003d6a    _CLK_htimePerLtime
            00003d6c    _MEM
            00003d6e    _hI2s
            00003d70    _dtors
            00003d72    GBL_sysstackbeg
            00003d72    _HWI_SYSSTKTOP
            00003d72    ___end__
            00003d72    __sysstack
            00003d72    end
            00003e71    GBL_sysstackend
            00003e72    GBL_stackbeg
            00003e72    _HWI_STKTOP
            00003e72    _HWI_SYSSTKBOTTOM
            00003e72    __stack
00008000                GBL_PLLDIV0
00008003                GBL_PLLDIV1
            00004271    GBL_stackend
000084e4                DARAM$Bb
000084e4                _DARAM_baseb
            00004272    _HWI_STKBOTTOM
            00004272    __STACK_END
            00004772    TSK_idle$stack
            00004b54    TSK_idle$stkptr
            00004b72    TSK_idle$sysstack
            00004c54    TSK_idle$sysstkptr
00009abf                _RTDX_Buffer_WriteCB
00009c3b                _RTDX_Init_RT_Monitor
00009d4a                _RTDX_Poll
00009f7e                _RTDX_Mon_Queue
0000a006                _RTDX_H2TPoll
0000a06b                _RTDX_Buffer_Initialize
0000a0be                _RTDX_Buffer_ReadCB
0000a109                _RTDX_Final_RT_Monitor
0000a145                _RTDX_Buffer_Size
0000a180                _RTDX_Mask_IER
0000a1aa                _RTDX_Buffer_Read
0000a1cc                _RTDX_Set_IER
0000a1ea                _RTDX_Buffer_Write
            00005114    C55_BIOSDATAOBJ
            00005114    _GBL_procId
            00005116    _GBL_clkIn
            00005118    _GBL_freq
            0000511a    _CLK_htimeDiv
            0000511c    _CLK_htimeMult
            0000511e    _CLK_ltimeDiv
            00005120    _CLK_ltimeMult
            00005122    _CLK_D_dirty
            00005124    _CLK_D_prd
            00005126    _CLK_D_tddr
            00005128    _CLK_D_countspms
            0000512a    CLK_D_idletime
            0000512c    CLK_D_isrhook
            0000512c    _CLK_isrhook
            0000512e    CLK_D_tabbeg
            00005130    CLK_D_timefxn
            00005132    CLK_R_timh
            00005132    _CLK_time
            00005133    CLK_R_timl
            00005134    HST_D_chanmask
            00005136    IDL_D_calbeg
            00005138    IDL_D_calibrate
            0000513a    IDL_D_tabbeg
            0000513c    LOG_D_system
            0000513c    _LOG_D_system
            0000513e    PIP_D_tabbeg
            00005140    PIP_D_tablen
            00005142    PRD_D_cur
            00005144    PRD_D_elapsed
            00005145    PRD_D_prevtim
            00005146    PRD_D_scalar
            00005148    PRD_D_swihandle
            0000514a    PRD_D_tabbeg
            0000514c    PRD_D_tablen
            0000514e    PRD_D_thook
            00005150    PRD_D_tickh
            00005151    PRD_D_tickl
            00005151    _PRD_D_tick
            00005152    SWI_D_runaddr
            00005152    _SWI_data
            00005154    SWI_D_execaddr
            00005156    SWI_D_curmask
            00005156    _SWI_D_curmask
            00005157    SWI_D_curset
            00005158    SWI_D_lock
            00005158    _SWI_D_lock
            00005159    SWI_D_curmbox
            0000515a    SWI_D_curfxn
            0000515a    _SWI_D_curfxn
            0000515c    SWI_D_rdybeg
            0000515c    _SWI_D_rdybeg
            0000515e    SWI_D_rdytab
            0000519a    SWI_D_inswi
            0000519a    _SWI_D_inswi
            0000519c    HWI_D_spsave
            0000519c    _HWI_D_spsave
            0000519c    _HWI_data
            0000519e    HWI_D_sspsave
            0000519e    _HWI_D_sspsave
            000051a0    HWI_D_stkbotaddr
            000051a2    HWI_D_systkbotaddr
            000051a4    HWI_D_stktopaddr
            000051a6    HWI_D_systktopaddr
            000051a8    HWI_D_inhwi
            000051a8    _HWI_D_inhwi
            000051a9    _MEM_D_NUMSEGMENTS
            000051aa    _MEM_D_memtab
            000051ac    _MEM_D_freelist
            000051ae    _MEM_D_lockaddr
            000051b0    _MEM_D_unlockaddr
            000051b2    _SYS
            000051b4    HST_D_tabbegaddr
            000051b6    HST_D_tabendaddr
            000051b8    TSK_D_idlstkaddr
            000051ba    TSK_D_idlsystkaddr
            000051bc    RTDX_D_BufRead
            000051be    RTDX_D_BufWrite
            000051c0    __HOOK_knlId
            000051c2    __HOOK_NUMHOOKS
            000051c4    RTA_D_fromHost
            000051c6    RTA_D_toHost
            000051c8    RTA_D_logval
            000051d2    RTA_D_stsval
            000051da    LNKCTRL
            000051da    LNK_D_fromHostMask
            000051db    LNK_D_dataReadyMask
            000051dc    LNK_D_readPend
            000051dd    LNK_D_readDone
            000051de    LNK_D_readFail
            000051df    LNK_D_writeFail
            000051e0    IDL_D_busyObj
0000a3c4                HST_A_TABBEGb
            000051e4    RTA_fromHost
            000051e4    _RTA_fromHost
            000051e8    RTA_fromHost$rtdx
            000051f0    RTA_toHost
            000051f0    _RTA_toHost
            000051f4    RTA_toHost$rtdx
0000a3f8                CLK_A_TABBEGb
0000a3f8                HST_A_TABENDb
            000051fc    PRD_clock
            000051fc    _PRD_clock
            000051fe    CLK_NULL
            00005200    LOG_system$buf
            00005400    trace$buf
            00005800    _SYS_PUTCBEG
            000059ff    _SYS_PUTCEND
0000b400                _MEM_init
0000b511                BIOS_init
0000b511                _BIOS_init
0000b5a2                BIOS_start
0000b5a2                _BIOS_start
0000b5e8                _TSK_init
0000b66c                _auto_init
0000b6dd                _c_int00
0000b74c                _OBJ_init
            00005ba8    _RTDX_Buffer
            00005caa    _rtdx_mon_state
            00005cbc    _rtdx_buffer_state
            00005cc2    _RTDX_writing
            00005ccc    _RTDX_Buffer_Start
            00005cce    _RTDX_Buffer_End
            00005cd0    _HWI_dispatchTab
            00005e3f    _HST_HOST_CHANNEL_DRIVER
0000bc80                PIP_A_TABBEGb
            00005e40    RTA_fromHost$pipe
            00005e42    RTA_fromHost$pipe$rd
            00005e44    RTA_fromHost$pipe$rdaddr
            00005e46    RTA_fromHost$pipe$rdsize
            00005e47    KNL_swi$sts$maxfmt
            00005e48    RTA_fromHost$pipe$rdcurdesc
            00005e4f    KNL_swi$sts$sumfmt
            00005e57    KNL_swi$sts$avgfmt
            00005e58    RTA_fromHost$pipe$rdstshdl
            00005e5a    RTA_fromHost$pipe$wr
            00005e5c    RTA_fromHost$pipe$wraddr
            00005e5e    RTA_fromHost$pipe$wrsize
            00005e60    RTA_fromHost$pipe$wrcurdesc
            00005e61    SWIPing$sts$maxfmt
            00005e69    SWIPing$sts$sumfmt
            00005e70    RTA_fromHost$pipe$wrstshdl
            00005e71    SWIPing$sts$avgfmt
            00005e72    RTA_toHost$pipe
            00005e74    RTA_toHost$pipe$rd
            00005e76    RTA_toHost$pipe$rdaddr
            00005e78    RTA_toHost$pipe$rdsize
            00005e7a    RTA_toHost$pipe$rdcurdesc
            00005e7b    SWIPong$sts$maxfmt
            00005e83    SWIPong$sts$sumfmt
            00005e8a    RTA_toHost$pipe$rdstshdl
            00005e8b    SWIPong$sts$avgfmt
            00005e8c    RTA_toHost$pipe$wr
            00005e8e    RTA_toHost$pipe$wraddr
            00005e90    RTA_toHost$pipe$wrsize
            00005e92    RTA_toHost$pipe$wrcurdesc
            00005e95    TSK_idle$sts$maxfmt
            00005e9d    TSK_idle$sts$sumfmt
            00005ea2    RTA_toHost$pipe$wrstshdl
0000bd48                PIP_A_TABENDb
            00005ea4    RTA_toHost$buf
            00005ea5    TSK_idle$sts$avgfmt
            00005eaf    IDL_busyObj$maxfmt
            00005eb2    IDL_busyObj$sumfmt
            00005eb5    IDL_busyObj$avgfmt
            00005ee4    KNL_swi
0000bdc8                SWI_A_TABBEGb
            00005ee4    _KNL_swi
            00005ef8    SWIPing
            00005ef8    _SWIPing
            00005f0c    SWIPong
            00005f0c    _SWIPong
0000be40                SWI_A_TABENDb
            00005f26    TSK_idle
            00005f26    _TSK_idle
            00005f3e    TSK_idle$tskobj
            00005f4c    KNL_swi$sts$stsobj
0000be98                STS_A_TABBEGb
            00005f4e    KNL_swi$sts
            00005f54    SWIPing$sts$stsobj
            00005f56    SWIPing$sts
            00005f5c    SWIPong$sts$stsobj
            00005f5e    SWIPong$sts
            00005f64    TSK_idle$sts$stsobj
            00005f66    TSK_idle$sts
            00005f6c    IDL_busyObj$stsobj
            00005f6e    IDL_busyObj
            00005f6e    _IDL_busyObj
0000bee8                STS_A_TABENDb
            00005f74    gblinit
0000bf2c                LOG_A_TABBEGb
            00005f96    LOG_system
            00005f96    _LOG_system
            00005fa0    _trace
            00005fa0    trace
0000bf54                IDL_A_TABBEGb
            00005faa    LNK_dataPump
0000bf54                LOG_A_TABENDb
            00005faa    _LNK_dataPump
            00005fac    RTA_dispatcher
            00005fac    _RTA_dispatcher
            00005fae    IDL_cpuLoad
            00005fae    _IDL_cpuLoad
            00005fb0    IDL0
            00005fb0    _IDL0
            00005fb2    IDL1
            00005fb2    _IDL1
            00005fb4    IDL_END
0000bf6c                IDL_A_CALBEGb
            00005fb6    LNK_dataPump$
            00005fb8    RTA_dispatcher$
            00005fba    IDL_cpuLoad$
            00005fbc    IDL0$
            00005fbe    IDL1$
            00005fc0    IDL_END$
            00005fca    RTA_fromHost$buf
            00005fd2    SYS$config
            00005fda    ___pinit__
            00005fda    pinit
            00005fe0    TRC_cinit
            00005fe1    TRC_R_mask
            00005fe1    _TRC_R_mask
            00005fe2    GBL_initdone
0000c34f                CLK_PRD
0000c34f                _CLK_PRD
0000c350                CLK_COUNTSPMS
0000c350                CLK_HTIMEPERLTIME
0000c350                _CLK_COUNTSPMS
0000dbef                GBL_TRCMASKVALUE
0000ff00                HWI_A_VECS
0000ff00                hwi0
0000ff08                hwi1
0000ff10                hwi2
0000ff18                hwi3
0000ff20                hwi4
0000ff28                hwi5
0000ff30                hwi6
0000ff38                hwi7
0000ff40                hwi8
0000ff48                hwi9
0000ff50                hwi10
0000ff58                hwi11
0000ff60                hwi12
0000ff68                hwi13
0000ff70                hwi14
0000ff78                hwi15
0000ff80                hwi16
0000ff88                hwi17
0000ff90                hwi18
0000ff98                hwi19
0000ffa0                hwi20
0000ffa8                hwi21
0000ffb0                hwi22
0000ffb8                hwi23
0000ffc0                hwi24
0000ffc8                hwi25
0000ffd0                hwi26
0000ffd8                hwi27
0000ffe0                hwi28
0000ffe8                hwi29
0000fff0                hwi30
0000fff8                hwi31
000186a0                CLK_LTIMEMULT
000186a0                GBL_FREQ
00f80000                GBL_CACHEICRTAG1
00f81000                GBL_CACHEICRTAG2
ffffffff                SARAM
ffffffff                VECT
ffffffff                _SARAM
ffffffff                _VECT
ffffffff                ___binit__
ffffffff                ___c_args__
ffffffff                binit

[1007 symbols]
