<?xml version="1.0"?>
<link_info>
   <banner>TMS320C55x Linker PC v4.4.1</banner>
   <copyright>Copyright (c) 1996-2012 Texas Instruments Incorporated</copyright>
   <link_time>0x5a8c7bb8</link_time>
   <output_file>Project3_v2.out</output_file>
   <entry_point>
      <name>_c_int00</name>
      <address>0xb6dd</address>
   </entry_point>
   <input_file_list>
      <input_file id="fl-2">
         <path>.\</path>
         <kind>object</kind>
         <file>aic3204.obj</file>
         <name>aic3204.obj</name>
      </input_file>
      <input_file id="fl-3">
         <path>.\</path>
         <kind>object</kind>
         <file>audioProcessing.obj</file>
         <name>audioProcessing.obj</name>
      </input_file>
      <input_file id="fl-4">
         <path>.\</path>
         <kind>object</kind>
         <file>hellocfg.obj</file>
         <name>hellocfg.obj</name>
      </input_file>
      <input_file id="fl-5">
         <path>.\</path>
         <kind>object</kind>
         <file>hellocfg_c.obj</file>
         <name>hellocfg_c.obj</name>
      </input_file>
      <input_file id="fl-6">
         <path>.\</path>
         <kind>object</kind>
         <file>main.obj</file>
         <name>main.obj</name>
      </input_file>
      <input_file id="fl-7">
         <path>.\</path>
         <kind>object</kind>
         <file>myNCO.obj</file>
         <name>myNCO.obj</name>
      </input_file>
      <input_file id="fl-8">
         <path>.\</path>
         <kind>object</kind>
         <file>myfir.obj</file>
         <name>myfir.obj</name>
      </input_file>
      <input_file id="fl-29">
         <path>C:\ti\bios_5_42_01_09\packages\ti\bios\lib\</path>
         <kind>archive</kind>
         <file>bios.a55L</file>
         <name>fxn.o55L</name>
      </input_file>
      <input_file id="fl-2a">
         <path>C:\ti\bios_5_42_01_09\packages\ti\bios\lib\</path>
         <kind>archive</kind>
         <file>bios.a55L</file>
         <name>biosdata.o55L</name>
      </input_file>
      <input_file id="fl-2b">
         <path>C:\ti\bios_5_42_01_09\packages\ti\bios\lib\</path>
         <kind>archive</kind>
         <file>bios.a55L</file>
         <name>knl_swit.o55L</name>
      </input_file>
      <input_file id="fl-2c">
         <path>C:\ti\bios_5_42_01_09\packages\ti\bios\lib\</path>
         <kind>archive</kind>
         <file>bios.a55L</file>
         <name>swi.o55L</name>
      </input_file>
      <input_file id="fl-2d">
         <path>C:\ti\bios_5_42_01_09\packages\ti\bios\lib\</path>
         <kind>archive</kind>
         <file>bios.a55L</file>
         <name>clk_run.o55L</name>
      </input_file>
      <input_file id="fl-2e">
         <path>C:\ti\bios_5_42_01_09\packages\ti\bios\lib\</path>
         <kind>archive</kind>
         <file>bios5505.a55L</file>
         <name>clk5505_htime.o55L</name>
      </input_file>
      <input_file id="fl-2f">
         <path>C:\ti\bios_5_42_01_09\packages\ti\bios\lib\</path>
         <kind>archive</kind>
         <file>bios5505.a55L</file>
         <name>clk5505_isr.o55L</name>
      </input_file>
      <input_file id="fl-30">
         <path>C:\ti\bios_5_42_01_09\packages\ti\bios\lib\</path>
         <kind>archive</kind>
         <file>bios.a55L</file>
         <name>fxn_c.o55L</name>
      </input_file>
      <input_file id="fl-31">
         <path>C:\ti\bios_5_42_01_09\packages\ti\bios\lib\</path>
         <kind>archive</kind>
         <file>bios.a55L</file>
         <name>idl_stub.o55L</name>
      </input_file>
      <input_file id="fl-32">
         <path>C:\ti\bios_5_42_01_09\packages\ti\bios\lib\</path>
         <kind>archive</kind>
         <file>bios.a55L</file>
         <name>utl_doab.o55L</name>
      </input_file>
      <input_file id="fl-33">
         <path>C:\ti\bios_5_42_01_09\packages\ti\bios\lib\</path>
         <kind>archive</kind>
         <file>bios.a55L</file>
         <name>utl_doer.o55L</name>
      </input_file>
      <input_file id="fl-34">
         <path>C:\ti\bios_5_42_01_09\packages\ti\bios\lib\</path>
         <kind>archive</kind>
         <file>bios.a55L</file>
         <name>utl_putc.o55L</name>
      </input_file>
      <input_file id="fl-35">
         <path>C:\ti\bios_5_42_01_09\packages\ti\bios\lib\</path>
         <kind>archive</kind>
         <file>bios.a55L</file>
         <name>utl_halt.o55L</name>
      </input_file>
      <input_file id="fl-36">
         <path>C:\ti\bios_5_42_01_09\packages\ti\bios\lib\</path>
         <kind>archive</kind>
         <file>bios5505.a55L</file>
         <name>clk_itime.o55L</name>
      </input_file>
      <input_file id="fl-37">
         <path>C:\ti\bios_5_42_01_09\packages\ti\bios\lib\</path>
         <kind>archive</kind>
         <file>bios.a55L</file>
         <name>boot.o55L</name>
      </input_file>
      <input_file id="fl-38">
         <path>C:\ti\bios_5_42_01_09\packages\ti\bios\lib\</path>
         <kind>archive</kind>
         <file>bios.a55L</file>
         <name>trc.o55L</name>
      </input_file>
      <input_file id="fl-39">
         <path>C:\ti\bios_5_42_01_09\packages\ti\bios\lib\</path>
         <kind>archive</kind>
         <file>bios.a55L</file>
         <name>hwi_disp_asm.o55L</name>
      </input_file>
      <input_file id="fl-3a">
         <path>C:\ti\bios_5_42_01_09\packages\ti\bios\lib\</path>
         <kind>archive</kind>
         <file>bios.a55L</file>
         <name>idl_busy.o55L</name>
      </input_file>
      <input_file id="fl-3b">
         <path>C:\ti\bios_5_42_01_09\packages\ti\bios\lib\</path>
         <kind>archive</kind>
         <file>bios.a55L</file>
         <name>idl.o55L</name>
      </input_file>
      <input_file id="fl-3c">
         <path>C:\ti\bios_5_42_01_09\packages\ti\bios\lib\</path>
         <kind>archive</kind>
         <file>lnkrtdx.a55L</file>
         <name>rtdx.o55L</name>
      </input_file>
      <input_file id="fl-3d">
         <path>C:\ti\bios_5_42_01_09\packages\ti\bios\lib\</path>
         <kind>archive</kind>
         <file>bios.a55L</file>
         <name>log.o55L</name>
      </input_file>
      <input_file id="fl-3e">
         <path>C:\ti\bios_5_42_01_09\packages\ti\bios\lib\</path>
         <kind>archive</kind>
         <file>bios.a55L</file>
         <name>pip.o55L</name>
      </input_file>
      <input_file id="fl-3f">
         <path>C:\ti\bios_5_42_01_09\packages\ti\bios\lib\</path>
         <kind>archive</kind>
         <file>bios.a55L</file>
         <name>prd.o55L</name>
      </input_file>
      <input_file id="fl-40">
         <path>C:\ti\bios_5_42_01_09\packages\ti\bios\lib\</path>
         <kind>archive</kind>
         <file>bios.a55L</file>
         <name>rta.o55L</name>
      </input_file>
      <input_file id="fl-41">
         <path>C:\ti\bios_5_42_01_09\packages\ti\bios\lib\</path>
         <kind>archive</kind>
         <file>bios.a55L</file>
         <name>sts.o55L</name>
      </input_file>
      <input_file id="fl-42">
         <path>C:\ti\bios_5_42_01_09\packages\ti\bios\lib\</path>
         <kind>archive</kind>
         <file>bios.a55L</file>
         <name>c55_enable.o55L</name>
      </input_file>
      <input_file id="fl-43">
         <path>C:\ti\bios_5_42_01_09\packages\ti\bios\lib\</path>
         <kind>archive</kind>
         <file>bios.a55L</file>
         <name>c55_c.o55L</name>
      </input_file>
      <input_file id="fl-44">
         <path>C:\ti\bios_5_42_01_09\packages\ti\bios\lib\</path>
         <kind>archive</kind>
         <file>bios.a55L</file>
         <name>clk_data.o55L</name>
      </input_file>
      <input_file id="fl-45">
         <path>C:\ti\bios_5_42_01_09\packages\ti\bios\lib\</path>
         <kind>archive</kind>
         <file>bios.a55L</file>
         <name>clk_data2.o55L</name>
      </input_file>
      <input_file id="fl-46">
         <path>C:\ti\bios_5_42_01_09\packages\ti\bios\lib\</path>
         <kind>archive</kind>
         <file>bios5505.a55L</file>
         <name>clk5505_start.o55L</name>
      </input_file>
      <input_file id="fl-47">
         <path>C:\ti\bios_5_42_01_09\packages\ti\bios\lib\</path>
         <kind>archive</kind>
         <file>bios5505.a55L</file>
         <name>clk5505_data.o55L</name>
      </input_file>
      <input_file id="fl-48">
         <path>C:\ti\bios_5_42_01_09\packages\ti\bios\lib\</path>
         <kind>archive</kind>
         <file>bios5505.a55L</file>
         <name>clk5505_wdog.o55L</name>
      </input_file>
      <input_file id="fl-49">
         <path>C:\Users\Zach\Dropbox\elec498_spring_2018\ezdsp5535_v1\lib\</path>
         <kind>archive</kind>
         <file>ezdsp5535bsl.lib</file>
         <name>ezdsp5535_i2c.obj</name>
      </input_file>
      <input_file id="fl-4a">
         <path>C:\Users\Zach\Dropbox\elec498_spring_2018\ezdsp5535_v1\lib\</path>
         <kind>archive</kind>
         <file>ezdsp5535bsl.lib</file>
         <name>ezdsp5535_i2s.obj</name>
      </input_file>
      <input_file id="fl-4b">
         <path>C:\Users\Zach\Dropbox\elec498_spring_2018\ezdsp5535_v1\lib\</path>
         <kind>archive</kind>
         <file>ezdsp5535bsl.lib</file>
         <name>ezdsp5535_led.obj</name>
      </input_file>
      <input_file id="fl-4c">
         <path>C:\Users\Zach\Dropbox\elec498_spring_2018\ezdsp5535_v1\lib\</path>
         <kind>archive</kind>
         <file>ezdsp5535bsl.lib</file>
         <name>ezdsp5535_gpio.obj</name>
      </input_file>
      <input_file id="fl-4d">
         <path>C:\Users\Zach\Dropbox\elec498_spring_2018\ezdsp5535_v1\lib\</path>
         <kind>archive</kind>
         <file>ezdsp5535bsl.lib</file>
         <name>ezdsp5535_sar.obj</name>
      </input_file>
      <input_file id="fl-4e">
         <path>C:\Users\Zach\Dropbox\elec498_spring_2018\ezdsp5535_v1\lib\</path>
         <kind>archive</kind>
         <file>ezdsp5535bsl.lib</file>
         <name>ezdsp5535.obj</name>
      </input_file>
      <input_file id="fl-4f">
         <path>C:\ti\bios_5_42_01_09\packages\ti\bios\lib\</path>
         <kind>archive</kind>
         <file>bios.a55L</file>
         <name>gbl_vers.o55L</name>
      </input_file>
      <input_file id="fl-50">
         <path>C:\Users\Zach\Dropbox\elec498_spring_2018\ezdsp5535_v1\c55xx_csl\ccs_v4.0_examples\cslVC5505\Debug\</path>
         <kind>archive</kind>
         <file>cslVC5505.lib</file>
         <name>csl_gpio.obj</name>
      </input_file>
      <input_file id="fl-51">
         <path>C:\ti\bios_5_42_01_09\packages\ti\bios\lib\</path>
         <kind>archive</kind>
         <file>bios.a55L</file>
         <name>hwi_xable.o55L</name>
      </input_file>
      <input_file id="fl-52">
         <path>C:\Users\Zach\Dropbox\elec498_spring_2018\ezdsp5535_v1\c55xx_csl\ccs_v4.0_examples\cslVC5505\Debug\</path>
         <kind>archive</kind>
         <file>cslVC5505.lib</file>
         <name>csl_i2c.obj</name>
      </input_file>
      <input_file id="fl-53">
         <path>C:\Users\Zach\Dropbox\elec498_spring_2018\ezdsp5535_v1\c55xx_csl\ccs_v4.0_examples\cslVC5505\Debug\</path>
         <kind>archive</kind>
         <file>cslVC5505.lib</file>
         <name>csl_i2s.obj</name>
      </input_file>
      <input_file id="fl-54">
         <path>C:\ti\bios_5_42_01_09\packages\ti\bios\lib\</path>
         <kind>archive</kind>
         <file>bios.a55L</file>
         <name>idl_cal.o55L</name>
      </input_file>
      <input_file id="fl-55">
         <path>C:\ti\bios_5_42_01_09\packages\ti\bios\lib\</path>
         <kind>archive</kind>
         <file>bios5505.a55L</file>
         <name>clk5505_meas.o55L</name>
      </input_file>
      <input_file id="fl-56">
         <path>C:\ti\bios_5_42_01_09\packages\ti\bios\lib\</path>
         <kind>archive</kind>
         <file>bios.a55L</file>
         <name>knl_exit.o55L</name>
      </input_file>
      <input_file id="fl-57">
         <path>C:\ti\bios_5_42_01_09\packages\ti\bios\lib\</path>
         <kind>archive</kind>
         <file>bios.a55L</file>
         <name>knl_chec.o55L</name>
      </input_file>
      <input_file id="fl-58">
         <path>C:\ti\bios_5_42_01_09\packages\ti\bios\lib\</path>
         <kind>archive</kind>
         <file>bios.a55L</file>
         <name>knl.o55L</name>
      </input_file>
      <input_file id="fl-59">
         <path>C:\ti\bios_5_42_01_09\packages\ti\bios\lib\</path>
         <kind>archive</kind>
         <file>bios.a55L</file>
         <name>knl_run.o55L</name>
      </input_file>
      <input_file id="fl-5a">
         <path>C:\ti\bios_5_42_01_09\packages\ti\bios\lib\</path>
         <kind>archive</kind>
         <file>bios.a55L</file>
         <name>knl_tick.o55L</name>
      </input_file>
      <input_file id="fl-5b">
         <path>C:\ti\bios_5_42_01_09\packages\ti\bios\lib\</path>
         <kind>archive</kind>
         <file>bios.a55L</file>
         <name>knl_post.o55L</name>
      </input_file>
      <input_file id="fl-5c">
         <path>C:\ti\bios_5_42_01_09\packages\ti\bios\lib\</path>
         <kind>archive</kind>
         <file>bios.a55L</file>
         <name>knl_ipos.o55L</name>
      </input_file>
      <input_file id="fl-5d">
         <path>C:\ti\bios_5_42_01_09\packages\ti\bios\lib\</path>
         <kind>archive</kind>
         <file>bios.a55L</file>
         <name>log_printf.o55L</name>
      </input_file>
      <input_file id="fl-5e">
         <path>C:\ti\bios_5_42_01_09\packages\ti\bios\lib\</path>
         <kind>archive</kind>
         <file>bios.a55L</file>
         <name>mem_asm.o55L</name>
      </input_file>
      <input_file id="fl-5f">
         <path>C:\ti\bios_5_42_01_09\packages\ti\bios\lib\</path>
         <kind>archive</kind>
         <file>bios.a55L</file>
         <name>mem_init.o55L</name>
      </input_file>
      <input_file id="fl-60">
         <path>C:\ti\bios_5_42_01_09\packages\ti\bios\lib\</path>
         <kind>archive</kind>
         <file>bios.a55L</file>
         <name>obj_init.o55L</name>
      </input_file>
      <input_file id="fl-61">
         <path>C:\ti\bios_5_42_01_09\packages\ti\bios\lib\</path>
         <kind>archive</kind>
         <file>bios.a55L</file>
         <name>rtdx_data.o55L</name>
      </input_file>
      <input_file id="fl-62">
         <path>C:\ti\bios_5_42_01_09\packages\ti\rtdx\lib\c5500\</path>
         <kind>archive</kind>
         <file>rtdxx.lib</file>
         <name>buffer2.o55L</name>
      </input_file>
      <input_file id="fl-63">
         <path>C:\ti\bios_5_42_01_09\packages\ti\rtdx\lib\c5500\</path>
         <kind>archive</kind>
         <file>rtdxx.lib</file>
         <name>buffer1.o55L</name>
      </input_file>
      <input_file id="fl-64">
         <path>C:\ti\bios_5_42_01_09\packages\ti\rtdx\lib\c5500\</path>
         <kind>archive</kind>
         <file>rtdxx.lib</file>
         <name>rtdx_mon.o55L</name>
      </input_file>
      <input_file id="fl-65">
         <path>C:\ti\bios_5_42_01_09\packages\ti\rtdx\lib\c5500\</path>
         <kind>archive</kind>
         <file>rtdxx.lib</file>
         <name>intr_tgt.o55L</name>
      </input_file>
      <input_file id="fl-66">
         <path>C:\Users\Zach\Dropbox\elec498_spring_2018\ezdsp5535_v1\c55xx_csl\ccs_v4.0_examples\cslVC5505\Debug\</path>
         <kind>archive</kind>
         <file>cslVC5505.lib</file>
         <name>csl_sar.obj</name>
      </input_file>
      <input_file id="fl-67">
         <path>C:\ti\bios_5_42_01_09\packages\ti\bios\lib\</path>
         <kind>archive</kind>
         <file>bios.a55L</file>
         <name>sts_set.o55L</name>
      </input_file>
      <input_file id="fl-68">
         <path>C:\ti\bios_5_42_01_09\packages\ti\bios\lib\</path>
         <kind>archive</kind>
         <file>bios.a55L</file>
         <name>swi_disable.o55L</name>
      </input_file>
      <input_file id="fl-69">
         <path>C:\ti\bios_5_42_01_09\packages\ti\bios\lib\</path>
         <kind>archive</kind>
         <file>bios.a55L</file>
         <name>tsk.o55L</name>
      </input_file>
      <input_file id="fl-6a">
         <path>C:\ti\bios_5_42_01_09\packages\ti\bios\lib\</path>
         <kind>archive</kind>
         <file>bios.a55L</file>
         <name>tsk_exit.o55L</name>
      </input_file>
      <input_file id="fl-6b">
         <path>C:\ti\bios_5_42_01_09\packages\ti\bios\lib\</path>
         <kind>archive</kind>
         <file>bios.a55L</file>
         <name>sys_exit.o55L</name>
      </input_file>
      <input_file id="fl-6c">
         <path>C:\ti\bios_5_42_01_09\packages\ti\bios\lib\</path>
         <kind>archive</kind>
         <file>bios.a55L</file>
         <name>sys.o55L</name>
      </input_file>
      <input_file id="fl-6d">
         <path>C:\ti\bios_5_42_01_09\packages\ti\bios\lib\</path>
         <kind>archive</kind>
         <file>bios.a55L</file>
         <name>tsk_init.o55L</name>
      </input_file>
      <input_file id="fl-6e">
         <path>C:\ti\bios_5_42_01_09\packages\ti\bios\lib\</path>
         <kind>archive</kind>
         <file>bios.a55L</file>
         <name>tsk_setu.o55L</name>
      </input_file>
      <input_file id="fl-6f">
         <path>C:\ti\bios_5_42_01_09\packages\ti\bios\lib\</path>
         <kind>archive</kind>
         <file>bios.a55L</file>
         <name>tsk_stup.o55L</name>
      </input_file>
      <input_file id="fl-70">
         <path>C:\ti\bios_5_42_01_09\packages\ti\bios\lib\</path>
         <kind>archive</kind>
         <file>bios.a55L</file>
         <name>lck.o55L</name>
      </input_file>
      <input_file id="fl-71">
         <path>C:\ti\bios_5_42_01_09\packages\ti\bios\lib\</path>
         <kind>archive</kind>
         <file>bios.a55L</file>
         <name>sem_pend_counting.o55L</name>
      </input_file>
      <input_file id="fl-72">
         <path>C:\ti\bios_5_42_01_09\packages\ti\bios\lib\</path>
         <kind>archive</kind>
         <file>bios.a55L</file>
         <name>sem_pend.o55L</name>
      </input_file>
      <input_file id="fl-73">
         <path>C:\ti\bios_5_42_01_09\packages\ti\bios\lib\</path>
         <kind>archive</kind>
         <file>bios.a55L</file>
         <name>sem_post_asm.o55L</name>
      </input_file>
      <input_file id="fl-74">
         <path>C:\ti\bios_5_42_01_09\packages\ti\bios\lib\</path>
         <kind>archive</kind>
         <file>bios.a55L</file>
         <name>sem_post.o55L</name>
      </input_file>
      <input_file id="fl-75">
         <path>C:\ti\bios_5_42_01_09\packages\ti\bios\lib\</path>
         <kind>archive</kind>
         <file>bios.a55L</file>
         <name>sys_abor.o55L</name>
      </input_file>
      <input_file id="fl-76">
         <path>C:\ti\bios_5_42_01_09\packages\ti\bios\lib\</path>
         <kind>archive</kind>
         <file>bios.a55L</file>
         <name>sem_dopo.o55L</name>
      </input_file>
      <input_file id="fl-77">
         <path>C:\ti\ccsv6\tools\compiler\c5500_4.4.1\lib\</path>
         <kind>archive</kind>
         <file>rts55x.lib</file>
         <name>divul.obj</name>
      </input_file>
      <input_file id="fl-78">
         <path>C:\ti\ccsv6\tools\compiler\c5500_4.4.1\lib\</path>
         <kind>archive</kind>
         <file>rts55x.lib</file>
         <name>lmpy.obj</name>
      </input_file>
      <input_file id="fl-79">
         <path>C:\ti\ccsv6\tools\compiler\c5500_4.4.1\lib\</path>
         <kind>archive</kind>
         <file>rts55x.lib</file>
         <name>_lock.obj</name>
      </input_file>
      <input_file id="fl-7a">
         <path>C:\ti\ccsv6\tools\compiler\c5500_4.4.1\lib\</path>
         <kind>archive</kind>
         <file>rts55x.lib</file>
         <name>remul.obj</name>
      </input_file>
      <input_file id="fl-7b">
         <path>C:\ti\ccsv6\tools\compiler\c5500_4.4.1\lib\</path>
         <kind>archive</kind>
         <file>rts55x.lib</file>
         <name>atexit.obj</name>
      </input_file>
      <input_file id="fl-7c">
         <path>C:\ti\ccsv6\tools\compiler\c5500_4.4.1\lib\</path>
         <kind>archive</kind>
         <file>rts55x.lib</file>
         <name>sinit.obj</name>
      </input_file>
      <input_file id="fl-7d">
         <path>C:\ti\ccsv6\tools\compiler\c5500_4.4.1\lib\</path>
         <kind>archive</kind>
         <file>rts55x.lib</file>
         <name>exit.obj</name>
      </input_file>
      <input_file id="fl-7e">
         <path>C:\ti\bios_5_42_01_09\packages\ti\bios\lib\</path>
         <kind>archive</kind>
         <file>bios.a55L</file>
         <name>autoinit.o55L</name>
      </input_file>
      <input_file id="fl-7f">
         <path>C:\ti\ccsv6\tools\compiler\c5500_4.4.1\lib\</path>
         <kind>archive</kind>
         <file>rts55x.lib</file>
         <name>memcpy.obj</name>
      </input_file>
      <input_file id="fl-80">
         <path>C:\ti\bios_5_42_01_09\packages\ti\bios\lib\</path>
         <kind>archive</kind>
         <file>bios.a55L</file>
         <name>rta_andn.o55L</name>
      </input_file>
   </input_file_list>
   <object_component_list>
      <object_component id="oc-72">
         <name>.vers</name>
         <load_address>0x0</load_address>
         <run_address>0x0</run_address>
         <size>0x78</size>
         <input_file_ref idref="fl-4"/>
      </object_component>
      <object_component id="oc-62">
         <name>.clk</name>
         <uninitialized>true</uninitialized>
         <run_address>0xbfcc</run_address>
         <size>0x8</size>
         <input_file_ref idref="fl-4"/>
      </object_component>
      <object_component id="oc-68">
         <name>.swi</name>
         <uninitialized>true</uninitialized>
         <run_address>0xbdc8</run_address>
         <size>0x78</size>
         <input_file_ref idref="fl-4"/>
      </object_component>
      <object_component id="oc-6b">
         <name>.tsk</name>
         <uninitialized>true</uninitialized>
         <run_address>0xbe40</run_address>
         <size>0x58</size>
         <input_file_ref idref="fl-4"/>
      </object_component>
      <object_component id="oc-6d">
         <name>.idl</name>
         <uninitialized>true</uninitialized>
         <run_address>0xbf60</run_address>
         <size>0x18</size>
         <input_file_ref idref="fl-4"/>
      </object_component>
      <object_component id="oc-6c">
         <name>.idlcal</name>
         <uninitialized>true</uninitialized>
         <run_address>0xbf78</run_address>
         <size>0x18</size>
         <input_file_ref idref="fl-4"/>
      </object_component>
      <object_component id="oc-45">
         <name>.bss</name>
         <uninitialized>true</uninitialized>
         <run_address>0x7a28</run_address>
         <size>0x28</size>
         <input_file_ref idref="fl-4"/>
      </object_component>
      <object_component id="oc-56">
         <name>.bss</name>
         <uninitialized>true</uninitialized>
         <run_address>0x6bdc</run_address>
         <size>0x63c</size>
         <input_file_ref idref="fl-3"/>
      </object_component>
      <object_component id="oc-7f">
         <name>.bss</name>
         <uninitialized>true</uninitialized>
         <run_address>0x7218</run_address>
         <size>0x404</size>
         <input_file_ref idref="fl-7"/>
      </object_component>
      <object_component id="oc-b0">
         <name>.bss</name>
         <uninitialized>true</uninitialized>
         <run_address>0x7aac</run_address>
         <size>0xc</size>
         <input_file_ref idref="fl-34"/>
      </object_component>
      <object_component id="oc-f8">
         <name>.bss</name>
         <uninitialized>true</uninitialized>
         <run_address>0x7ac4</run_address>
         <size>0x8</size>
         <input_file_ref idref="fl-44"/>
      </object_component>
      <object_component id="oc-fc">
         <name>.bss</name>
         <uninitialized>true</uninitialized>
         <run_address>0x7ae4</run_address>
         <size>0x4</size>
         <input_file_ref idref="fl-45"/>
      </object_component>
      <object_component id="oc-104">
         <name>.bss</name>
         <uninitialized>true</uninitialized>
         <run_address>0x7a74</run_address>
         <size>0x18</size>
         <input_file_ref idref="fl-47"/>
      </object_component>
      <object_component id="oc-112">
         <name>.bss</name>
         <uninitialized>true</uninitialized>
         <run_address>0x7aec</run_address>
         <size>0x4</size>
         <input_file_ref idref="fl-4a"/>
      </object_component>
      <object_component id="oc-11d">
         <name>.bss</name>
         <uninitialized>true</uninitialized>
         <run_address>0x7acc</run_address>
         <size>0x8</size>
         <input_file_ref idref="fl-4c"/>
      </object_component>
      <object_component id="oc-123">
         <name>.bss</name>
         <uninitialized>true</uninitialized>
         <run_address>0x7a9c</run_address>
         <size>0x10</size>
         <input_file_ref idref="fl-4d"/>
      </object_component>
      <object_component id="oc-13c">
         <name>.bss</name>
         <uninitialized>true</uninitialized>
         <run_address>0x7a50</run_address>
         <size>0x24</size>
         <input_file_ref idref="fl-52"/>
      </object_component>
      <object_component id="oc-142">
         <name>.bss</name>
         <uninitialized>true</uninitialized>
         <run_address>0x7914</run_address>
         <size>0x54</size>
         <input_file_ref idref="fl-53"/>
      </object_component>
      <object_component id="oc-158">
         <name>.bss</name>
         <uninitialized>true</uninitialized>
         <run_address>0x77a0</run_address>
         <size>0x114</size>
         <input_file_ref idref="fl-58"/>
      </object_component>
      <object_component id="oc-161">
         <name>.bss</name>
         <uninitialized>true</uninitialized>
         <run_address>0x7a8c</run_address>
         <size>0x10</size>
         <input_file_ref idref="fl-5a"/>
      </object_component>
      <object_component id="oc-173">
         <name>.bss</name>
         <uninitialized>true</uninitialized>
         <run_address>0x7ae8</run_address>
         <size>0x4</size>
         <input_file_ref idref="fl-5e"/>
      </object_component>
      <object_component id="oc-17b">
         <name>.bss</name>
         <uninitialized>true</uninitialized>
         <run_address>0x79b8</run_address>
         <size>0x46</size>
         <input_file_ref idref="fl-60"/>
      </object_component>
      <object_component id="oc-185">
         <name>.bss</name>
         <uninitialized>true</uninitialized>
         <run_address>0x7ab8</run_address>
         <size>0xc</size>
         <input_file_ref idref="fl-63"/>
      </object_component>
      <object_component id="oc-19a">
         <name>.bss</name>
         <uninitialized>true</uninitialized>
         <run_address>0x78b4</run_address>
         <size>0x60</size>
         <input_file_ref idref="fl-69"/>
      </object_component>
      <object_component id="oc-1a8">
         <name>.bss</name>
         <uninitialized>true</uninitialized>
         <run_address>0x7a00</run_address>
         <size>0x28</size>
         <input_file_ref idref="fl-6c"/>
      </object_component>
      <object_component id="oc-1b6">
         <name>.bss</name>
         <uninitialized>true</uninitialized>
         <run_address>0x7968</run_address>
         <size>0x50</size>
         <input_file_ref idref="fl-6f"/>
      </object_component>
      <object_component id="oc-1e2">
         <name>.bss</name>
         <uninitialized>true</uninitialized>
         <run_address>0x7ad4</run_address>
         <size>0x8</size>
         <input_file_ref idref="fl-79"/>
      </object_component>
      <object_component id="oc-1ec">
         <name>.bss</name>
         <uninitialized>true</uninitialized>
         <run_address>0x761c</run_address>
         <size>0x184</size>
         <input_file_ref idref="fl-7b"/>
      </object_component>
      <object_component id="oc-1f2">
         <name>.bss</name>
         <uninitialized>true</uninitialized>
         <run_address>0x7af0</run_address>
         <size>0x4</size>
         <input_file_ref idref="fl-7c"/>
      </object_component>
      <object_component id="oc-1f8">
         <name>.bss</name>
         <uninitialized>true</uninitialized>
         <run_address>0x7adc</run_address>
         <size>0x8</size>
         <input_file_ref idref="fl-7d"/>
      </object_component>
      <object_component id="oc-c5">
         <name>.hwi_disp_sec</name>
         <uninitialized>true</uninitialized>
         <run_address>0xb9a0</run_address>
         <size>0x180</size>
         <input_file_ref idref="fl-39"/>
      </object_component>
      <object_component id="oc-8d">
         <name>.sysdata</name>
         <uninitialized>true</uninitialized>
         <run_address>0xa238</run_address>
         <size>0x160</size>
         <input_file_ref idref="fl-2a"/>
      </object_component>
      <object_component id="oc-ca">
         <name>.sysdata</name>
         <uninitialized>true</uninitialized>
         <run_address>0xa3d0</run_address>
         <size>0x4</size>
         <input_file_ref idref="fl-3a"/>
      </object_component>
      <object_component id="oc-d4">
         <name>.sysdata</name>
         <uninitialized>true</uninitialized>
         <run_address>0xa3c4</run_address>
         <size>0xc</size>
         <input_file_ref idref="fl-3c"/>
      </object_component>
      <object_component id="oc-e6">
         <name>.sysdata</name>
         <uninitialized>true</uninitialized>
         <run_address>0xa398</run_address>
         <size>0x2c</size>
         <input_file_ref idref="fl-40"/>
      </object_component>
      <object_component id="oc-5d">
         <name>.mem</name>
         <uninitialized>true</uninitialized>
         <run_address>0xa236</run_address>
         <size>0x2</size>
         <input_file_ref idref="fl-4"/>
      </object_component>
      <object_component id="oc-47">
         <name>.bios</name>
         <load_address>0x3abc</load_address>
         <run_address>0x3abc</run_address>
         <size>0x3d4</size>
         <input_file_ref idref="fl-2c"/>
      </object_component>
      <object_component id="oc-d6">
         <name>.bios</name>
         <load_address>0x3e90</load_address>
         <run_address>0x3e90</run_address>
         <size>0x3a3</size>
         <input_file_ref idref="fl-3c"/>
      </object_component>
      <object_component id="oc-c6">
         <name>.bios</name>
         <load_address>0x4233</load_address>
         <run_address>0x4233</run_address>
         <size>0x35f</size>
         <input_file_ref idref="fl-39"/>
      </object_component>
      <object_component id="oc-1c5">
         <name>.bios</name>
         <load_address>0x4594</load_address>
         <run_address>0x4594</run_address>
         <size>0x18b</size>
         <input_file_ref idref="fl-72"/>
      </object_component>
      <object_component id="oc-e2">
         <name>.bios</name>
         <load_address>0x471f</load_address>
         <run_address>0x471f</run_address>
         <size>0x186</size>
         <input_file_ref idref="fl-3f"/>
      </object_component>
      <object_component id="oc-15d">
         <name>.bios</name>
         <load_address>0x48a8</load_address>
         <run_address>0x48a8</run_address>
         <size>0x185</size>
         <input_file_ref idref="fl-59"/>
      </object_component>
      <object_component id="oc-163">
         <name>.bios</name>
         <load_address>0x4a30</load_address>
         <run_address>0x4a30</run_address>
         <size>0x144</size>
         <input_file_ref idref="fl-5a"/>
      </object_component>
      <object_component id="oc-e8">
         <name>.bios</name>
         <load_address>0x4b74</load_address>
         <run_address>0x4b74</run_address>
         <size>0x130</size>
         <input_file_ref idref="fl-40"/>
      </object_component>
      <object_component id="oc-de">
         <name>.bios</name>
         <load_address>0x4ca4</load_address>
         <run_address>0x4ca4</run_address>
         <size>0x119</size>
         <input_file_ref idref="fl-3e"/>
      </object_component>
      <object_component id="oc-42">
         <name>.bios</name>
         <load_address>0x4dbd</load_address>
         <run_address>0x4dbd</run_address>
         <size>0x10e</size>
         <input_file_ref idref="fl-2b"/>
      </object_component>
      <object_component id="oc-1d5">
         <name>.bios</name>
         <load_address>0x4ecc</load_address>
         <run_address>0x4ecc</run_address>
         <size>0x104</size>
         <input_file_ref idref="fl-76"/>
      </object_component>
      <object_component id="oc-1a0">
         <name>.bios</name>
         <load_address>0x4fd0</load_address>
         <run_address>0x4fd0</run_address>
         <size>0xf8</size>
         <input_file_ref idref="fl-6a"/>
      </object_component>
      <object_component id="oc-1b1">
         <name>.bios</name>
         <load_address>0x50c8</load_address>
         <run_address>0x50c8</run_address>
         <size>0xf6</size>
         <input_file_ref idref="fl-6e"/>
      </object_component>
      <object_component id="oc-1b8">
         <name>.bios</name>
         <load_address>0x51c0</load_address>
         <run_address>0x51c0</run_address>
         <size>0xbf</size>
         <input_file_ref idref="fl-6f"/>
      </object_component>
      <object_component id="oc-f4">
         <name>.bios</name>
         <load_address>0x527f</load_address>
         <run_address>0x527f</run_address>
         <size>0xa2</size>
         <input_file_ref idref="fl-43"/>
      </object_component>
      <object_component id="oc-100">
         <name>.bios</name>
         <load_address>0x5324</load_address>
         <run_address>0x5324</run_address>
         <size>0x90</size>
         <input_file_ref idref="fl-46"/>
      </object_component>
      <object_component id="oc-154">
         <name>.bios</name>
         <load_address>0x53b4</load_address>
         <run_address>0x53b4</run_address>
         <size>0x8d</size>
         <input_file_ref idref="fl-57"/>
      </object_component>
      <object_component id="oc-48">
         <name>.bios</name>
         <load_address>0x5444</load_address>
         <run_address>0x5444</run_address>
         <size>0x8d</size>
         <input_file_ref idref="fl-2f"/>
      </object_component>
      <object_component id="oc-4a">
         <name>.bios</name>
         <load_address>0x54d4</load_address>
         <run_address>0x54d4</run_address>
         <size>0x87</size>
         <input_file_ref idref="fl-2e"/>
      </object_component>
      <object_component id="oc-1c9">
         <name>.bios</name>
         <load_address>0x555b</load_address>
         <run_address>0x555b</run_address>
         <size>0x82</size>
         <input_file_ref idref="fl-73"/>
      </object_component>
      <object_component id="oc-14c">
         <name>.bios</name>
         <load_address>0x55e0</load_address>
         <run_address>0x55e0</run_address>
         <size>0x68</size>
         <input_file_ref idref="fl-55"/>
      </object_component>
      <object_component id="oc-16f">
         <name>.bios</name>
         <load_address>0x5648</load_address>
         <run_address>0x5648</run_address>
         <size>0x62</size>
         <input_file_ref idref="fl-5d"/>
      </object_component>
      <object_component id="oc-150">
         <name>.bios</name>
         <load_address>0x56ac</load_address>
         <run_address>0x56ac</run_address>
         <size>0x5f</size>
         <input_file_ref idref="fl-56"/>
      </object_component>
      <object_component id="oc-16b">
         <name>.bios</name>
         <load_address>0x570c</load_address>
         <run_address>0x570c</run_address>
         <size>0x5b</size>
         <input_file_ref idref="fl-5c"/>
      </object_component>
      <object_component id="oc-1bd">
         <name>.bios</name>
         <load_address>0x5768</load_address>
         <run_address>0x5768</run_address>
         <size>0x58</size>
         <input_file_ref idref="fl-70"/>
      </object_component>
      <object_component id="oc-da">
         <name>.bios</name>
         <load_address>0x57c0</load_address>
         <run_address>0x57c0</run_address>
         <size>0x51</size>
         <input_file_ref idref="fl-3d"/>
      </object_component>
      <object_component id="oc-1c1">
         <name>.bios</name>
         <load_address>0x5811</load_address>
         <run_address>0x5811</run_address>
         <size>0x4e</size>
         <input_file_ref idref="fl-71"/>
      </object_component>
      <object_component id="oc-1cd">
         <name>.bios</name>
         <load_address>0x5860</load_address>
         <run_address>0x5860</run_address>
         <size>0x48</size>
         <input_file_ref idref="fl-74"/>
      </object_component>
      <object_component id="oc-ec">
         <name>.bios</name>
         <load_address>0x58a8</load_address>
         <run_address>0x58a8</run_address>
         <size>0x48</size>
         <input_file_ref idref="fl-41"/>
      </object_component>
      <object_component id="oc-1a4">
         <name>.bios</name>
         <load_address>0x58f0</load_address>
         <run_address>0x58f0</run_address>
         <size>0x48</size>
         <input_file_ref idref="fl-6b"/>
      </object_component>
      <object_component id="oc-cc">
         <name>.bios</name>
         <load_address>0x5938</load_address>
         <run_address>0x5938</run_address>
         <size>0x47</size>
         <input_file_ref idref="fl-3a"/>
      </object_component>
      <object_component id="oc-148">
         <name>.bios</name>
         <load_address>0x597f</load_address>
         <run_address>0x597f</run_address>
         <size>0x46</size>
         <input_file_ref idref="fl-54"/>
      </object_component>
      <object_component id="oc-206">
         <name>.bios</name>
         <load_address>0x59c5</load_address>
         <run_address>0x59c5</run_address>
         <size>0x43</size>
         <input_file_ref idref="fl-80"/>
      </object_component>
      <object_component id="oc-4b">
         <name>.bios</name>
         <load_address>0x5a08</load_address>
         <run_address>0x5a08</run_address>
         <size>0x36</size>
         <input_file_ref idref="fl-34"/>
      </object_component>
      <object_component id="oc-167">
         <name>.bios</name>
         <load_address>0x5a40</load_address>
         <run_address>0x5a40</run_address>
         <size>0x34</size>
         <input_file_ref idref="fl-5b"/>
      </object_component>
      <object_component id="oc-b8">
         <name>.bios</name>
         <load_address>0x5a74</load_address>
         <run_address>0x5a74</run_address>
         <size>0x34</size>
         <input_file_ref idref="fl-36"/>
      </object_component>
      <object_component id="oc-44">
         <name>.bios</name>
         <load_address>0x5aa8</load_address>
         <run_address>0x5aa8</run_address>
         <size>0x25</size>
         <input_file_ref idref="fl-29"/>
      </object_component>
      <object_component id="oc-4f">
         <name>.bios</name>
         <load_address>0x5acd</load_address>
         <run_address>0x5acd</run_address>
         <size>0x24</size>
         <input_file_ref idref="fl-31"/>
      </object_component>
      <object_component id="oc-43">
         <name>.bios</name>
         <load_address>0x5af4</load_address>
         <run_address>0x5af4</run_address>
         <size>0x23</size>
         <input_file_ref idref="fl-32"/>
      </object_component>
      <object_component id="oc-4d">
         <name>.bios</name>
         <load_address>0x5b18</load_address>
         <run_address>0x5b18</run_address>
         <size>0x20</size>
         <input_file_ref idref="fl-33"/>
      </object_component>
      <object_component id="oc-137">
         <name>.bios</name>
         <load_address>0x5b38</load_address>
         <run_address>0x5b38</run_address>
         <size>0x1a</size>
         <input_file_ref idref="fl-51"/>
      </object_component>
      <object_component id="oc-49">
         <name>.bios</name>
         <load_address>0x5b52</load_address>
         <run_address>0x5b52</run_address>
         <size>0x17</size>
         <input_file_ref idref="fl-2d"/>
      </object_component>
      <object_component id="oc-1d1">
         <name>.bios</name>
         <load_address>0x5b6c</load_address>
         <run_address>0x5b6c</run_address>
         <size>0x17</size>
         <input_file_ref idref="fl-75"/>
      </object_component>
      <object_component id="oc-d0">
         <name>.bios</name>
         <load_address>0x5b83</load_address>
         <run_address>0x5b83</run_address>
         <size>0xc</size>
         <input_file_ref idref="fl-3b"/>
      </object_component>
      <object_component id="oc-196">
         <name>.bios</name>
         <load_address>0x5b8f</load_address>
         <run_address>0x5b8f</run_address>
         <size>0x9</size>
         <input_file_ref idref="fl-68"/>
      </object_component>
      <object_component id="oc-4c">
         <name>.bios</name>
         <load_address>0x5b98</load_address>
         <run_address>0x5b98</run_address>
         <size>0x8</size>
         <input_file_ref idref="fl-35"/>
      </object_component>
      <object_component id="oc-192">
         <name>.bios</name>
         <load_address>0x5ba0</load_address>
         <run_address>0x5ba0</run_address>
         <size>0x7</size>
         <input_file_ref idref="fl-67"/>
      </object_component>
      <object_component id="oc-12e">
         <name>.bios</name>
         <load_address>0x5ba7</load_address>
         <run_address>0x5ba7</run_address>
         <size>0x6</size>
         <input_file_ref idref="fl-4f"/>
      </object_component>
      <object_component id="oc-4e">
         <name>.bios</name>
         <load_address>0x5bb0</load_address>
         <run_address>0x5bb0</run_address>
         <size>0x2</size>
         <input_file_ref idref="fl-30"/>
      </object_component>
      <object_component id="oc-108">
         <name>.bios</name>
         <load_address>0x5bb4</load_address>
         <run_address>0x5bb4</run_address>
         <size>0x2</size>
         <input_file_ref idref="fl-48"/>
      </object_component>
      <object_component id="oc-13b">
         <name>.text</name>
         <load_address>0xc0</load_address>
         <run_address>0xc0</run_address>
         <size>0xc3c</size>
         <input_file_ref idref="fl-52"/>
      </object_component>
      <object_component id="oc-18d">
         <name>.text</name>
         <load_address>0xcfc</load_address>
         <run_address>0xcfc</run_address>
         <size>0xb18</size>
         <input_file_ref idref="fl-66"/>
      </object_component>
      <object_component id="oc-141">
         <name>.text</name>
         <load_address>0x1814</load_address>
         <run_address>0x1814</run_address>
         <size>0x9f3</size>
         <input_file_ref idref="fl-53"/>
      </object_component>
      <object_component id="oc-132">
         <name>.text</name>
         <load_address>0x2207</load_address>
         <run_address>0x2207</run_address>
         <size>0x68d</size>
         <input_file_ref idref="fl-50"/>
      </object_component>
      <object_component id="oc-50">
         <name>.text</name>
         <load_address>0x2894</load_address>
         <run_address>0x2894</run_address>
         <size>0x555</size>
         <input_file_ref idref="fl-2"/>
      </object_component>
      <object_component id="oc-55">
         <name>.text</name>
         <load_address>0x2de9</load_address>
         <run_address>0x2de9</run_address>
         <size>0x290</size>
         <input_file_ref idref="fl-3"/>
      </object_component>
      <object_component id="oc-117">
         <name>.text</name>
         <load_address>0x3079</load_address>
         <run_address>0x3079</run_address>
         <size>0x1e7</size>
         <input_file_ref idref="fl-4b"/>
      </object_component>
      <object_component id="oc-122">
         <name>.text</name>
         <load_address>0x3260</load_address>
         <run_address>0x3260</run_address>
         <size>0x17a</size>
         <input_file_ref idref="fl-4d"/>
      </object_component>
      <object_component id="oc-111">
         <name>.text</name>
         <load_address>0x33da</load_address>
         <run_address>0x33da</run_address>
         <size>0x107</size>
         <input_file_ref idref="fl-4a"/>
      </object_component>
      <object_component id="oc-1d9">
         <name>.text</name>
         <load_address>0x34e1</load_address>
         <run_address>0x34e1</run_address>
         <size>0xa1</size>
         <input_file_ref idref="fl-77"/>
      </object_component>
      <object_component id="oc-10c">
         <name>.text</name>
         <load_address>0x3582</load_address>
         <run_address>0x3582</run_address>
         <size>0x8e</size>
         <input_file_ref idref="fl-49"/>
      </object_component>
      <object_component id="oc-85">
         <name>.text</name>
         <load_address>0x3610</load_address>
         <run_address>0x3610</run_address>
         <size>0x8c</size>
         <input_file_ref idref="fl-8"/>
      </object_component>
      <object_component id="oc-11c">
         <name>.text</name>
         <load_address>0x369c</load_address>
         <run_address>0x369c</run_address>
         <size>0x87</size>
         <input_file_ref idref="fl-4c"/>
      </object_component>
      <object_component id="oc-1f1">
         <name>.text</name>
         <load_address>0x3723</load_address>
         <run_address>0x3723</run_address>
         <size>0x75</size>
         <input_file_ref idref="fl-7c"/>
      </object_component>
      <object_component id="oc-1e7">
         <name>.text</name>
         <load_address>0x3798</load_address>
         <run_address>0x3798</run_address>
         <size>0x72</size>
         <input_file_ref idref="fl-7a"/>
      </object_component>
      <object_component id="oc-1eb">
         <name>.text</name>
         <load_address>0x380a</load_address>
         <run_address>0x380a</run_address>
         <size>0x6f</size>
         <input_file_ref idref="fl-7b"/>
      </object_component>
      <object_component id="oc-f0">
         <name>.text</name>
         <load_address>0x387c</load_address>
         <run_address>0x387c</run_address>
         <size>0x67</size>
         <input_file_ref idref="fl-42"/>
      </object_component>
      <object_component id="oc-1b5">
         <name>.text</name>
         <load_address>0x38e4</load_address>
         <run_address>0x38e4</run_address>
         <size>0x5c</size>
         <input_file_ref idref="fl-6f"/>
      </object_component>
      <object_component id="oc-129">
         <name>.text</name>
         <load_address>0x3940</load_address>
         <run_address>0x3940</run_address>
         <size>0x54</size>
         <input_file_ref idref="fl-4e"/>
      </object_component>
      <object_component id="oc-78">
         <name>.text</name>
         <load_address>0x3994</load_address>
         <run_address>0x3994</run_address>
         <size>0x43</size>
         <input_file_ref idref="fl-6"/>
      </object_component>
      <object_component id="oc-202">
         <name>.text</name>
         <load_address>0x39d7</load_address>
         <run_address>0x39d7</run_address>
         <size>0x3f</size>
         <input_file_ref idref="fl-7f"/>
      </object_component>
      <object_component id="oc-1f7">
         <name>.text</name>
         <load_address>0x3a16</load_address>
         <run_address>0x3a16</run_address>
         <size>0x3e</size>
         <input_file_ref idref="fl-7d"/>
      </object_component>
      <object_component id="oc-7e">
         <name>.text</name>
         <load_address>0x3a54</load_address>
         <run_address>0x3a54</run_address>
         <size>0x3b</size>
         <input_file_ref idref="fl-7"/>
      </object_component>
      <object_component id="oc-1dd">
         <name>.text</name>
         <load_address>0x3a8f</load_address>
         <run_address>0x3a8f</run_address>
         <size>0x13</size>
         <input_file_ref idref="fl-78"/>
      </object_component>
      <object_component id="oc-1e1">
         <name>.text</name>
         <load_address>0x3aa2</load_address>
         <run_address>0x3aa2</run_address>
         <size>0x12</size>
         <input_file_ref idref="fl-79"/>
      </object_component>
      <object_component id="oc-1fb">
         <name>.text:CIO_breakpoint</name>
         <load_address>0x3ab4</load_address>
         <run_address>0x3ab4</run_address>
         <size>0x7</size>
         <input_file_ref idref="fl-7d"/>
      </object_component>
      <object_component id="oc-177">
         <name>.sysinit</name>
         <load_address>0xb400</load_address>
         <run_address>0xb400</run_address>
         <size>0x111</size>
         <input_file_ref idref="fl-5f"/>
      </object_component>
      <object_component id="oc-71">
         <name>.sysinit</name>
         <load_address>0xb511</load_address>
         <run_address>0xb511</run_address>
         <size>0xd5</size>
         <input_file_ref idref="fl-4"/>
      </object_component>
      <object_component id="oc-1ad">
         <name>.sysinit</name>
         <load_address>0xb5e8</load_address>
         <run_address>0xb5e8</run_address>
         <size>0x84</size>
         <input_file_ref idref="fl-6d"/>
      </object_component>
      <object_component id="oc-1fe">
         <name>.sysinit</name>
         <load_address>0xb66c</load_address>
         <run_address>0xb66c</run_address>
         <size>0x71</size>
         <input_file_ref idref="fl-7e"/>
      </object_component>
      <object_component id="oc-46">
         <name>.sysinit</name>
         <load_address>0xb6dd</load_address>
         <run_address>0xb6dd</run_address>
         <size>0x6f</size>
         <input_file_ref idref="fl-37"/>
      </object_component>
      <object_component id="oc-17d">
         <name>.sysinit</name>
         <load_address>0xb74c</load_address>
         <run_address>0xb74c</run_address>
         <size>0x2</size>
         <input_file_ref idref="fl-60"/>
      </object_component>
      <object_component id="oc-c1">
         <name>.trcdata</name>
         <load_address>0xbfd4</load_address>
         <run_address>0xbfd4</run_address>
         <size>0x6</size>
         <input_file_ref idref="fl-38"/>
      </object_component>
      <object_component id="oc-21c">
         <name>.rtdx_text:_RTDX_write_next</name>
         <load_address>0x98f4</load_address>
         <run_address>0x98f4</run_address>
         <size>0x1db</size>
         <input_file_ref idref="fl-63"/>
      </object_component>
      <object_component id="oc-217">
         <name>.rtdx_text:_RTDX_Buffer_WriteCB</name>
         <load_address>0x9acf</load_address>
         <run_address>0x9acf</run_address>
         <size>0x17c</size>
         <input_file_ref idref="fl-63"/>
      </object_component>
      <object_component id="oc-210">
         <name>.rtdx_text:_RTDX_Init_RT_Monitor</name>
         <load_address>0x9c4b</load_address>
         <run_address>0x9c4b</run_address>
         <size>0x10f</size>
         <input_file_ref idref="fl-64"/>
      </object_component>
      <object_component id="oc-20b">
         <name>.rtdx_text:_RTDX_Poll</name>
         <load_address>0x9d5a</load_address>
         <run_address>0x9d5a</run_address>
         <size>0xec</size>
         <input_file_ref idref="fl-64"/>
      </object_component>
      <object_component id="oc-21b">
         <name>.rtdx_text:_claim</name>
         <load_address>0x9e46</load_address>
         <run_address>0x9e46</run_address>
         <size>0xb5</size>
         <input_file_ref idref="fl-63"/>
      </object_component>
      <object_component id="oc-214">
         <name>.rtdx_text:_StartXFer</name>
         <load_address>0x9efb</load_address>
         <run_address>0x9efb</run_address>
         <size>0x93</size>
         <input_file_ref idref="fl-64"/>
      </object_component>
      <object_component id="oc-21d">
         <name>.rtdx_text:_RTDX_Mon_Queue</name>
         <load_address>0x9f8e</load_address>
         <run_address>0x9f8e</run_address>
         <size>0x88</size>
         <input_file_ref idref="fl-64"/>
      </object_component>
      <object_component id="oc-20c">
         <name>.rtdx_text:_RTDX_H2TPoll</name>
         <load_address>0xa016</load_address>
         <run_address>0xa016</run_address>
         <size>0x65</size>
         <input_file_ref idref="fl-64"/>
      </object_component>
      <object_component id="oc-20f">
         <name>.rtdx_text:_RTDX_Buffer_Initialize</name>
         <load_address>0xa07b</load_address>
         <run_address>0xa07b</run_address>
         <size>0x53</size>
         <input_file_ref idref="fl-63"/>
      </object_component>
      <object_component id="oc-216">
         <name>.rtdx_text:_RTDX_Buffer_ReadCB</name>
         <load_address>0xa0ce</load_address>
         <run_address>0xa0ce</run_address>
         <size>0x4b</size>
         <input_file_ref idref="fl-62"/>
      </object_component>
      <object_component id="oc-219">
         <name>.rtdx_text:_RTDX_Final_RT_Monitor</name>
         <load_address>0xa119</load_address>
         <run_address>0xa119</run_address>
         <size>0x3c</size>
         <input_file_ref idref="fl-64"/>
      </object_component>
      <object_component id="oc-21a">
         <name>.rtdx_text:_RTDX_Buffer_Size</name>
         <load_address>0xa155</load_address>
         <run_address>0xa155</run_address>
         <size>0x3b</size>
         <input_file_ref idref="fl-63"/>
      </object_component>
      <object_component id="oc-211">
         <name>.rtdx_text:_RTDX_Mask_IER</name>
         <load_address>0xa190</load_address>
         <run_address>0xa190</run_address>
         <size>0x2a</size>
         <input_file_ref idref="fl-65"/>
      </object_component>
      <object_component id="oc-20d">
         <name>.rtdx_text:_RTDX_Buffer_Read</name>
         <load_address>0xa1ba</load_address>
         <run_address>0xa1ba</run_address>
         <size>0x22</size>
         <input_file_ref idref="fl-62"/>
      </object_component>
      <object_component id="oc-215">
         <name>.rtdx_text:_RTDX_Set_IER</name>
         <load_address>0xa1dc</load_address>
         <run_address>0xa1dc</run_address>
         <size>0x1e</size>
         <input_file_ref idref="fl-65"/>
      </object_component>
      <object_component id="oc-20e">
         <name>.rtdx_text:_RTDX_Buffer_Write</name>
         <load_address>0xa1fa</load_address>
         <run_address>0xa1fa</run_address>
         <size>0x1c</size>
         <input_file_ref idref="fl-63"/>
      </object_component>
      <object_component id="oc-212">
         <name>.rtdx_text:_Allow_EmuAccess</name>
         <load_address>0xa216</load_address>
         <run_address>0xa216</run_address>
         <size>0x17</size>
         <input_file_ref idref="fl-64"/>
      </object_component>
      <object_component id="oc-213">
         <name>.rtdx_text:_Disallow_EmuAccess</name>
         <load_address>0xa22d</load_address>
         <run_address>0xa22d</run_address>
         <size>0x4</size>
         <input_file_ref idref="fl-64"/>
      </object_component>
      <object_component id="oc-218">
         <name>.rtdx_text:_Wait</name>
         <load_address>0xa231</load_address>
         <run_address>0xa231</run_address>
         <size>0x4</size>
         <input_file_ref idref="fl-64"/>
      </object_component>
      <object_component id="oc-61">
         <name>.sys</name>
         <uninitialized>true</uninitialized>
         <run_address>0xbfb0</run_address>
         <size>0x10</size>
         <input_file_ref idref="fl-4"/>
      </object_component>
      <object_component id="oc-5e">
         <name>.cinit</name>
         <load_address>0x5bb8</load_address>
         <run_address>0x5bb8</run_address>
         <size>0x550</size>
         <input_file_ref idref="fl-4"/>
      </object_component>
      <object_component id="oc-81">
         <name>.cinit</name>
         <load_address>0x6108</load_address>
         <run_address>0x6108</run_address>
         <size>0x410</size>
         <input_file_ref idref="fl-7"/>
      </object_component>
      <object_component id="oc-58">
         <name>.cinit</name>
         <load_address>0x6518</load_address>
         <run_address>0x6518</run_address>
         <size>0x21a</size>
         <input_file_ref idref="fl-3"/>
      </object_component>
      <object_component id="oc-8e">
         <name>.cinit</name>
         <load_address>0x6732</load_address>
         <run_address>0x6732</run_address>
         <size>0x15e</size>
         <input_file_ref idref="fl-2a"/>
      </object_component>
      <object_component id="oc-159">
         <name>.cinit</name>
         <load_address>0x6890</load_address>
         <run_address>0x6890</run_address>
         <size>0x140</size>
         <input_file_ref idref="fl-58"/>
      </object_component>
      <object_component id="oc-19b">
         <name>.cinit</name>
         <load_address>0x69d0</load_address>
         <run_address>0x69d0</run_address>
         <size>0x62</size>
         <input_file_ref idref="fl-69"/>
      </object_component>
      <object_component id="oc-1b7">
         <name>.cinit</name>
         <load_address>0x6a32</load_address>
         <run_address>0x6a32</run_address>
         <size>0x5c</size>
         <input_file_ref idref="fl-6f"/>
      </object_component>
      <object_component id="oc-e7">
         <name>.cinit</name>
         <load_address>0x6a8e</load_address>
         <run_address>0x6a8e</run_address>
         <size>0x32</size>
         <input_file_ref idref="fl-40"/>
      </object_component>
      <object_component id="oc-186">
         <name>.cinit</name>
         <load_address>0x6ac0</load_address>
         <run_address>0x6ac0</run_address>
         <size>0x2e</size>
         <input_file_ref idref="fl-63"/>
      </object_component>
      <object_component id="oc-b1">
         <name>.cinit</name>
         <load_address>0x6aee</load_address>
         <run_address>0x6aee</run_address>
         <size>0x1e</size>
         <input_file_ref idref="fl-34"/>
      </object_component>
      <object_component id="oc-125">
         <name>.cinit</name>
         <load_address>0x6b0c</load_address>
         <run_address>0x6b0c</run_address>
         <size>0x18</size>
         <input_file_ref idref="fl-4d"/>
      </object_component>
      <object_component id="oc-162">
         <name>.cinit</name>
         <load_address>0x6b24</load_address>
         <run_address>0x6b24</run_address>
         <size>0x16</size>
         <input_file_ref idref="fl-5a"/>
      </object_component>
      <object_component id="oc-17c">
         <name>.cinit</name>
         <load_address>0x6b3a</load_address>
         <run_address>0x6b3a</run_address>
         <size>0x14</size>
         <input_file_ref idref="fl-60"/>
      </object_component>
      <object_component id="oc-1a9">
         <name>.cinit</name>
         <load_address>0x6b4e</load_address>
         <run_address>0x6b4e</run_address>
         <size>0x14</size>
         <input_file_ref idref="fl-6c"/>
      </object_component>
      <object_component id="oc-1e4">
         <name>.cinit</name>
         <load_address>0x6b62</load_address>
         <run_address>0x6b62</run_address>
         <size>0x14</size>
         <input_file_ref idref="fl-79"/>
      </object_component>
      <object_component id="oc-1fa">
         <name>.cinit</name>
         <load_address>0x6b76</load_address>
         <run_address>0x6b76</run_address>
         <size>0x14</size>
         <input_file_ref idref="fl-7d"/>
      </object_component>
      <object_component id="oc-d5">
         <name>.cinit</name>
         <load_address>0x6b8a</load_address>
         <run_address>0x6b8a</run_address>
         <size>0x12</size>
         <input_file_ref idref="fl-3c"/>
      </object_component>
      <object_component id="oc-144">
         <name>.cinit</name>
         <load_address>0x6b9c</load_address>
         <run_address>0x6b9c</run_address>
         <size>0x10</size>
         <input_file_ref idref="fl-53"/>
      </object_component>
      <object_component id="oc-1ee">
         <name>.cinit</name>
         <load_address>0x6bac</load_address>
         <run_address>0x6bac</run_address>
         <size>0x10</size>
         <input_file_ref idref="fl-7b"/>
      </object_component>
      <object_component id="oc-cb">
         <name>.cinit</name>
         <load_address>0x6bbc</load_address>
         <run_address>0x6bbc</run_address>
         <size>0xa</size>
         <input_file_ref idref="fl-3a"/>
      </object_component>
      <object_component id="oc-92">
         <name>.cinit</name>
         <load_address>0x6bc6</load_address>
         <run_address>0x6bc6</run_address>
         <size>0xa</size>
         <input_file_ref idref="fl-2b"/>
      </object_component>
      <object_component id="oc-1f4">
         <name>.cinit</name>
         <load_address>0x6bd0</load_address>
         <run_address>0x6bd0</run_address>
         <size>0xa</size>
         <input_file_ref idref="fl-7c"/>
      </object_component>
      <object_component id="oc-189">
         <name>.pinit</name>
         <load_address>0xbfc0</load_address>
         <run_address>0xbfc0</run_address>
         <size>0x4</size>
         <input_file_ref idref="fl-63"/>
      </object_component>
      <object_component id="oc-18c">
         <name>.pinit</name>
         <load_address>0xbfc4</load_address>
         <run_address>0xbfc4</run_address>
         <size>0x4</size>
         <input_file_ref idref="fl-64"/>
      </object_component>
      <object_component id="oc-5c">
         <name>.gblinit</name>
         <load_address>0xbee8</load_address>
         <run_address>0xbee8</run_address>
         <size>0x42</size>
         <input_file_ref idref="fl-4"/>
      </object_component>
      <object_component id="oc-5f">
         <name>.rtdx_data</name>
         <uninitialized>true</uninitialized>
         <run_address>0xb750</run_address>
         <size>0x204</size>
         <input_file_ref idref="fl-4"/>
      </object_component>
      <object_component id="oc-181">
         <name>.rtdx_data</name>
         <uninitialized>true</uninitialized>
         <run_address>0xb998</run_address>
         <size>0x8</size>
         <input_file_ref idref="fl-61"/>
      </object_component>
      <object_component id="oc-187">
         <name>.rtdx_data</name>
         <uninitialized>true</uninitialized>
         <run_address>0xb978</run_address>
         <size>0x20</size>
         <input_file_ref idref="fl-63"/>
      </object_component>
      <object_component id="oc-18a">
         <name>.rtdx_data</name>
         <uninitialized>true</uninitialized>
         <run_address>0xb954</run_address>
         <size>0x24</size>
         <input_file_ref idref="fl-64"/>
      </object_component>
      <object_component id="oc-6a">
         <name>.TSK_idle$stk</name>
         <uninitialized>true</uninitialized>
         <run_address>0x8ef4</run_address>
         <size>0xa00</size>
         <input_file_ref idref="fl-4"/>
      </object_component>
      <object_component id="oc-1b9">
         <name>.const</name>
         <load_address>0xbb20</load_address>
         <run_address>0xbb20</run_address>
         <size>0x9e</size>
         <input_file_ref idref="fl-6f"/>
      </object_component>
      <object_component id="oc-a8">
         <name>.const</name>
         <load_address>0xbbc0</load_address>
         <run_address>0xbbc0</run_address>
         <size>0x46</size>
         <input_file_ref idref="fl-32"/>
      </object_component>
      <object_component id="oc-ac">
         <name>.const</name>
         <load_address>0xbc08</load_address>
         <run_address>0xbc08</run_address>
         <size>0x44</size>
         <input_file_ref idref="fl-33"/>
      </object_component>
      <object_component id="oc-7a">
         <name>.const:.string</name>
         <load_address>0xbc4c</load_address>
         <run_address>0xbc4c</run_address>
         <size>0x1a</size>
         <input_file_ref idref="fl-6"/>
      </object_component>
      <object_component id="oc-18b">
         <name>.const</name>
         <load_address>0xbc68</load_address>
         <run_address>0xbc68</run_address>
         <size>0xc</size>
         <input_file_ref idref="fl-64"/>
      </object_component>
      <object_component id="oc-188">
         <name>.const</name>
         <load_address>0xbc74</load_address>
         <run_address>0xbc74</run_address>
         <size>0x8</size>
         <input_file_ref idref="fl-63"/>
      </object_component>
      <object_component id="oc-19c">
         <name>.const</name>
         <load_address>0xbc7c</load_address>
         <run_address>0xbc7c</run_address>
         <size>0x2</size>
         <input_file_ref idref="fl-69"/>
      </object_component>
      <object_component id="oc-60">
         <name>.printf</name>
         <load_address>0xbc7e</load_address>
         <run_address>0xbc7e</run_address>
         <size>0xf6</size>
         <input_file_ref idref="fl-4"/>
      </object_component>
      <object_component id="oc-6e">
         <name>.LOG_system$buf</name>
         <uninitialized>true</uninitialized>
         <run_address>0xa400</run_address>
         <size>0x400</size>
         <input_file_ref idref="fl-4"/>
      </object_component>
      <object_component id="oc-70">
         <name>.trace$buf</name>
         <uninitialized>true</uninitialized>
         <run_address>0xa800</run_address>
         <size>0x800</size>
         <input_file_ref idref="fl-4"/>
      </object_component>
      <object_component id="oc-63">
         <name>.hst1</name>
         <uninitialized>true</uninitialized>
         <run_address>0xbfa0</run_address>
         <size>0x10</size>
         <input_file_ref idref="fl-4"/>
      </object_component>
      <object_component id="oc-66">
         <name>.hst0</name>
         <uninitialized>true</uninitialized>
         <run_address>0xbd48</run_address>
         <size>0x80</size>
         <input_file_ref idref="fl-4"/>
      </object_component>
      <object_component id="oc-bd">
         <name>.args</name>
         <load_address>0xbf90</load_address>
         <run_address>0xbf90</run_address>
         <size>0x0</size>
         <input_file_ref idref="fl-37"/>
      </object_component>
      <object_component id="oc-30">
         <name>_SYS_PUTCBEG</name>
         <load_address>0xb000</load_address>
         <run_address>0xb000</run_address>
         <size>0x0</size>
      </object_component>
      <object_component id="oc-32">
         <name>_SYS_PUTCEND</name>
         <load_address>0xb400</load_address>
         <run_address>0xb400</run_address>
         <size>0x0</size>
      </object_component>
      <object_component id="oc-64">
         <name>.hst</name>
         <uninitialized>true</uninitialized>
         <run_address>0xbf2c</run_address>
         <size>0x34</size>
         <input_file_ref idref="fl-4"/>
      </object_component>
      <object_component id="oc-6f">
         <name>.log</name>
         <uninitialized>true</uninitialized>
         <run_address>0xa3d4</run_address>
         <size>0x28</size>
         <input_file_ref idref="fl-4"/>
      </object_component>
      <object_component id="oc-65">
         <name>.pip</name>
         <uninitialized>true</uninitialized>
         <run_address>0xbc80</run_address>
         <size>0xc8</size>
         <input_file_ref idref="fl-4"/>
      </object_component>
      <object_component id="oc-69">
         <name>.sts</name>
         <uninitialized>true</uninitialized>
         <run_address>0xbe98</run_address>
         <size>0x50</size>
         <input_file_ref idref="fl-4"/>
      </object_component>
      <object_component id="oc-39">
         <name>GBL_sysstackbeg</name>
         <uninitialized>true</uninitialized>
         <run_address>0x7af4</run_address>
         <size>0x0</size>
      </object_component>
      <object_component id="oc-20a">
         <name>.sysstack</name>
         <uninitialized>true</uninitialized>
         <run_address>0x7af4</run_address>
         <size>0x0</size>
         <input_file_ref idref="fl-37"/>
      </object_component>
      <object_component id="oc-259">
         <name>.sysstack</name>
         <uninitialized>true</uninitialized>
         <run_address>0x7af4</run_address>
         <size>0x0</size>
      </object_component>
      <object_component id="oc-3c">
         <name>GBL_stackbeg</name>
         <uninitialized>true</uninitialized>
         <run_address>0x7cf4</run_address>
         <size>0x0</size>
      </object_component>
      <object_component id="oc-bc">
         <name>.stack</name>
         <uninitialized>true</uninitialized>
         <run_address>0x7cf4</run_address>
         <size>0x0</size>
         <input_file_ref idref="fl-37"/>
      </object_component>
      <object_component id="oc-258">
         <name>.stack</name>
         <uninitialized>true</uninitialized>
         <run_address>0x7cf4</run_address>
         <size>0x0</size>
      </object_component>
      <object_component id="oc-67">
         <name>.hwi_vec</name>
         <load_address>0xff00</load_address>
         <run_address>0xff00</run_address>
         <size>0x100</size>
         <input_file_ref idref="fl-4"/>
      </object_component>
      <object_component id="oc-51">
         <name>.debug_info</name>
         <load_address>0x0</load_address>
         <run_address>0x0</run_address>
         <size>0x156d</size>
         <input_file_ref idref="fl-2"/>
      </object_component>
      <object_component id="oc-57">
         <name>.debug_info</name>
         <load_address>0x156d</load_address>
         <run_address>0x156d</run_address>
         <size>0x1a9b</size>
         <input_file_ref idref="fl-3"/>
      </object_component>
      <object_component id="oc-73">
         <name>.debug_info</name>
         <load_address>0x3008</load_address>
         <run_address>0x3008</run_address>
         <size>0x1bf</size>
         <input_file_ref idref="fl-4"/>
      </object_component>
      <object_component id="oc-76">
         <name>.debug_info</name>
         <load_address>0x31c7</load_address>
         <run_address>0x31c7</run_address>
         <size>0x47c</size>
         <input_file_ref idref="fl-5"/>
      </object_component>
      <object_component id="oc-79">
         <name>.debug_info</name>
         <load_address>0x3643</load_address>
         <run_address>0x3643</run_address>
         <size>0x8e4</size>
         <input_file_ref idref="fl-6"/>
      </object_component>
      <object_component id="oc-80">
         <name>.debug_info</name>
         <load_address>0x3f27</load_address>
         <run_address>0x3f27</run_address>
         <size>0x63e</size>
         <input_file_ref idref="fl-7"/>
      </object_component>
      <object_component id="oc-86">
         <name>.debug_info</name>
         <load_address>0x4565</load_address>
         <run_address>0x4565</run_address>
         <size>0x7af</size>
         <input_file_ref idref="fl-8"/>
      </object_component>
      <object_component id="oc-8b">
         <name>.debug_info</name>
         <load_address>0x4d14</load_address>
         <run_address>0x4d14</run_address>
         <size>0x15e</size>
         <input_file_ref idref="fl-29"/>
      </object_component>
      <object_component id="oc-90">
         <name>.debug_info</name>
         <load_address>0x4e72</load_address>
         <run_address>0x4e72</run_address>
         <size>0x80</size>
         <input_file_ref idref="fl-2a"/>
      </object_component>
      <object_component id="oc-94">
         <name>.debug_info</name>
         <load_address>0x4ef2</load_address>
         <run_address>0x4ef2</run_address>
         <size>0x194</size>
         <input_file_ref idref="fl-2b"/>
      </object_component>
      <object_component id="oc-97">
         <name>.debug_info</name>
         <load_address>0x5086</load_address>
         <run_address>0x5086</run_address>
         <size>0x34b</size>
         <input_file_ref idref="fl-2c"/>
      </object_component>
      <object_component id="oc-9a">
         <name>.debug_info</name>
         <load_address>0x53d1</load_address>
         <run_address>0x53d1</run_address>
         <size>0xf8</size>
         <input_file_ref idref="fl-2d"/>
      </object_component>
      <object_component id="oc-9d">
         <name>.debug_info</name>
         <load_address>0x54c9</load_address>
         <run_address>0x54c9</run_address>
         <size>0x6e4</size>
         <input_file_ref idref="fl-2e"/>
      </object_component>
      <object_component id="oc-a0">
         <name>.debug_info</name>
         <load_address>0x5bad</load_address>
         <run_address>0x5bad</run_address>
         <size>0x7e8</size>
         <input_file_ref idref="fl-2f"/>
      </object_component>
      <object_component id="oc-a3">
         <name>.debug_info</name>
         <load_address>0x6395</load_address>
         <run_address>0x6395</run_address>
         <size>0x3ec</size>
         <input_file_ref idref="fl-30"/>
      </object_component>
      <object_component id="oc-a6">
         <name>.debug_info</name>
         <load_address>0x6781</load_address>
         <run_address>0x6781</run_address>
         <size>0xd4</size>
         <input_file_ref idref="fl-31"/>
      </object_component>
      <object_component id="oc-aa">
         <name>.debug_info</name>
         <load_address>0x6855</load_address>
         <run_address>0x6855</run_address>
         <size>0x5ff</size>
         <input_file_ref idref="fl-32"/>
      </object_component>
      <object_component id="oc-ae">
         <name>.debug_info</name>
         <load_address>0x6e54</load_address>
         <run_address>0x6e54</run_address>
         <size>0x5f6</size>
         <input_file_ref idref="fl-33"/>
      </object_component>
      <object_component id="oc-b3">
         <name>.debug_info</name>
         <load_address>0x744a</load_address>
         <run_address>0x744a</run_address>
         <size>0x4c5</size>
         <input_file_ref idref="fl-34"/>
      </object_component>
      <object_component id="oc-b6">
         <name>.debug_info</name>
         <load_address>0x790f</load_address>
         <run_address>0x790f</run_address>
         <size>0x485</size>
         <input_file_ref idref="fl-35"/>
      </object_component>
      <object_component id="oc-ba">
         <name>.debug_info</name>
         <load_address>0x7d94</load_address>
         <run_address>0x7d94</run_address>
         <size>0xc3</size>
         <input_file_ref idref="fl-36"/>
      </object_component>
      <object_component id="oc-bf">
         <name>.debug_info</name>
         <load_address>0x7e57</load_address>
         <run_address>0x7e57</run_address>
         <size>0x108</size>
         <input_file_ref idref="fl-37"/>
      </object_component>
      <object_component id="oc-c3">
         <name>.debug_info</name>
         <load_address>0x7f5f</load_address>
         <run_address>0x7f5f</run_address>
         <size>0x7a</size>
         <input_file_ref idref="fl-38"/>
      </object_component>
      <object_component id="oc-c8">
         <name>.debug_info</name>
         <load_address>0x7fd9</load_address>
         <run_address>0x7fd9</run_address>
         <size>0x83d</size>
         <input_file_ref idref="fl-39"/>
      </object_component>
      <object_component id="oc-ce">
         <name>.debug_info</name>
         <load_address>0x8816</load_address>
         <run_address>0x8816</run_address>
         <size>0x12d</size>
         <input_file_ref idref="fl-3a"/>
      </object_component>
      <object_component id="oc-d2">
         <name>.debug_info</name>
         <load_address>0x8943</load_address>
         <run_address>0x8943</run_address>
         <size>0xbb</size>
         <input_file_ref idref="fl-3b"/>
      </object_component>
      <object_component id="oc-d8">
         <name>.debug_info</name>
         <load_address>0x89fe</load_address>
         <run_address>0x89fe</run_address>
         <size>0x406</size>
         <input_file_ref idref="fl-3c"/>
      </object_component>
      <object_component id="oc-dc">
         <name>.debug_info</name>
         <load_address>0x8e04</load_address>
         <run_address>0x8e04</run_address>
         <size>0xb3</size>
         <input_file_ref idref="fl-3d"/>
      </object_component>
      <object_component id="oc-e0">
         <name>.debug_info</name>
         <load_address>0x8eb7</load_address>
         <run_address>0x8eb7</run_address>
         <size>0x187</size>
         <input_file_ref idref="fl-3e"/>
      </object_component>
      <object_component id="oc-e4">
         <name>.debug_info</name>
         <load_address>0x903e</load_address>
         <run_address>0x903e</run_address>
         <size>0x123</size>
         <input_file_ref idref="fl-3f"/>
      </object_component>
      <object_component id="oc-ea">
         <name>.debug_info</name>
         <load_address>0x9161</load_address>
         <run_address>0x9161</run_address>
         <size>0x23d</size>
         <input_file_ref idref="fl-40"/>
      </object_component>
      <object_component id="oc-ee">
         <name>.debug_info</name>
         <load_address>0x939e</load_address>
         <run_address>0x939e</run_address>
         <size>0x11f</size>
         <input_file_ref idref="fl-41"/>
      </object_component>
      <object_component id="oc-f2">
         <name>.debug_info</name>
         <load_address>0x94bd</load_address>
         <run_address>0x94bd</run_address>
         <size>0x5d5</size>
         <input_file_ref idref="fl-42"/>
      </object_component>
      <object_component id="oc-f6">
         <name>.debug_info</name>
         <load_address>0x9a92</load_address>
         <run_address>0x9a92</run_address>
         <size>0x20b</size>
         <input_file_ref idref="fl-43"/>
      </object_component>
      <object_component id="oc-fa">
[...]
         <name>_CLK_measure</name>
         <value>0x55e0</value>
         <object_component_ref idref="oc-14c"/>
      </symbol>
      <symbol id="sm-7db">
         <name>_KNL_exit</name>
         <value>0x56ec</value>
         <object_component_ref idref="oc-150"/>
      </symbol>
      <symbol id="sm-7dc">
         <name>_KNL_enter</name>
         <value>0x56ac</value>
         <object_component_ref idref="oc-150"/>
      </symbol>
      <symbol id="sm-7e6">
         <name>_KNL_max</name>
         <value>0x542c</value>
         <object_component_ref idref="oc-154"/>
      </symbol>
      <symbol id="sm-7e7">
         <name>_KNL_check</name>
         <value>0x53b4</value>
         <object_component_ref idref="oc-154"/>
      </symbol>
      <symbol id="sm-7e8">
         <name>_KNL_idle</name>
         <value>0x540f</value>
         <object_component_ref idref="oc-154"/>
      </symbol>
      <symbol id="sm-7f4">
         <name>_KNL_maxqueue</name>
         <value>0x789c</value>
         <object_component_ref idref="oc-158"/>
      </symbol>
      <symbol id="sm-7f5">
         <name>_KNL_inactive</name>
         <value>0x7850</value>
         <object_component_ref idref="oc-158"/>
      </symbol>
      <symbol id="sm-7f6">
         <name>_KNL_tswitchfxn</name>
         <value>0x78a0</value>
         <object_component_ref idref="oc-158"/>
      </symbol>
      <symbol id="sm-7f7">
         <name>_KNL_setpri</name>
         <value>0x784c</value>
         <object_component_ref idref="oc-158"/>
      </symbol>
      <symbol id="sm-7f8">
         <name>_KNL_swiptr</name>
         <value>0x7894</value>
         <object_component_ref idref="oc-158"/>
      </symbol>
      <symbol id="sm-7f9">
         <name>_KNL_dummy</name>
         <value>0x7858</value>
         <object_component_ref idref="oc-158"/>
      </symbol>
      <symbol id="sm-7fa">
         <name>_KNL_curtask</name>
         <value>0x7888</value>
         <object_component_ref idref="oc-158"/>
      </symbol>
      <symbol id="sm-7fb">
         <name>_KNL_curqueue</name>
         <value>0x7898</value>
         <object_component_ref idref="oc-158"/>
      </symbol>
      <symbol id="sm-7fc">
         <name>_KNL_wList</name>
         <value>0x7844</value>
         <object_component_ref idref="oc-158"/>
      </symbol>
      <symbol id="sm-7fd">
         <name>_KNL_curtime</name>
         <value>0x7890</value>
         <object_component_ref idref="oc-158"/>
      </symbol>
      <symbol id="sm-7fe">
         <name>_KNL_set</name>
         <value>0x77a2</value>
         <object_component_ref idref="oc-158"/>
      </symbol>
      <symbol id="sm-7ff">
         <name>_KNL_alarm</name>
         <value>0x7848</value>
         <object_component_ref idref="oc-158"/>
      </symbol>
      <symbol id="sm-800">
         <name>_KNL_prevtask</name>
         <value>0x788c</value>
         <object_component_ref idref="oc-158"/>
      </symbol>
      <symbol id="sm-801">
         <name>_KNL_queues</name>
         <value>0x77a4</value>
         <object_component_ref idref="oc-158"/>
      </symbol>
      <symbol id="sm-802">
         <name>_KNL_idlefxn</name>
         <value>0x78b0</value>
         <object_component_ref idref="oc-158"/>
      </symbol>
      <symbol id="sm-803">
         <name>_KNL_priority</name>
         <value>0x7854</value>
         <object_component_ref idref="oc-158"/>
      </symbol>
      <symbol id="sm-804">
         <name>_KNL_treadyfxn</name>
         <value>0x78ac</value>
         <object_component_ref idref="oc-158"/>
      </symbol>
      <symbol id="sm-805">
         <name>_KNL_tcreatefxn</name>
         <value>0x78a4</value>
         <object_component_ref idref="oc-158"/>
      </symbol>
      <symbol id="sm-806">
         <name>_KNL_wFlag</name>
         <value>0x77a0</value>
         <object_component_ref idref="oc-158"/>
      </symbol>
      <symbol id="sm-807">
         <name>_KNL_tdeletefxn</name>
         <value>0x78a8</value>
         <object_component_ref idref="oc-158"/>
      </symbol>
      <symbol id="sm-811">
         <name>_KNL_run</name>
         <value>0x48a8</value>
         <object_component_ref idref="oc-15d"/>
      </symbol>
      <symbol id="sm-81f">
         <name>_KNL_tick</name>
         <value>0x4b64</value>
         <object_component_ref idref="oc-163"/>
      </symbol>
      <symbol id="sm-829">
         <name>_KNL_post</name>
         <value>0x5a40</value>
         <object_component_ref idref="oc-167"/>
      </symbol>
      <symbol id="sm-833">
         <name>_KNL_ipost</name>
         <value>0x570c</value>
         <object_component_ref idref="oc-16b"/>
      </symbol>
      <symbol id="sm-83d">
         <name>_LOG_printf</name>
         <value>0x5648</value>
         <object_component_ref idref="oc-16f"/>
      </symbol>
      <symbol id="sm-847">
         <name>_MEM</name>
         <value>0x7ae8</value>
         <object_component_ref idref="oc-173"/>
      </symbol>
      <symbol id="sm-851">
         <name>_MEM_init</name>
         <value>0xb400</value>
         <object_component_ref idref="oc-177"/>
      </symbol>
      <symbol id="sm-85f">
         <name>_OBJ_table</name>
         <value>0x79b8</value>
         <object_component_ref idref="oc-17b"/>
      </symbol>
      <symbol id="sm-860">
         <name>_OBJ_init</name>
         <value>0xb74c</value>
         <object_component_ref idref="oc-17d"/>
      </symbol>
      <symbol id="sm-861">
         <name>_OBJ_segtab</name>
         <value>0x79f0</value>
         <object_component_ref idref="oc-17b"/>
      </symbol>
      <symbol id="sm-86b">
         <name>_RTDX_Buffer_Start</name>
         <value>0xb998</value>
         <object_component_ref idref="oc-181"/>
      </symbol>
      <symbol id="sm-86c">
         <name>_RTDX_Buffer_End</name>
         <value>0xb99c</value>
         <object_component_ref idref="oc-181"/>
      </symbol>
      <symbol id="sm-872">
         <name>_RTDX_Buffer_ReadCB</name>
         <value>0xa0ce</value>
         <object_component_ref idref="oc-216"/>
      </symbol>
      <symbol id="sm-873">
         <name>_RTDX_Buffer_Read</name>
         <value>0xa1ba</value>
         <object_component_ref idref="oc-20d"/>
      </symbol>
      <symbol id="sm-88b">
         <name>_rtdx_buffer_state</name>
         <value>0xb978</value>
         <object_component_ref idref="oc-187"/>
      </symbol>
      <symbol id="sm-88c">
         <name>_RTDX_Buffer_WriteCB</name>
         <value>0x9acf</value>
         <object_component_ref idref="oc-217"/>
      </symbol>
      <symbol id="sm-88d">
         <name>_rtdxNullChanCnt</name>
         <value>0x7ac0</value>
         <object_component_ref idref="oc-185"/>
      </symbol>
      <symbol id="sm-88e">
         <name>_RTDX_writing</name>
         <value>0xb984</value>
         <object_component_ref idref="oc-187"/>
      </symbol>
      <symbol id="sm-88f">
         <name>_RTDX_Buffer_Initialize</name>
         <value>0xa07b</value>
         <object_component_ref idref="oc-20f"/>
      </symbol>
      <symbol id="sm-890">
         <name>_RTDX_Buffer_Write</name>
         <value>0xa1fa</value>
         <object_component_ref idref="oc-20e"/>
      </symbol>
      <symbol id="sm-891">
         <name>_rtdxNullFuncCnt</name>
         <value>0x7ac2</value>
         <object_component_ref idref="oc-185"/>
      </symbol>
      <symbol id="sm-892">
         <name>_RTDX_Buffer_Size</name>
         <value>0xa155</value>
         <object_component_ref idref="oc-21a"/>
      </symbol>
      <symbol id="sm-8ac">
         <name>_RTDX_LMM</name>
         <value>0x1</value>
      </symbol>
      <symbol id="sm-8ad">
         <name>_RTDX_Mon_Queue</name>
         <value>0x9f8e</value>
         <object_component_ref idref="oc-21d"/>
      </symbol>
      <symbol id="sm-8ae">
         <name>_rtdx_mon_state</name>
         <value>0xb954</value>
         <object_component_ref idref="oc-18a"/>
      </symbol>
      <symbol id="sm-8af">
         <name>_RTDX_JTAGONLY</name>
         <value>0x3</value>
      </symbol>
      <symbol id="sm-8b0">
         <name>_RTDX_Final_RT_Monitor</name>
         <value>0xa119</value>
         <object_component_ref idref="oc-219"/>
      </symbol>
      <symbol id="sm-8b1">
         <name>_RTDX_Poll</name>
         <value>0x9d5a</value>
         <object_component_ref idref="oc-20b"/>
      </symbol>
      <symbol id="sm-8b2">
         <name>_RTDX_H2TPoll</name>
         <value>0xa016</value>
         <object_component_ref idref="oc-20c"/>
      </symbol>
      <symbol id="sm-8b3">
         <name>_RTDX_Init_RT_Monitor</name>
         <value>0x9c4b</value>
         <object_component_ref idref="oc-210"/>
      </symbol>
      <symbol id="sm-8b9">
         <name>_RTDX_Set_IER</name>
         <value>0xa1dc</value>
         <object_component_ref idref="oc-215"/>
      </symbol>
      <symbol id="sm-8ba">
         <name>_RTDX_Mask_IER</name>
         <value>0xa190</value>
         <object_component_ref idref="oc-211"/>
      </symbol>
      <symbol id="sm-906">
         <name>_SAR_chanSetup</name>
         <value>0xf62</value>
         <object_component_ref idref="oc-18d"/>
      </symbol>
      <symbol id="sm-907">
         <name>_SAR_stopConversion</name>
         <value>0x11f7</value>
         <object_component_ref idref="oc-18d"/>
      </symbol>
      <symbol id="sm-908">
         <name>_SAR_deInit</name>
         <value>0xd59</value>
         <object_component_ref idref="oc-18d"/>
      </symbol>
      <symbol id="sm-909">
         <name>_SAR_chanOpen</name>
         <value>0xd94</value>
         <object_component_ref idref="oc-18d"/>
      </symbol>
      <symbol id="sm-90a">
         <name>_SAR_GPODirSet</name>
         <value>0x16f9</value>
         <object_component_ref idref="oc-18d"/>
      </symbol>
      <symbol id="sm-90b">
         <name>_SAR_init</name>
         <value>0xcfc</value>
         <object_component_ref idref="oc-18d"/>
      </symbol>
      <symbol id="sm-90c">
         <name>_SAR_getStatus</name>
         <value>0x17d5</value>
         <object_component_ref idref="oc-18d"/>
      </symbol>
      <symbol id="sm-90d">
         <name>_SAR_readData</name>
         <value>0x123e</value>
         <object_component_ref idref="oc-18d"/>
      </symbol>
      <symbol id="sm-90e">
         <name>_SAR_chanConfig</name>
         <value>0xe7a</value>
         <object_component_ref idref="oc-18d"/>
      </symbol>
      <symbol id="sm-90f">
         <name>_SAR_A2DMeasParamSet</name>
         <value>0x127f</value>
         <object_component_ref idref="oc-18d"/>
      </symbol>
      <symbol id="sm-910">
         <name>_SAR_chanClose</name>
         <value>0xdf6</value>
         <object_component_ref idref="oc-18d"/>
      </symbol>
      <symbol id="sm-911">
         <name>_SAR_chanCycSet</name>
         <value>0x1176</value>
         <object_component_ref idref="oc-18d"/>
      </symbol>
      <symbol id="sm-912">
         <name>_SAR_getConfig</name>
         <value>0xef0</value>
         <object_component_ref idref="oc-18d"/>
      </symbol>
      <symbol id="sm-913">
         <name>_SAR_startConversion</name>
         <value>0x11c5</value>
         <object_component_ref idref="oc-18d"/>
      </symbol>
      <symbol id="sm-914">
         <name>_SAR_chanInit</name>
         <value>0xd79</value>
         <object_component_ref idref="oc-18d"/>
      </symbol>
      <symbol id="sm-91e">
         <name>_STS_set</name>
         <value>0x5ba0</value>
         <object_component_ref idref="oc-192"/>
      </symbol>
      <symbol id="sm-928">
         <name>_SWI_disable</name>
         <value>0x5b8f</value>
         <object_component_ref idref="oc-196"/>
      </symbol>
      <symbol id="sm-936">
         <name>_TSK_nTasks</name>
         <value>0x78b4</value>
         <object_component_ref idref="oc-19a"/>
      </symbol>
      <symbol id="sm-937">
         <name>_TSK_config</name>
         <value>0x78d4</value>
         <object_component_ref idref="oc-19a"/>
      </symbol>
      <symbol id="sm-938">
         <name>_TSK</name>
         <value>0x78f0</value>
         <object_component_ref idref="oc-19a"/>
      </symbol>
      <symbol id="sm-939">
         <name>_TSK_timerSem</name>
         <value>0x78f4</value>
         <object_component_ref idref="oc-19a"/>
      </symbol>
      <symbol id="sm-93a">
         <name>_TSK_pid</name>
         <value>0x78b6</value>
         <object_component_ref idref="oc-19a"/>
      </symbol>
      <symbol id="sm-93b">
         <name>_TSK_ATTRS</name>
         <value>0x78b8</value>
         <object_component_ref idref="oc-19a"/>
      </symbol>
      <symbol id="sm-945">
         <name>_TSK_exit</name>
         <value>0x4fd0</value>
         <object_component_ref idref="oc-1a0"/>
      </symbol>
      <symbol id="sm-94f">
         <name>_SYS_exit</name>
         <value>0x58f0</value>
         <object_component_ref idref="oc-1a4"/>
      </symbol>
      <symbol id="sm-95b">
         <name>_SYS_exitStack</name>
         <value>0x7a00</value>
         <object_component_ref idref="oc-1a8"/>
      </symbol>
      <symbol id="sm-95c">
         <name>_SYS_exitStackPtr</name>
         <value>0x7a20</value>
         <object_component_ref idref="oc-1a8"/>
      </symbol>
      <symbol id="sm-95d">
         <name>_SYS_exitStackTop</name>
         <value>0x7a24</value>
         <object_component_ref idref="oc-1a8"/>
      </symbol>
      <symbol id="sm-967">
         <name>_TSK_init</name>
         <value>0xb5e8</value>
         <object_component_ref idref="oc-1ad"/>
      </symbol>
      <symbol id="sm-971">
         <name>_TSK_setup</name>
         <value>0x50c8</value>
         <object_component_ref idref="oc-1b1"/>
      </symbol>
      <symbol id="sm-983">
         <name>__MEM_mutex</name>
         <value>0x7990</value>
         <object_component_ref idref="oc-1b6"/>
      </symbol>
      <symbol id="sm-984">
         <name>_TSK_startup</name>
         <value>0x521c</value>
         <object_component_ref idref="oc-1b8"/>
      </symbol>
      <symbol id="sm-985">
         <name>__TSK_mutex</name>
         <value>0x7968</value>
         <object_component_ref idref="oc-1b6"/>
      </symbol>
      <symbol id="sm-98f">
         <name>_LCK_pend</name>
         <value>0x5788</value>
         <object_component_ref idref="oc-1bd"/>
      </symbol>
      <symbol id="sm-990">
         <name>_LCK_post</name>
         <value>0x5768</value>
         <object_component_ref idref="oc-1bd"/>
      </symbol>
      <symbol id="sm-99a">
         <name>_SEM_pend</name>
         <value>0x5811</value>
         <object_component_ref idref="oc-1c1"/>
      </symbol>
      <symbol id="sm-9a4">
         <name>_SEM_pendEnterKnl</name>
         <value>0x4594</value>
         <object_component_ref idref="oc-1c5"/>
      </symbol>
      <symbol id="sm-9ae">
         <name>_SEM_postBinary</name>
         <value>0x555b</value>
         <object_component_ref idref="oc-1c9"/>
      </symbol>
      <symbol id="sm-9af">
         <name>_SEM_post</name>
         <value>0x555b</value>
         <object_component_ref idref="oc-1c9"/>
      </symbol>
      <symbol id="sm-9b9">
         <name>_SEM_postEnterKnl</name>
         <value>0x5860</value>
         <object_component_ref idref="oc-1cd"/>
      </symbol>
      <symbol id="sm-9c3">
         <name>_SYS_abort</name>
         <value>0x5b6c</value>
         <object_component_ref idref="oc-1d1"/>
      </symbol>
      <symbol id="sm-9cd">
         <name>__SEM_dopost</name>
         <value>0x4ecc</value>
         <object_component_ref idref="oc-1d5"/>
      </symbol>
      <symbol id="sm-9d8">
         <name>__divul</name>
         <value>0x34e1</value>
         <object_component_ref idref="oc-1d9"/>
      </symbol>
      <symbol id="sm-9e0">
         <name>__mpyli</name>
         <value>0x3a8f</value>
         <object_component_ref idref="oc-1dd"/>
      </symbol>
      <symbol id="sm-9e1">
         <name>I$$LMPY</name>
         <value>0x3a8f</value>
         <object_component_ref idref="oc-1dd"/>
      </symbol>
      <symbol id="sm-9ef">
         <name>__unlock</name>
         <value>0x7ad8</value>
         <object_component_ref idref="oc-1e2"/>
      </symbol>
      <symbol id="sm-9f0">
         <name>__lock</name>
         <value>0x7ad4</value>
         <object_component_ref idref="oc-1e2"/>
      </symbol>
      <symbol id="sm-9f1">
         <name>__register_lock</name>
         <value>0x3aaa</value>
         <object_component_ref idref="oc-1e1"/>
      </symbol>
      <symbol id="sm-9f2">
         <name>__nop</name>
         <value>0x3ab2</value>
         <object_component_ref idref="oc-1e1"/>
      </symbol>
      <symbol id="sm-9f3">
         <name>__register_unlock</name>
         <value>0x3aa2</value>
         <object_component_ref idref="oc-1e1"/>
      </symbol>
      <symbol id="sm-9fe">
         <name>__remul</name>
         <value>0x3798</value>
         <object_component_ref idref="oc-1e7"/>
      </symbol>
      <symbol id="sm-a0c">
         <name>_atexit</name>
         <value>0x380a</value>
         <object_component_ref idref="oc-1eb"/>
      </symbol>
      <symbol id="sm-a0d">
         <name>___atexit_func_id__</name>
         <value>0x761c</value>
         <object_component_ref idref="oc-1ec"/>
      </symbol>
      <symbol id="sm-a1b">
         <name>_dtors</name>
         <value>0x7af0</value>
         <object_component_ref idref="oc-1f2"/>
      </symbol>
      <symbol id="sm-a1c">
         <name>_call_dtors</name>
         <value>0x3723</value>
         <object_component_ref idref="oc-1f1"/>
      </symbol>
      <symbol id="sm-a1d">
         <name>___add_dtor</name>
         <value>0x3779</value>
         <object_component_ref idref="oc-1f1"/>
      </symbol>
      <symbol id="sm-a2d">
         <name>C$$EXIT</name>
         <value>0x3ab5</value>
         <object_component_ref idref="oc-1fb"/>
      </symbol>
      <symbol id="sm-a2e">
         <name>_exit</name>
         <value>0x3a16</value>
         <object_component_ref idref="oc-1f7"/>
      </symbol>
      <symbol id="sm-a2f">
         <name>_abort</name>
         <value>0x3ab4</value>
         <object_component_ref idref="oc-1fb"/>
      </symbol>
      <symbol id="sm-a30">
         <name>__cleanup_ptr</name>
         <value>0x7adc</value>
         <object_component_ref idref="oc-1f8"/>
      </symbol>
      <symbol id="sm-a31">
         <name>__dtors_ptr</name>
         <value>0x7ae0</value>
         <object_component_ref idref="oc-1f8"/>
      </symbol>
      <symbol id="sm-a3b">
         <name>_auto_init</name>
         <value>0xb66c</value>
         <object_component_ref idref="oc-1fe"/>
      </symbol>
      <symbol id="sm-a43">
         <name>_memcpy</name>
         <value>0x39d7</value>
         <object_component_ref idref="oc-202"/>
      </symbol>
      <symbol id="sm-a4d">
         <name>iRTA_F_or</name>
         <value>0x59f2</value>
         <object_component_ref idref="oc-206"/>
      </symbol>
      <symbol id="sm-a4e">
         <name>RTA_F_or</name>
         <value>0x59db</value>
         <object_component_ref idref="oc-206"/>
      </symbol>
      <symbol id="sm-a4f">
         <name>RTA_F_andn</name>
         <value>0x59c5</value>
         <object_component_ref idref="oc-206"/>
      </symbol>
   </symbol_table>
</link_info>
