******************************************************************************
              TMS320C55x Linker PC v4.4.1                      
******************************************************************************
>> Linked Fri Apr 13 00:19:22 2018

OUTPUT FILE NAME:   <Final-Project.out>
ENTRY POINT SYMBOL: "_c_int00"  address: 00021e51


MEMORY CONFIGURATION

         name            origin    length      used     unused   attr    fill
                        (bytes)   (bytes)    (bytes)   (bytes)
----------------------  --------  ---------  --------  --------  ----  --------
PAGE 0:
  MMR                   00000000   000000c0  00000000  000000c0  RWIX
  DARAM0                000000c0   0000ff40  0000d36a  00002bd6  RWIX
  SARAM0                00010000   00010000  00000000  00010000  RWIX
  SARAM1                00020000   00020000  00001f7b  0001e085  RWIX
  SARAM2                00040000   0000fe00  000002f2  0000fb0e  RWIX
  VECS                  0004fe00   00000200  00000100  00000100  RWIX
  PDROM                 00ff8000   00008000  00000000  00008000  R IX

PAGE 2:
  IOPORT                00000000   00020000  00000000  00020000  RWI 


SECTION ALLOCATION MAP
(Addresses surrounded by []'s are displayed for convenience only!)

output                                                          attributes/
section   page  orgn(bytes) orgn(words) len(bytes) len(words)   input sections
--------  ----  ----------- ----------- ---------- ----------   --------------
.pinit       0   [ 00040000 ]  00020000          *   00000000   UNINITIALIZED

.stack       0   [ 000000c0 ]  00000060          *   00001000   UNINITIALIZED
                 [ 000000c0 ]  00000060          *   00001000   --HOLE--

.data        0   [ 000000c0 ]  00000060          *   00000000   UNINITIALIZED

.sysstack 
*            0   [ 000020c0 ]  00001060          *   00000800   UNINITIALIZED
                 [ 000020c0 ]  00001060          *   00000800   --HOLE--

.const       0   [ 000030c0 ]  00001860          *   0000405c   
                 [ 000030c0 ]  00001860          *   00004000   myFFT.obj (.const:_W)
                 [ 0000b0c0 ]  00005860          *   0000001c   rts55x.lib : pow.obj (.const)
                 [ 0000b0f8 ]  0000587c          *   0000000a              : ldexp.obj (.const)
                 [ 0000b10c ]  00005886          *   0000000a              : log.obj (.const)
                 [ 0000b120 ]  00005890          *   00000008              : divd.obj (.const:_initial_approx$1)
                 [ 0000b130 ]  00005898          *   00000008              : frexp.obj (.const)
                 [ 0000b140 ]  000058a0          *   00000008              : round.obj (.const)
                 [ 0000b150 ]  000058a8          *   00000006              : modf.obj (.const)
                 [ 0000b15c ]  000058ae          *   00000004              : log2.obj (.const)
                 [ 0000b164 ]  000058b2          *   00000004              : trunc.obj (.const)
                 [ 0000b16c ]  000058b6          *   00000002   myFFT.obj (.const)
                 [ 0000b170 ]  000058b8          *   00000002   rts55x.lib : fltlid.obj (.const)
                 [ 0000b174 ]  000058ba          *   00000002              : fltuld.obj (.const)

.sysmem      0   [ 0000b178 ]  000058bc          *   00001000   UNINITIALIZED
                 [ 0000b178 ]  000058bc          *   00001000   --HOLE--

.bss         0   [ 0000d178 ]  000068bc          *   00000159   UNINITIALIZED
                 [ 0000d178 ]  000068bc          *   00000100   main.obj (.bss)
                 [ 0000d378 ]  000069bc          *   0000003a   rts55x.lib : pow.obj (.bss)
                 [ 0000d3ec ]  000069f6          *   00000010              : log.obj (.bss)
                 [ 0000d40c ]  00006a06          *   00000006              : memory.obj (.bss)
                 [ 0000d418 ]  00006a0c          *   00000004              : _lock.obj (.bss)
                 [ 0000d420 ]  00006a10          *   00000004              : exit.obj (.bss)
                 [ 0000d428 ]  00006a14          *   00000001              : errno.obj (.bss)

.text        0     00020000  [ 00010000 ] 00001f7b          *   
                   00020000  [ 00010000 ] 000005a6          *   rts55x.lib : pow.obj (.text)
                   000205a6  [ 000102d3 ] 000004b5          *              : memory.obj (.text)
                   00020a5b  [ 0001052d+] 000003cc          *              : divd.obj (.text)
                   00020e27  [ 00010713+] 000002b0          *   myFFT.obj (.text)
                   000210d7  [ 0001086b+] 0000025a          *   rts55x.lib : addd.obj (.text)
                   00021331  [ 00010998+] 000001ea          *              : cmpd.obj (.text)
                   0002151b  [ 00010a8d+] 0000014c          *              : mpyd.obj (.text)
                   00021667  [ 00010b33+] 000000f2          *              : ldexp.obj (.text)
                   00021759  [ 00010bac+] 000000eb          *              : log.obj (.text)
                   00021844  [ 00010c22 ] 000000cc          *              : frexp.obj (.text)
                   00021910  [ 00010c88 ] 000000bf          *              : modf.obj (.text)
                   000219cf  [ 00010ce7+] 00000077          *              : fixdul.obj (.text)
                   00021a46  [ 00010d23 ] 00000076          *              : frcmpyd.obj (.text)
                   00021abc  [ 00010d5e ] 00000073          *              : frcmpyd_div.obj (.text)
                   00021b2f  [ 00010d97+] 0000006f          *              : fixdli.obj (.text)
                   00021b9e  [ 00010dcf ] 00000067          *              : fltlid.obj (.text)
                   00021c05  [ 00010e02+] 0000005f          *              : round.obj (.text)
                   00021c64  [ 00010e32 ] 0000005b          *              : fltuld.obj (.text)
                   00021cbf  [ 00010e5f+] 0000004d          *              : autoinit.obj (.text)
                   00021d0c  [ 00010e86 ] 0000004b          *              : args_main.obj (.text)
                   00021d57  [ 00010eab+] 00000041          *              : trunc.obj (.text)
                   00021d98  [ 00010ecc ] 0000003f          *              : memcpy.obj (.text)
                   00021dd7  [ 00010eeb+] 0000003e          *              : exit.obj (.text)
                   00021e15  [ 00010f0a+] 0000003c          *              : idiv.obj (.text)
                   00021e51  [ 00010f28+] 00000034          *              : boot.obj (.text)
                   00021e85  [ 00010f42+] 0000002e          *              : log2.obj (.text)
                   00021eb3  [ 00010f59+] 0000002a          *              : fixdi.obj (.text)
                   00021edd  [ 00010f6e+] 0000001b          *              : fixdu.obj (.text)
                   00021ef8  [ 00010f7c ] 00000016          *   main.obj (.text)
                   00021f0e  [ 00010f87 ] 00000014          *   rts55x.lib : subd.obj (.text)
                   00021f22  [ 00010f91 ] 00000013          *              : lmpy.obj (.text)
                   00021f35  [ 00010f9a+] 00000012          *              : _lock.obj (.text)
                   00021f47  [ 00010fa3+] 00000010          *              : negd.obj (.text)
                   00021f57  [ 00010fab+] 0000000e          *              : fltud.obj (.text)
                   00021f65  [ 00010fb2+] 0000000c          *              : fltid.obj (.text)
                   00021f71  [ 00010fb8+] 00000007          *              : exit.obj (.text:CIO_breakpoint)
                   00021f78  [ 00010fbc ] 00000002          *              : vectors.obj (.text)
                   00021f7a  [ 00010fbd ] 00000001          *   --HOLE-- [fill = 20]

.cinit       0   [ 00040000 ]  00020000          *   00000179   
                 [ 00040000 ]  00020000          *   00000103   main.obj (.cinit)
                 [ 00040206 ]  00020103          *   00000046   rts55x.lib : pow.obj (.cinit)
                 [ 00040292 ]  00020149          *   00000013              : log.obj (.cinit)
                 [ 000402b8 ]  0002015c          *   0000000a              : _lock.obj (.cinit)
                 [ 000402cc ]  00020166          *   0000000a              : exit.obj (.cinit)
                 [ 000402e0 ]  00020170          *   00000004              : errno.obj (.cinit)
                 [ 000402e8 ]  00020174          *   00000004              : memory.obj (.cinit)
                 [ 000402f0 ]  00020178          *   00000001   --HOLE-- [fill = 0]

vectors      0     0004fe00  [ 00027f00 ] 00000100          *   
                   0004fe00  [ 00027f00 ] 00000100          *   rts55x.lib : vectors.obj (vectors)


GLOBAL SYMBOLS: SORTED ALPHABETICALLY BY Name 

abs. value/
byte addr   word addr   name
---------   ---------   ----
00000002                $TI_capability$C5500$CallingConvention
00000002                $TI_capability$C5500$MemoryModel
00000001                $TI_capability_requires_rev3
ffffffff                .bss
ffffffff                .data
ffffffff                .text
00021f72                C$$EXIT
00021e15                I$$DIV
00021f22                I$$LMPY
00021e34                I$$MOD
0004fe00                _Reset
            00001860    _W
            00001060    __STACK_END
00002000                __STACK_SIZE
00002000                __SYSMEM_SIZE
00001000                __SYSSTACK_SIZE
00000001                __TI_args_main
ffffffff                ___binit__
ffffffff                ___bss__
ffffffff                ___c_args__
            00020000    ___cinit__
ffffffff                ___data__
ffffffff                ___edata__
ffffffff                ___end__
ffffffff                ___etext__
ffffffff                ___pinit__
ffffffff                ___text__
000210d7                __addd
00021d0c                __args_main
            00006a10    __cleanup_ptr
000214c3                __cmpd
00020a5b                __divd
00021e15                __divi
            00006a12    __dtors_ptr
0002148f                __eqld
00021eb3                __fixdi
00021b2f                __fixdli
00021edd                __fixdu
000219cf                __fixdul
00021f65                __fltid
00021b9e                __fltlid
00021f57                __fltud
00021c64                __fltuld
00021a46                __frcmpyd
00021abc                __frcmpyd_div
00021445                __geqd
000213fa                __gtrd
000213ad                __leqd
            00006a0c    __lock
00021365                __lssd
0002151b                __mpyd
00021f22                __mpyli
00021f47                __negd
00021331                __neqd
00021f45                __nop
00021c05                __nround
00021f3d                __register_lock
00021f35                __register_unlock
00021e34                __remi
            00000060    __stack
00021f0e                __subd
            000058bc    __sys_memory
            00001060    __sysstack
00021d57                __trunc
            00006a0e    __unlock
00021f71                _abort
00021cbf                _auto_init
0002108f                _bitReversal
00021e51                _c_int00
00020a35                _calloc
00020a2d                _chkheap
            00006a14    _errno
00021dd7                _exit
000205a6                _free
000209d7                _free_memory
00021844                _frexp
00021667                _ldexp
00021759                _log
00021e85                _log2
00021ef8                _main
000206d7                _malloc
0002097d                _max_free
00021d98                _memcpy
00020672                _minit
00021910                _modf
00020e27                _myFFT
00020000                _pow
000207cc                _realloc
            000068bc    _test
ffffffff                binit
            00020000    cinit
ffffffff                edata
ffffffff                end
ffffffff                etext
ffffffff                pinit


GLOBAL SYMBOLS: SORTED BY Symbol Address 

abs. value/
byte addr   word addr   name
---------   ---------   ----
00000001                $TI_capability_requires_rev3
00000001                __TI_args_main
00000002                $TI_capability$C5500$CallingConvention
00000002                $TI_capability$C5500$MemoryModel
            00000060    __stack
00001000                __SYSSTACK_SIZE
00002000                __STACK_SIZE
00002000                __SYSMEM_SIZE
            00001060    __STACK_END
            00001060    __sysstack
            00001860    _W
            000058bc    __sys_memory
            000068bc    _test
            00006a0c    __lock
            00006a0e    __unlock
            00006a10    __cleanup_ptr
            00006a12    __dtors_ptr
            00006a14    _errno
00020000                _pow
000205a6                _free
00020672                _minit
000206d7                _malloc
000207cc                _realloc
0002097d                _max_free
000209d7                _free_memory
00020a2d                _chkheap
00020a35                _calloc
00020a5b                __divd
00020e27                _myFFT
0002108f                _bitReversal
000210d7                __addd
00021331                __neqd
00021365                __lssd
000213ad                __leqd
000213fa                __gtrd
00021445                __geqd
0002148f                __eqld
000214c3                __cmpd
0002151b                __mpyd
00021667                _ldexp
00021759                _log
00021844                _frexp
00021910                _modf
000219cf                __fixdul
00021a46                __frcmpyd
00021abc                __frcmpyd_div
00021b2f                __fixdli
00021b9e                __fltlid
00021c05                __nround
00021c64                __fltuld
00021cbf                _auto_init
00021d0c                __args_main
00021d57                __trunc
00021d98                _memcpy
00021dd7                _exit
00021e15                I$$DIV
00021e15                __divi
00021e34                I$$MOD
00021e34                __remi
00021e51                _c_int00
00021e85                _log2
00021eb3                __fixdi
00021edd                __fixdu
00021ef8                _main
00021f0e                __subd
00021f22                I$$LMPY
00021f22                __mpyli
00021f35                __register_unlock
00021f3d                __register_lock
00021f45                __nop
00021f47                __negd
00021f57                __fltud
00021f65                __fltid
00021f71                _abort
00021f72                C$$EXIT
            00020000    ___cinit__
            00020000    cinit
0004fe00                _Reset
ffffffff                .bss
ffffffff                .data
ffffffff                .text
ffffffff                ___binit__
ffffffff                ___bss__
ffffffff                ___c_args__
ffffffff                ___data__
ffffffff                ___edata__
ffffffff                ___end__
ffffffff                ___etext__
ffffffff                ___pinit__
ffffffff                ___text__
ffffffff                binit
ffffffff                edata
ffffffff                end
ffffffff                etext
ffffffff                pinit

[95 symbols]
